backend pmem (MAP_SYNC + CLWB/SFENCE)
directory /mnt/pmem0/clwb
writeback CLFLUSHOPT, CPUID selects CLWB
region 256 blocks of 4096 bytes, rounds 20
segment span 32512 integers, capacity 167 segments, live segments 2
steps per round: warmup 8, measured 159
primes below 5429504: 376256 (reference sieve agrees)
steps measured 3180
tsc cycles per microsecond 3417
wall ns per step 166737
step ns: mean 166748
step ns: min 149933 median 164328 p90 180171
step ns: p99 191378 max 216036
phase compute ns per step 151291
phase alloc ns per step 3536
phase bitmap ns per step 6170
phase publish ns per step 2334
phase retire ns per step 3410
boundaries per step x1000 4000
prepare calls per step x1000 0
clwb lines per step x1000 94584
minor faults per step x1000 2143
OK
