backend direct (pwrite + O_DIRECT + fdatasync) on a file
directory /home/sean-tan/research/wizard-engine-PRs/bin/pwsieve-bench-block
region 256 blocks of 4096 bytes, rounds 20
segment span 32512 integers, capacity 167 segments, live segments 2
steps per round: warmup 8, measured 159
primes below 5429504: 376256 (reference sieve agrees)
steps measured 3180
tsc cycles per microsecond 3417
wall ns per step 1125445
step ns: mean 1125589
step ns: min 1070340 median 1121253 p90 1131749
step ns: p99 1376559 max 7588671
phase compute ns per step 155282
phase alloc ns per step 245638
phase bitmap ns per step 256684
phase publish ns per step 233794
phase retire ns per step 234182
boundaries per step x1000 4000
prepare calls per step x1000 11666
clwb lines per step x1000 0
minor faults per step x1000 2142
OK
