backend file (mmap + msync/fdatasync)
directory /mnt/pmem0/clwb
region 256 blocks of 4096 bytes, rounds 20
segment span 32512 integers, capacity 167 segments, live segments 2
steps per round: warmup 8, measured 159
primes below 5429504: 376256 (reference sieve agrees)
steps measured 3180
tsc cycles per microsecond 3417
wall ns per step 181640
step ns: mean 181649
step ns: min 161098 median 179371 p90 195077
step ns: p99 207107 max 243979
phase compute ns per step 153774
phase alloc ns per step 8309
phase bitmap ns per step 6552
phase publish ns per step 5276
phase retire ns per step 7730
boundaries per step x1000 4000
prepare calls per step x1000 11666
clwb lines per step x1000 0
minor faults per step x1000 12807
OK
