backend pmem (MAP_SYNC + CLWB/SFENCE)
directory /mnt/pmem0/clwb
writeback auto (production CPUID selection), CPUID selects CLWB
region 256 blocks of 4096 bytes, rounds 20
segment span 32512 integers, capacity 167 segments, live segments 2
steps per round: warmup 8, measured 159
primes below 5429504: 376256 (reference sieve agrees)
steps measured 3180
tsc cycles per microsecond 3417
wall ns per step 166759
step ns: mean 166768
step ns: min 147434 median 164656 p90 179929
step ns: p99 191793 max 210371
phase compute ns per step 151620
phase alloc ns per step 3409
phase bitmap ns per step 6212
phase publish ns per step 2329
phase retire ns per step 3190
boundaries per step x1000 4000
prepare calls per step x1000 0
clwb lines per step x1000 94584
minor faults per step x1000 2141
OK
