backend direct (pwrite + O_DIRECT + fdatasync) on a file
directory /home/sean-tan/research/wizard-engine-PRs/bin/pwsieve-bench-block
region 256 blocks of 4096 bytes, rounds 20
segment span 32512 integers, capacity 167 segments, live segments 2
steps per round: warmup 8, measured 159
primes below 5429504: 376256 (reference sieve agrees)
steps measured 3180
tsc cycles per microsecond 3417
wall ns per step 1521872
step ns: mean 1522046
step ns: min 1093618 median 1555073 p90 1632409
step ns: p99 1886535 max 8103151
phase compute ns per step 461951
phase alloc ns per step 272007
phase bitmap ns per step 282429
phase publish ns per step 248046
phase retire ns per step 257590
boundaries per step x1000 4000
prepare calls per step x1000 11666
clwb lines per step x1000 0
minor faults per step x1000 2142
OK
