backend file (mmap + msync/fdatasync)
directory /home/sean-tan/research/wizard-engine-PRs/bin/pwsieve-bench-block
region 256 blocks of 4096 bytes, rounds 20
segment span 32512 integers, capacity 167 segments, live segments 2
steps per round: warmup 8, measured 159
primes below 5429504: 376256 (reference sieve agrees)
steps measured 3180
tsc cycles per microsecond 3417
wall ns per step 1558022
step ns: mean 1558197
step ns: min 1068796 median 1605191 p90 1680608
step ns: p99 1879776 max 7973233
phase compute ns per step 516707
phase alloc ns per step 268835
phase bitmap ns per step 254995
phase publish ns per step 258286
phase retire ns per step 259349
boundaries per step x1000 4000
prepare calls per step x1000 11666
clwb lines per step x1000 0
minor faults per step x1000 12808
OK
