backend pmem (MAP_SYNC + CLWB/SFENCE)
region file /mnt/pmem0.0/sean/wizard-pwbench-u7599095-p138426-0.region
writeback none -- no writeback, timing only, the region is NOT durable, CPUID selects CLWB
region 512 blocks of 2048 bytes, scratch 1 blocks
entry stride 64 bytes
apply batch
commits measured 20000, entries per commit 24
persist boundaries 20000, prepare calls 760000
boundaries per commit x1000 1000, clwb lines 760000
tsc cycles per microsecond 2294
boundary cycles: min 22 median 26 p90 38
boundary cycles: p99 54 max 138
boundary ns: min 9 median 11 p90 16
boundary ns: p99 23 max 60
total boundary cycles 570158
total prepare cycles 16829762
measured wall ns 421334483, boundary share x1000 18
wall ns per commit 21066
minor faults 4767 during the measured commits
OK timing-only: writeback=none, the region was never durable
