backend pmem (MAP_SYNC + CLWB/SFENCE)
region file /mnt/pmem0.0/sean/wizard-pwbench-u7599095-p137723-0.region
writeback none -- no writeback, timing only, the region is NOT durable, CPUID selects CLWB
region 512 blocks of 2048 bytes, scratch 1 blocks
entry stride 8 bytes
apply batch
commits measured 20000, entries per commit 1
persist boundaries 20000, prepare calls 80000
boundaries per commit x1000 1000, clwb lines 80000
tsc cycles per microsecond 2294
boundary cycles: min 22 median 28 p90 32
boundary cycles: p99 44 max 56
boundary ns: min 9 median 12 p90 13
boundary ns: p99 19 max 24
total boundary cycles 569322
total prepare cycles 1893958
measured wall ns 77227585, boundary share x1000 13
wall ns per commit 3861
minor faults 275 during the measured commits
OK timing-only: writeback=none, the region was never durable
