backend pmem (MAP_SYNC + CLWB/SFENCE)
region file /mnt/pmem0.0/sean/wizard-pwbench-u7599095-p140018-0.region
writeback auto (production CPUID selection), CPUID selects CLWB
region 512 blocks of 2048 bytes, scratch 1 blocks
entry stride 64 bytes
apply entry
commits measured 120000, entries per commit 24
persist boundaries 120000, prepare calls 4560000
boundaries per commit x1000 1000, clwb lines 4560000
tsc cycles per microsecond 2294
boundary cycles: min 22 median 26 p90 28
boundary cycles: p99 32 max 3326
boundary ns: min 9 median 11 p90 12
boundary ns: p99 13 max 1449
total boundary cycles 3087608
total prepare cycles 343849670
measured wall ns 2729740052, boundary share x1000 55
wall ns per commit 22747
minor faults 28680 during the measured commits
OK
