backend pmem (MAP_SYNC + CLWB/SFENCE)
region file /mnt/pmem0.0/sean/wizard-pwbench-u7599095-p139265-0.region
writeback auto (production CPUID selection), CPUID selects CLWB
region 512 blocks of 2048 bytes, scratch 1 blocks
entry stride 8 bytes
apply batch
commits measured 20000, entries per commit 1
persist boundaries 20000, prepare calls 80000
boundaries per commit x1000 1000, clwb lines 80000
tsc cycles per microsecond 2294
boundary cycles: min 22 median 28 p90 30
boundary cycles: p99 32 max 56
boundary ns: min 9 median 12 p90 13
boundary ns: p99 13 max 24
total boundary cycles 561274
total prepare cycles 14707248
measured wall ns 90125963, boundary share x1000 73
wall ns per commit 4506
minor faults 275 during the measured commits
OK
