backend pmem (MAP_SYNC + CLWB/SFENCE)
region file /mnt/pmem0.0/sean/wizard-pwbench-u7599095-p138477-0.region
writeback auto (production CPUID selection), CPUID selects CLWB
region 512 blocks of 2048 bytes, scratch 1 blocks
entry stride 8 bytes
apply batch
commits measured 120000, entries per commit 1
persist boundaries 120000, prepare calls 480000
boundaries per commit x1000 1000, clwb lines 480000
tsc cycles per microsecond 2294
boundary cycles: min 22 median 28 p90 30
boundary cycles: p99 32 max 3638
boundary ns: min 9 median 12 p90 13
boundary ns: p99 13 max 1585
total boundary cycles 3384036
total prepare cycles 84608288
measured wall ns 536213904, boundary share x1000 71
wall ns per commit 4468
minor faults 1727 during the measured commits
OK
