backend pmem (MAP_SYNC + CLWB/SFENCE)
region file /mnt/pmem0.0/sean/wizard-pwbench-u7599095-p140052-0.region
writeback none -- no writeback, timing only, the region is NOT durable, CPUID selects CLWB
region 512 blocks of 2048 bytes, scratch 1 blocks
entry stride 64 bytes
apply batch
commits measured 120000, entries per commit 24
persist boundaries 120000, prepare calls 4560000
boundaries per commit x1000 1000, clwb lines 4560000
tsc cycles per microsecond 2294
boundary cycles: min 22 median 26 p90 36
boundary cycles: p99 50 max 3374
boundary ns: min 9 median 11 p90 15
boundary ns: p99 21 max 1470
total boundary cycles 3339898
total prepare cycles 101009278
measured wall ns 2538735493, boundary share x1000 17
wall ns per commit 21156
minor faults 28680 during the measured commits
OK timing-only: writeback=none, the region was never durable
