backend pmem (MAP_SYNC + CLWB/SFENCE)
region file /mnt/pmem0.0/sean/wizard-pwbench-u7599095-p137957-0.region
writeback auto (production CPUID selection), CPUID selects CLWB
region 512 blocks of 2048 bytes, scratch 1 blocks
entry stride 8 bytes
apply entry
commits measured 20000, entries per commit 8
persist boundaries 20000, prepare calls 280000
boundaries per commit x1000 1000, clwb lines 280000
tsc cycles per microsecond 2294
boundary cycles: min 22 median 26 p90 26
boundary cycles: p99 28 max 74
boundary ns: min 9 median 11 p90 11
boundary ns: p99 12 max 32
total boundary cycles 510902
total prepare cycles 21076934
measured wall ns 271716120, boundary share x1000 34
wall ns per commit 13585
minor faults 1642 during the measured commits
OK
