backend pmem (MAP_SYNC + CLWB/SFENCE)
region file /mnt/pmem0.0/sean/wizard-pwbench-u7599095-p139852-0.region
writeback auto (production CPUID selection), CPUID selects CLWB
region 512 blocks of 2048 bytes, scratch 1 blocks
entry stride 8 bytes
apply entry
commits measured 120000, entries per commit 24
persist boundaries 120000, prepare calls 4560000
boundaries per commit x1000 1000, clwb lines 4560000
tsc cycles per microsecond 2294
boundary cycles: min 22 median 26 p90 28
boundary cycles: p99 32 max 104
boundary ns: min 9 median 11 p90 12
boundary ns: p99 13 max 45
total boundary cycles 3087278
total prepare cycles 344286566
measured wall ns 4494180633, boundary share x1000 33
wall ns per commit 37451
minor faults 28680 during the measured commits
OK
