backend pmem (MAP_SYNC + CLWB/SFENCE)
region file /mnt/pmem0.0/sean/wizard-pwbench-u7599095-p137821-0.region
writeback auto (production CPUID selection), CPUID selects CLWB
region 512 blocks of 2048 bytes, scratch 1 blocks
entry stride 64 bytes
apply batch
commits measured 20000, entries per commit 1
persist boundaries 20000, prepare calls 80000
boundaries per commit x1000 1000, clwb lines 80000
tsc cycles per microsecond 2294
boundary cycles: min 20 median 28 p90 32
boundary cycles: p99 36 max 44
boundary ns: min 8 median 12 p90 13
boundary ns: p99 15 max 19
total boundary cycles 566644
total prepare cycles 14424358
measured wall ns 90158997, boundary share x1000 72
wall ns per commit 4507
minor faults 275 during the measured commits
OK
