backend pmem (MAP_SYNC + CLWB/SFENCE)
region file /mnt/pmem0.0/sean/wizard-pwbench-u7599095-p139835-0.region
writeback auto (production CPUID selection), CPUID selects CLWB
region 512 blocks of 2048 bytes, scratch 1 blocks
entry stride 8 bytes
apply entry
commits measured 20000, entries per commit 24
persist boundaries 20000, prepare calls 760000
boundaries per commit x1000 1000, clwb lines 760000
tsc cycles per microsecond 2294
boundary cycles: min 22 median 26 p90 28
boundary cycles: p99 34 max 44
boundary ns: min 9 median 11 p90 12
boundary ns: p99 14 max 19
total boundary cycles 520014
total prepare cycles 57557764
measured wall ns 753532987, boundary share x1000 33
wall ns per commit 37676
minor faults 4767 during the measured commits
OK
