backend pmem (MAP_SYNC + CLWB/SFENCE)
region file /mnt/pmem0.0/sean/wizard-pwbench-u7599095-p138894-0.region
writeback auto (production CPUID selection), CPUID selects CLWB
region 512 blocks of 2048 bytes, scratch 1 blocks
entry stride 64 bytes
apply batch
commits measured 20000, entries per commit 8
persist boundaries 20000, prepare calls 280000
boundaries per commit x1000 1000, clwb lines 280000
tsc cycles per microsecond 2294
boundary cycles: min 22 median 26 p90 28
boundary cycles: p99 34 max 64
boundary ns: min 9 median 11 p90 12
boundary ns: p99 14 max 27
total boundary cycles 518194
total prepare cycles 20935576
measured wall ns 209317036, boundary share x1000 44
wall ns per commit 10465
minor faults 1643 during the measured commits
OK
