backend pmem (MAP_SYNC + CLWB/SFENCE)
region file /mnt/pmem0.0/sean/wizard-pwbench-u7599095-p138762-0.region
writeback auto (production CPUID selection), CPUID selects CLWB
region 512 blocks of 2048 bytes, scratch 1 blocks
entry stride 8 bytes
apply entry
commits measured 20000, entries per commit 8
persist boundaries 20000, prepare calls 280000
boundaries per commit x1000 1000, clwb lines 280000
tsc cycles per microsecond 2294
boundary cycles: min 22 median 26 p90 26
boundary cycles: p99 28 max 62
boundary ns: min 9 median 11 p90 11
boundary ns: p99 12 max 27
total boundary cycles 510872
total prepare cycles 21099352
measured wall ns 272811731, boundary share x1000 34
wall ns per commit 13640
minor faults 1642 during the measured commits
OK
