backend pmem (MAP_SYNC + CLWB/SFENCE)
region file /mnt/pmem0.0/sean/wizard-pwbench-u7599095-p139516-0.region
writeback none -- no writeback, timing only, the region is NOT durable, CPUID selects CLWB
region 512 blocks of 2048 bytes, scratch 1 blocks
entry stride 64 bytes
apply batch
commits measured 120000, entries per commit 1
persist boundaries 120000, prepare calls 480000
boundaries per commit x1000 1000, clwb lines 480000
tsc cycles per microsecond 2294
boundary cycles: min 20 median 28 p90 30
boundary cycles: p99 32 max 76
boundary ns: min 8 median 12 p90 13
boundary ns: p99 13 max 33
total boundary cycles 3369246
total prepare cycles 11010690
measured wall ns 457144907, boundary share x1000 13
wall ns per commit 3809
minor faults 1727 during the measured commits
OK timing-only: writeback=none, the region was never durable
