backend pmem (MAP_SYNC + CLWB/SFENCE)
region file /mnt/pmem0.0/sean/wizard-pwbench-u7599095-p139801-0.region
writeback auto (production CPUID selection), CPUID selects CLWB
region 512 blocks of 2048 bytes, scratch 1 blocks
entry stride 8 bytes
apply batch
commits measured 20000, entries per commit 24
persist boundaries 20000, prepare calls 360000
boundaries per commit x1000 1000, clwb lines 360000
tsc cycles per microsecond 2294
boundary cycles: min 22 median 26 p90 28
boundary cycles: p99 30 max 74
boundary ns: min 9 median 11 p90 12
boundary ns: p99 13 max 32
total boundary cycles 510260
total prepare cycles 27190264
measured wall ns 433171772, boundary share x1000 27
wall ns per commit 21658
minor faults 4768 during the measured commits
OK
