backend pmem (MAP_SYNC + CLWB/SFENCE)
region file /mnt/pmem0.0/sean/wizard-pwbench-u7599095-p138694-0.region
writeback none -- no writeback, timing only, the region is NOT durable, CPUID selects CLWB
region 512 blocks of 2048 bytes, scratch 1 blocks
entry stride 64 bytes
apply batch
commits measured 20000, entries per commit 1
persist boundaries 20000, prepare calls 80000
boundaries per commit x1000 1000, clwb lines 80000
tsc cycles per microsecond 2294
boundary cycles: min 22 median 28 p90 30
boundary cycles: p99 34 max 70
boundary ns: min 9 median 12 p90 13
boundary ns: p99 14 max 30
total boundary cycles 561910
total prepare cycles 1836812
measured wall ns 76316573, boundary share x1000 13
wall ns per commit 3815
minor faults 275 during the measured commits
OK timing-only: writeback=none, the region was never durable
