backend pmem (MAP_SYNC + CLWB/SFENCE)
region file /mnt/pmem0.0/sean/wizard-pwbench-u7599095-p139869-0.region
writeback none -- no writeback, timing only, the region is NOT durable, CPUID selects CLWB
region 512 blocks of 2048 bytes, scratch 1 blocks
entry stride 8 bytes
apply batch
commits measured 20000, entries per commit 24
persist boundaries 20000, prepare calls 360000
boundaries per commit x1000 1000, clwb lines 360000
tsc cycles per microsecond 2294
boundary cycles: min 22 median 26 p90 40
boundary cycles: p99 52 max 74
boundary ns: min 9 median 11 p90 17
boundary ns: p99 22 max 32
total boundary cycles 582548
total prepare cycles 8233880
measured wall ns 418082618, boundary share x1000 9
wall ns per commit 20904
minor faults 4768 during the measured commits
OK timing-only: writeback=none, the region was never durable
