backend pmem (MAP_SYNC + CLWB/SFENCE)
region file /mnt/pmem0.0/sean/wizard-pwbench-u7599095-p138945-0.region
writeback auto (production CPUID selection), CPUID selects CLWB
region 512 blocks of 2048 bytes, scratch 1 blocks
entry stride 64 bytes
apply entry
commits measured 120000, entries per commit 8
persist boundaries 120000, prepare calls 1680000
boundaries per commit x1000 1000, clwb lines 1680000
tsc cycles per microsecond 2294
boundary cycles: min 22 median 26 p90 28
boundary cycles: p99 30 max 80
boundary ns: min 9 median 11 p90 12
boundary ns: p99 13 max 34
total boundary cycles 3084324
total prepare cycles 126186430
measured wall ns 1258869977, boundary share x1000 44
wall ns per commit 10490
minor faults 9931 during the measured commits
OK
