backend pmem (MAP_SYNC + CLWB/SFENCE)
region file /mnt/pmem0.0/sean/wizard-pwbench-u7599095-p138677-0.region
writeback auto (production CPUID selection), CPUID selects CLWB
region 512 blocks of 2048 bytes, scratch 1 blocks
entry stride 64 bytes
apply entry
commits measured 120000, entries per commit 1
persist boundaries 120000, prepare calls 480000
boundaries per commit x1000 1000, clwb lines 480000
tsc cycles per microsecond 2294
boundary cycles: min 20 median 28 p90 30
boundary cycles: p99 32 max 3524
boundary ns: min 8 median 12 p90 13
boundary ns: p99 13 max 1536
total boundary cycles 3381020
total prepare cycles 36078194
measured wall ns 531968165, boundary share x1000 32
wall ns per commit 4433
minor faults 1727 during the measured commits
OK
