backend direct (pwrite + O_DIRECT + fdatasync) on a file
directory /home/users/u7599095
region 256 blocks of 4096 bytes, rounds 20
segment span 32512 integers, capacity 167 segments, live segments 2
steps per round: warmup 8, measured 159
primes below 5429504: 376256 (reference sieve agrees)
steps measured 3180
tsc cycles per microsecond 2294
wall ns per step 2691319
step ns: mean 2691971
step ns: min 1533303 median 2657700 p90 3149453
step ns: p99 3922144 max 54168816
phase compute ns per step 1153151
phase alloc ns per step 465601
phase bitmap ns per step 682637
phase publish ns per step 186208
phase retire ns per step 204270
boundaries per step x1000 4000
prepare calls per step x1000 11666
clwb lines per step x1000 0
minor faults per step x1000 2140
OK
