backend direct (pwrite + O_DIRECT + fdatasync) on a file
directory /home/users/u7599095
region 256 blocks of 4096 bytes, rounds 20
segment span 32512 integers, capacity 167 segments, live segments 2
steps per round: warmup 8, measured 159
primes below 5429504: 376256 (reference sieve agrees)
steps measured 3180
tsc cycles per microsecond 2294
wall ns per step 2666551
step ns: mean 2667190
step ns: min 1610639 median 2646622 p90 3140056
step ns: p99 3866588 max 12510789
phase compute ns per step 1150416
phase alloc ns per step 461918
phase bitmap ns per step 679855
phase publish ns per step 180817
phase retire ns per step 194085
boundaries per step x1000 4000
prepare calls per step x1000 11666
clwb lines per step x1000 0
minor faults per step x1000 2140
OK
