backend file (mmap + msync/fdatasync)
directory /home/users/u7599095
region 256 blocks of 4096 bytes, rounds 20
segment span 32512 integers, capacity 167 segments, live segments 2
steps per round: warmup 8, measured 159
primes below 5429504: 376256 (reference sieve agrees)
steps measured 3180
tsc cycles per microsecond 2294
wall ns per step 2452425
step ns: mean 2452971
step ns: min 1319429 median 2439188 p90 2878663
step ns: p99 3252778 max 75516041
phase compute ns per step 1099682
phase alloc ns per step 434439
phase bitmap ns per step 261632
phase publish ns per step 411257
phase retire ns per step 245851
boundaries per step x1000 4000
prepare calls per step x1000 11666
clwb lines per step x1000 0
minor faults per step x1000 12810
OK
