backend file (mmap + msync/fdatasync)
directory /home/users/u7599095
region 256 blocks of 4096 bytes, rounds 20
segment span 32512 integers, capacity 167 segments, live segments 2
steps per round: warmup 8, measured 159
primes below 5429504: 376256 (reference sieve agrees)
steps measured 3180
tsc cycles per microsecond 2294
wall ns per step 2449210
step ns: mean 2449735
step ns: min 1307046 median 2436845 p90 2890523
step ns: p99 3230830 max 35150066
phase compute ns per step 1104015
phase alloc ns per step 437540
phase bitmap ns per step 244923
phase publish ns per step 410077
phase retire ns per step 253067
boundaries per step x1000 4000
prepare calls per step x1000 11666
clwb lines per step x1000 0
minor faults per step x1000 12810
OK
