---- probe rep 1, load 0.52
cpu family 6 model 183 stepping 1 clwb yes clflushopt yes
dram  load  none       p10    63 median    83 p90   243
pmem  load  none       p10    61 median    63 p90    65
dram  load  clwb       p10   105 median   112 p90   121
pmem  load  clwb       p10   103 median   111 p90   121
dram  load  clflushopt p10   236 median   243 p90   603
pmem  load  clflushopt p10   237 median   245 p90   696
dram  store none       p10    59 median    61 p90    61
pmem  store none       p10    59 median    61 p90    61
dram  store clwb       p10    93 median    99 p90   109
pmem  store clwb       p10    91 median    98 p90   108
dram  store clflushopt p10   115 median   117 p90   125
pmem  store clflushopt p10   115 median   117 p90   127
---- probe rep 2, load 0.52
cpu family 6 model 183 stepping 1 clwb yes clflushopt yes
dram  load  none       p10    61 median    63 p90    65
pmem  load  none       p10    61 median    63 p90    65
dram  load  clwb       p10   103 median   110 p90   120
pmem  load  clwb       p10   103 median   111 p90   121
dram  load  clflushopt p10   236 median   242 p90   686
pmem  load  clflushopt p10   236 median   242 p90   688
dram  store none       p10    59 median    61 p90    61
pmem  store none       p10    59 median    61 p90    61
dram  store clwb       p10    91 median    97 p90   106
pmem  store clwb       p10    91 median    97 p90   107
dram  store clflushopt p10   115 median   117 p90   121
pmem  store clflushopt p10   115 median   117 p90   122
---- probe rep 3, load 0.52
cpu family 6 model 183 stepping 1 clwb yes clflushopt yes
dram  load  none       p10    61 median    63 p90    65
pmem  load  none       p10    61 median    63 p90    65
dram  load  clwb       p10   103 median   111 p90   120
pmem  load  clwb       p10   103 median   111 p90   121
dram  load  clflushopt p10   236 median   242 p90   263
pmem  load  clflushopt p10   237 median   245 p90   696
dram  store none       p10    59 median    61 p90    61
pmem  store none       p10    59 median    61 p90    61
dram  store clwb       p10    91 median    99 p90   109
pmem  store clwb       p10    91 median    97 p90   107
dram  store clflushopt p10   115 median   116 p90   121
pmem  store clflushopt p10   115 median   117 p90   124
---- probe rep 4, load 0.52
cpu family 6 model 183 stepping 1 clwb yes clflushopt yes
dram  load  none       p10    61 median    63 p90    65
pmem  load  none       p10    61 median    63 p90    65
dram  load  clwb       p10   103 median   109 p90   119
pmem  load  clwb       p10   103 median   110 p90   121
dram  load  clflushopt p10   236 median   242 p90   625
pmem  load  clflushopt p10   236 median   242 p90   688
dram  store none       p10    59 median    61 p90    61
pmem  store none       p10    59 median    61 p90    61
dram  store clwb       p10    91 median    97 p90   106
pmem  store clwb       p10    91 median    97 p90   107
dram  store clflushopt p10   115 median   117 p90   121
pmem  store clflushopt p10   115 median   117 p90   126
---- probe rep 5, load 0.56
cpu family 6 model 183 stepping 1 clwb yes clflushopt yes
dram  load  none       p10    61 median    63 p90    65
pmem  load  none       p10    61 median    63 p90    65
dram  load  clwb       p10   104 median   111 p90   121
pmem  load  clwb       p10   103 median   111 p90   121
dram  load  clflushopt p10   236 median   241 p90   685
pmem  load  clflushopt p10   237 median   244 p90   696
dram  store none       p10    59 median    61 p90    61
pmem  store none       p10    59 median    61 p90    61
dram  store clwb       p10    91 median    99 p90   109
pmem  store clwb       p10    91 median    97 p90   107
dram  store clflushopt p10   115 median   116 p90   121
pmem  store clflushopt p10   115 median   117 p90   124
---- probe rep 6, load 0.56
cpu family 6 model 183 stepping 1 clwb yes clflushopt yes
dram  load  none       p10    61 median    63 p90    65
pmem  load  none       p10    61 median    63 p90    65
dram  load  clwb       p10   103 median   111 p90   121
pmem  load  clwb       p10   103 median   111 p90   121
dram  load  clflushopt p10   236 median   243 p90   686
pmem  load  clflushopt p10   236 median   243 p90   687
dram  store none       p10    59 median    61 p90    61
pmem  store none       p10    59 median    61 p90    61
dram  store clwb       p10    91 median    99 p90   109
pmem  store clwb       p10    91 median    97 p90   108
dram  store clflushopt p10   115 median   117 p90   123
pmem  store clflushopt p10   115 median   117 p90   123
---- probe rep 7, load 0.56
cpu family 6 model 183 stepping 1 clwb yes clflushopt yes
dram  load  none       p10    61 median    63 p90    65
pmem  load  none       p10    61 median    63 p90    65
dram  load  clwb       p10   103 median   111 p90   121
pmem  load  clwb       p10   103 median   111 p90   121
dram  load  clflushopt p10   236 median   243 p90   544
pmem  load  clflushopt p10   236 median   244 p90   696
dram  store none       p10    59 median    61 p90    61
pmem  store none       p10    59 median    61 p90    61
dram  store clwb       p10    91 median    99 p90   109
pmem  store clwb       p10    91 median    97 p90   107
dram  store clflushopt p10   115 median   117 p90   123
pmem  store clflushopt p10   115 median   117 p90   122
---- probe rep 8, load 0.56
cpu family 6 model 183 stepping 1 clwb yes clflushopt yes
dram  load  none       p10    61 median    63 p90    65
pmem  load  none       p10    61 median    63 p90    65
dram  load  clwb       p10   103 median   110 p90   121
pmem  load  clwb       p10   103 median   111 p90   121
dram  load  clflushopt p10   237 median   244 p90   564
pmem  load  clflushopt p10   236 median   243 p90   625
dram  store none       p10    59 median    61 p90    61
pmem  store none       p10    59 median    61 p90    61
dram  store clwb       p10    91 median    97 p90   108
pmem  store clwb       p10    91 median    98 p90   109
dram  store clflushopt p10   115 median   117 p90   124
pmem  store clflushopt p10   115 median   117 p90   126
---- probe rep 9, load 0.56
cpu family 6 model 183 stepping 1 clwb yes clflushopt yes
dram  load  none       p10    61 median    63 p90    65
pmem  load  none       p10    61 median    63 p90    65
dram  load  clwb       p10   103 median   112 p90   122
pmem  load  clwb       p10   103 median   111 p90   121
dram  load  clflushopt p10   236 median   241 p90   686
pmem  load  clflushopt p10   237 median   245 p90   696
dram  store none       p10    59 median    61 p90    61
pmem  store none       p10    59 median    61 p90    61
dram  store clwb       p10    91 median    99 p90   109
pmem  store clwb       p10    91 median    97 p90   107
dram  store clflushopt p10   115 median   117 p90   123
pmem  store clflushopt p10   115 median   117 p90   123
---- probe rep 10, load 0.56
cpu family 6 model 183 stepping 1 clwb yes clflushopt yes
dram  load  none       p10    61 median    63 p90    65
pmem  load  none       p10    61 median    63 p90    65
dram  load  clwb       p10   103 median   111 p90   120
pmem  load  clwb       p10   103 median   111 p90   121
dram  load  clflushopt p10   236 median   242 p90   316
pmem  load  clflushopt p10   236 median   242 p90   688
dram  store none       p10    59 median    61 p90    61
pmem  store none       p10    59 median    61 p90    61
dram  store clwb       p10    91 median    97 p90   107
pmem  store clwb       p10    91 median    97 p90   107
dram  store clflushopt p10   115 median   117 p90   123
pmem  store clflushopt p10   115 median   117 p90   124
---- probe rep 11, load 0.56
cpu family 6 model 183 stepping 1 clwb yes clflushopt yes
dram  load  none       p10    61 median    63 p90    65
pmem  load  none       p10    61 median    63 p90    65
dram  load  clwb       p10   103 median   111 p90   121
pmem  load  clwb       p10   103 median   111 p90   121
dram  load  clflushopt p10   236 median   242 p90   686
pmem  load  clflushopt p10   237 median   245 p90   696
dram  store none       p10    59 median    61 p90    61
pmem  store none       p10    59 median    61 p90    61
dram  store clwb       p10    91 median    97 p90   107
pmem  store clwb       p10    91 median    99 p90   109
dram  store clflushopt p10   115 median   117 p90   126
pmem  store clflushopt p10   115 median   117 p90   125
---- probe rep 12, load 0.56
cpu family 6 model 183 stepping 1 clwb yes clflushopt yes
dram  load  none       p10    61 median    63 p90    65
pmem  load  none       p10    61 median    63 p90    65
dram  load  clwb       p10   103 median   111 p90   122
pmem  load  clwb       p10   103 median   111 p90   121
dram  load  clflushopt p10   236 median   243 p90   510
pmem  load  clflushopt p10   236 median   243 p90   686
dram  store none       p10    59 median    61 p90    61
pmem  store none       p10    59 median    61 p90    61
dram  store clwb       p10    91 median    97 p90   107
pmem  store clwb       p10    91 median    97 p90   108
dram  store clflushopt p10   115 median   117 p90   125
pmem  store clflushopt p10   115 median   117 p90   123
---- probe rep 13, load 0.56
cpu family 6 model 183 stepping 1 clwb yes clflushopt yes
dram  load  none       p10    61 median    63 p90    65
pmem  load  none       p10    61 median    63 p90    65
dram  load  clwb       p10   103 median   111 p90   121
pmem  load  clwb       p10   103 median   111 p90   121
dram  load  clflushopt p10   236 median   243 p90   686
pmem  load  clflushopt p10   237 median   244 p90   696
dram  store none       p10    59 median    61 p90    61
pmem  store none       p10    59 median    61 p90    61
dram  store clwb       p10    91 median    97 p90   109
pmem  store clwb       p10    91 median    97 p90   107
dram  store clflushopt p10   115 median   117 p90   124
pmem  store clflushopt p10   115 median   117 p90   122
---- probe rep 14, load 0.56
cpu family 6 model 183 stepping 1 clwb yes clflushopt yes
dram  load  none       p10    61 median    63 p90    65
pmem  load  none       p10    61 median    63 p90    65
dram  load  clwb       p10   103 median   111 p90   121
pmem  load  clwb       p10   103 median   111 p90   121
dram  load  clflushopt p10   236 median   243 p90   689
pmem  load  clflushopt p10   236 median   243 p90   685
dram  store none       p10    59 median    61 p90    61
pmem  store none       p10    59 median    61 p90    61
dram  store clwb       p10    91 median    97 p90   107
pmem  store clwb       p10    91 median    97 p90   107
dram  store clflushopt p10   115 median   117 p90   123
pmem  store clflushopt p10   115 median   117 p90   124
---- probe rep 15, load 0.60
cpu family 6 model 183 stepping 1 clwb yes clflushopt yes
dram  load  none       p10    61 median    63 p90    65
pmem  load  none       p10    61 median    63 p90    65
dram  load  clwb       p10   105 median   111 p90   120
pmem  load  clwb       p10   103 median   111 p90   121
dram  load  clflushopt p10   236 median   243 p90   686
pmem  load  clflushopt p10   236 median   243 p90   696
dram  store none       p10    59 median    61 p90    61
pmem  store none       p10    59 median    61 p90    61
dram  store clwb       p10    93 median    98 p90   107
pmem  store clwb       p10    91 median    99 p90   108
dram  store clflushopt p10   115 median   117 p90   123
pmem  store clflushopt p10   115 median   117 p90   124
