backend pmem (MAP_SYNC + CLWB/SFENCE)
region file /mnt/pmem0/clwb/wizard-pwbench-u1000-p21365-0.region
writeback auto (production CPUID selection), CPUID selects CLWB
region 512 blocks of 2048 bytes, scratch 1 blocks
entry stride 8 bytes
apply batch
commits measured 20000, entries per commit 24
persist boundaries 20000, prepare calls 360000
boundaries per commit x1000 1000, clwb lines 360000
tsc cycles per microsecond 3417
boundary cycles: min 25 median 28 p90 30
boundary cycles: p99 43 max 5787
boundary ns: min 7 median 8 p90 8
boundary ns: p99 12 max 1693
total boundary cycles 579623
total prepare cycles 14685294
measured wall ns 211047635, boundary share x1000 21
wall ns per commit 10552
minor faults 4768 during the measured commits
OK
