backend pmem (MAP_SYNC + CLWB/SFENCE)
region file /mnt/pmem0/clwb/wizard-pwbench-u1000-p10614-0.region
writeback none -- no writeback, timing only, the region is NOT durable, CPUID selects CLWB
region 512 blocks of 2048 bytes, scratch 1 blocks
entry stride 8 bytes
apply batch
commits measured 120000, entries per commit 24
persist boundaries 120000, prepare calls 2160000
boundaries per commit x1000 1000, clwb lines 2160000
tsc cycles per microsecond 3417
boundary cycles: min 25 median 28 p90 40
boundary cycles: p99 50 max 5864
boundary ns: min 7 median 8 p90 11
boundary ns: p99 14 max 1716
total boundary cycles 3666043
total prepare cycles 56865100
measured wall ns 1131640900, boundary share x1000 15
wall ns per commit 9430
minor faults 28680 during the measured commits
OK timing-only: writeback=none, the region was never durable
