backend pmem (MAP_SYNC + CLWB/SFENCE)
region file /mnt/pmem0/clwb/wizard-pwbench-u1000-p11051-0.region
writeback auto (production CPUID selection), CPUID selects CLWB
region 512 blocks of 2048 bytes, scratch 1 blocks
entry stride 64 bytes
apply entry
commits measured 20000, entries per commit 1
persist boundaries 20000, prepare calls 80000
boundaries per commit x1000 1000, clwb lines 80000
tsc cycles per microsecond 3417
boundary cycles: min 22 median 25 p90 28
boundary cycles: p99 47 max 119
boundary ns: min 6 median 7 p90 8
boundary ns: p99 13 max 34
total boundary cycles 524245
total prepare cycles 3389318
measured wall ns 41163982, boundary share x1000 27
wall ns per commit 2058
minor faults 275 during the measured commits
OK
