backend pmem (MAP_SYNC + CLWB/SFENCE)
region file /mnt/pmem0/clwb/wizard-pwbench-u1000-p16794-0.region
writeback none -- no writeback, timing only, the region is NOT durable, CPUID selects CLWB
region 512 blocks of 2048 bytes, scratch 1 blocks
entry stride 64 bytes
apply batch
commits measured 120000, entries per commit 1
persist boundaries 120000, prepare calls 480000
boundaries per commit x1000 1000, clwb lines 480000
tsc cycles per microsecond 3417
boundary cycles: min 22 median 25 p90 27
boundary cycles: p99 30 max 7199
boundary ns: min 6 median 7 p90 7
boundary ns: p99 8 max 2106
total boundary cycles 3055638
total prepare cycles 13869689
measured wall ns 230420909, boundary share x1000 21
wall ns per commit 1920
minor faults 1727 during the measured commits
OK timing-only: writeback=none, the region was never durable
