backend pmem (MAP_SYNC + CLWB/SFENCE)
region file /mnt/pmem0/clwb/wizard-pwbench-u1000-p16039-0.region
writeback CLFLUSHOPT, CPUID selects CLWB
region 512 blocks of 2048 bytes, scratch 1 blocks
entry stride 64 bytes
apply batch
commits measured 120000, entries per commit 8
persist boundaries 120000, prepare calls 1680000
boundaries per commit x1000 1000, clwb lines 1680000
tsc cycles per microsecond 3417
boundary cycles: min 24 median 28 p90 30
boundary cycles: p99 34 max 55202
boundary ns: min 7 median 8 p90 8
boundary ns: p99 9 max 16155
total boundary cycles 3417068
total prepare cycles 58175546
measured wall ns 488847994, boundary share x1000 36
wall ns per commit 4073
minor faults 9931 during the measured commits
OK
