backend pmem (MAP_SYNC + CLWB/SFENCE)
region file /mnt/pmem0/clwb/wizard-pwbench-u1000-p11136-0.region
writeback CLFLUSHOPT, CPUID selects CLWB
region 512 blocks of 2048 bytes, scratch 1 blocks
entry stride 64 bytes
apply entry
commits measured 120000, entries per commit 1
persist boundaries 120000, prepare calls 480000
boundaries per commit x1000 1000, clwb lines 480000
tsc cycles per microsecond 3417
boundary cycles: min 22 median 25 p90 27
boundary cycles: p99 30 max 6679
boundary ns: min 6 median 7 p90 7
boundary ns: p99 8 max 1954
total boundary cycles 3031964
total prepare cycles 16856314
measured wall ns 240267103, boundary share x1000 24
wall ns per commit 2002
minor faults 1727 during the measured commits
OK
