backend pmem (MAP_SYNC + CLWB/SFENCE)
region file /mnt/pmem0/clwb/wizard-pwbench-u1000-p9171-0.region
writeback auto (production CPUID selection), CPUID selects CLWB
region 512 blocks of 2048 bytes, scratch 1 blocks
entry stride 64 bytes
apply batch
commits measured 120000, entries per commit 8
persist boundaries 120000, prepare calls 1680000
boundaries per commit x1000 1000, clwb lines 1680000
tsc cycles per microsecond 3417
boundary cycles: min 23 median 28 p90 30
boundary cycles: p99 35 max 4628
boundary ns: min 6 median 8 p90 8
boundary ns: p99 10 max 1354
total boundary cycles 3370214
total prepare cycles 67821074
measured wall ns 556970836, boundary share x1000 37
wall ns per commit 4641
minor faults 9931 during the measured commits
OK
