backend pmem (MAP_SYNC + CLWB/SFENCE)
region file /mnt/pmem0/clwb/wizard-pwbench-u1000-p13914-0.region
writeback none -- no writeback, timing only, the region is NOT durable, CPUID selects CLWB
region 512 blocks of 2048 bytes, scratch 1 blocks
entry stride 8 bytes
apply batch
commits measured 120000, entries per commit 24
persist boundaries 120000, prepare calls 2160000
boundaries per commit x1000 1000, clwb lines 2160000
tsc cycles per microsecond 3417
boundary cycles: min 23 median 28 p90 41
boundary cycles: p99 52 max 5014
boundary ns: min 6 median 8 p90 11
boundary ns: p99 15 max 1467
total boundary cycles 3678308
total prepare cycles 56835026
measured wall ns 1276908925, boundary share x1000 13
wall ns per commit 10640
minor faults 28680 during the measured commits
OK timing-only: writeback=none, the region was never durable
