backend pmem (MAP_SYNC + CLWB/SFENCE)
region file /mnt/pmem0/clwb/wizard-pwbench-u1000-p8718-0.region
writeback CLFLUSHOPT, CPUID selects CLWB
region 512 blocks of 2048 bytes, scratch 1 blocks
entry stride 8 bytes
apply entry
commits measured 120000, entries per commit 1
persist boundaries 120000, prepare calls 480000
boundaries per commit x1000 1000, clwb lines 480000
tsc cycles per microsecond 3417
boundary cycles: min 22 median 26 p90 27
boundary cycles: p99 36 max 96
boundary ns: min 6 median 7 p90 7
boundary ns: p99 10 max 28
total boundary cycles 3073481
total prepare cycles 17118315
measured wall ns 222133859, boundary share x1000 26
wall ns per commit 1851
minor faults 1727 during the measured commits
OK
