backend pmem (MAP_SYNC + CLWB/SFENCE)
region file /mnt/pmem0/clwb/wizard-pwbench-u1000-p10177-0.region
writeback CLFLUSHOPT, CPUID selects CLWB
region 512 blocks of 2048 bytes, scratch 1 blocks
entry stride 8 bytes
apply batch
commits measured 120000, entries per commit 8
persist boundaries 120000, prepare calls 960000
boundaries per commit x1000 1000, clwb lines 960000
tsc cycles per microsecond 3417
boundary cycles: min 23 median 28 p90 30
boundary cycles: p99 33 max 7882
boundary ns: min 6 median 8 p90 8
boundary ns: p99 9 max 2306
total boundary cycles 3371080
total prepare cycles 33121739
measured wall ns 522309646, boundary share x1000 20
wall ns per commit 4352
minor faults 9929 during the measured commits
OK
