backend pmem (MAP_SYNC + CLWB/SFENCE)
region file /mnt/pmem0/clwb/wizard-pwbench-u1000-p16624-0.region
writeback none -- no writeback, timing only, the region is NOT durable, CPUID selects CLWB
region 512 blocks of 2048 bytes, scratch 1 blocks
entry stride 8 bytes
apply batch
commits measured 120000, entries per commit 1
persist boundaries 120000, prepare calls 480000
boundaries per commit x1000 1000, clwb lines 480000
tsc cycles per microsecond 3417
boundary cycles: min 22 median 26 p90 28
boundary cycles: p99 38 max 7640
boundary ns: min 6 median 7 p90 8
boundary ns: p99 11 max 2235
total boundary cycles 3111529
total prepare cycles 15106432
measured wall ns 208737929, boundary share x1000 25
wall ns per commit 1739
minor faults 1727 during the measured commits
OK timing-only: writeback=none, the region was never durable
