backend pmem (MAP_SYNC + CLWB/SFENCE)
region file /mnt/pmem0/clwb/wizard-pwbench-u1000-p14502-0.region
writeback auto (production CPUID selection), CPUID selects CLWB
region 512 blocks of 2048 bytes, scratch 1 blocks
entry stride 8 bytes
apply entry
commits measured 120000, entries per commit 8
persist boundaries 120000, prepare calls 1680000
boundaries per commit x1000 1000, clwb lines 1680000
tsc cycles per microsecond 3417
boundary cycles: min 23 median 28 p90 30
boundary cycles: p99 32 max 5855
boundary ns: min 6 median 8 p90 8
boundary ns: p99 9 max 1713
total boundary cycles 3357701
total prepare cycles 71167673
measured wall ns 544926499, boundary share x1000 40
wall ns per commit 4541
minor faults 9929 during the measured commits
OK
