backend pmem (MAP_SYNC + CLWB/SFENCE)
region file /mnt/pmem0/clwb/wizard-pwbench-u1000-p15312-0.region
writeback none -- no writeback, timing only, the region is NOT durable, CPUID selects CLWB
region 512 blocks of 2048 bytes, scratch 1 blocks
entry stride 64 bytes
apply batch
commits measured 120000, entries per commit 24
persist boundaries 120000, prepare calls 4560000
boundaries per commit x1000 1000, clwb lines 4560000
tsc cycles per microsecond 3417
boundary cycles: min 25 median 28 p90 40
boundary cycles: p99 63 max 5127
boundary ns: min 7 median 8 p90 11
boundary ns: p99 18 max 1500
total boundary cycles 3692161
total prepare cycles 124539763
measured wall ns 1292219238, boundary share x1000 29
wall ns per commit 10768
minor faults 28680 during the measured commits
OK timing-only: writeback=none, the region was never durable
