backend pmem (MAP_SYNC + CLWB/SFENCE)
region file /mnt/pmem0/clwb/wizard-pwbench-u1000-p15951-0.region
writeback auto (production CPUID selection), CPUID selects CLWB
region 512 blocks of 2048 bytes, scratch 1 blocks
entry stride 64 bytes
apply batch
commits measured 20000, entries per commit 8
persist boundaries 20000, prepare calls 280000
boundaries per commit x1000 1000, clwb lines 280000
tsc cycles per microsecond 3417
boundary cycles: min 25 median 28 p90 30
boundary cycles: p99 36 max 117
boundary ns: min 7 median 8 p90 8
boundary ns: p99 10 max 34
total boundary cycles 560047
total prepare cycles 11371782
measured wall ns 81370698, boundary share x1000 42
wall ns per commit 4068
minor faults 1643 during the measured commits
OK
