backend pmem (MAP_SYNC + CLWB/SFENCE)
region file /mnt/pmem0/clwb/wizard-pwbench-u1000-p11874-0.region
writeback none -- no writeback, timing only, the region is NOT durable, CPUID selects CLWB
region 512 blocks of 2048 bytes, scratch 1 blocks
entry stride 64 bytes
apply batch
commits measured 20000, entries per commit 24
persist boundaries 20000, prepare calls 760000
boundaries per commit x1000 1000, clwb lines 760000
tsc cycles per microsecond 3417
boundary cycles: min 25 median 28 p90 40
boundary cycles: p99 55 max 149
boundary ns: min 7 median 8 p90 11
boundary ns: p99 16 max 43
total boundary cycles 613484
total prepare cycles 20193775
measured wall ns 215451316, boundary share x1000 28
wall ns per commit 10772
minor faults 4767 during the measured commits
OK timing-only: writeback=none, the region was never durable
