backend pmem (MAP_SYNC + CLWB/SFENCE)
region file /mnt/pmem0/clwb/wizard-pwbench-u1000-p16471-0.region
writeback auto (production CPUID selection), CPUID selects CLWB
region 512 blocks of 2048 bytes, scratch 1 blocks
entry stride 8 bytes
apply batch
commits measured 20000, entries per commit 1
persist boundaries 20000, prepare calls 80000
boundaries per commit x1000 1000, clwb lines 80000
tsc cycles per microsecond 3417
boundary cycles: min 22 median 25 p90 27
boundary cycles: p99 30 max 97
boundary ns: min 6 median 7 p90 7
boundary ns: p99 8 max 28
total boundary cycles 501810
total prepare cycles 3222205
measured wall ns 39258492, boundary share x1000 27
wall ns per commit 1962
minor faults 275 during the measured commits
OK
