backend pmem (MAP_SYNC + CLWB/SFENCE)
region file /mnt/pmem0/clwb/wizard-pwbench-u1000-p13463-0.region
writeback CLFLUSHOPT, CPUID selects CLWB
region 512 blocks of 2048 bytes, scratch 1 blocks
entry stride 8 bytes
apply entry
commits measured 20000, entries per commit 8
persist boundaries 20000, prepare calls 280000
boundaries per commit x1000 1000, clwb lines 280000
tsc cycles per microsecond 3417
boundary cycles: min 25 median 28 p90 30
boundary cycles: p99 31 max 5797
boundary ns: min 7 median 8 p90 8
boundary ns: p99 9 max 1696
total boundary cycles 563564
total prepare cycles 9468127
measured wall ns 90916098, boundary share x1000 32
wall ns per commit 4545
minor faults 1642 during the measured commits
OK
