backend pmem (MAP_SYNC + CLWB/SFENCE)
region file /mnt/pmem0/clwb/wizard-pwbench-u1000-p24099-0.region
writeback CLFLUSHOPT, CPUID selects CLWB
region 512 blocks of 2048 bytes, scratch 1 blocks
entry stride 8 bytes
apply entry
commits measured 20000, entries per commit 1
persist boundaries 20000, prepare calls 80000
boundaries per commit x1000 1000, clwb lines 80000
tsc cycles per microsecond 3417
boundary cycles: min 22 median 26 p90 27
boundary cycles: p99 29 max 41
boundary ns: min 6 median 7 p90 7
boundary ns: p99 8 max 11
total boundary cycles 508735
total prepare cycles 2622420
measured wall ns 34895467, boundary share x1000 26
wall ns per commit 1744
minor faults 275 during the measured commits
OK
