backend pmem (MAP_SYNC + CLWB/SFENCE)
region file /mnt/pmem0/clwb/wizard-pwbench-u1000-p14980-0.region
writeback none -- no writeback, timing only, the region is NOT durable, CPUID selects CLWB
region 512 blocks of 2048 bytes, scratch 1 blocks
entry stride 8 bytes
apply batch
commits measured 120000, entries per commit 24
persist boundaries 120000, prepare calls 2160000
boundaries per commit x1000 1000, clwb lines 2160000
tsc cycles per microsecond 3417
boundary cycles: min 25 median 28 p90 41
boundary cycles: p99 51 max 4980
boundary ns: min 7 median 8 p90 11
boundary ns: p99 14 max 1457
total boundary cycles 3684452
total prepare cycles 59029969
measured wall ns 1123134957, boundary share x1000 16
wall ns per commit 9359
minor faults 28680 during the measured commits
OK timing-only: writeback=none, the region was never durable
