backend pmem (MAP_SYNC + CLWB/SFENCE)
region file /mnt/pmem0/clwb/wizard-pwbench-u1000-p10262-0.region
writeback auto (production CPUID selection), CPUID selects CLWB
region 512 blocks of 2048 bytes, scratch 1 blocks
entry stride 64 bytes
apply batch
commits measured 20000, entries per commit 8
persist boundaries 20000, prepare calls 280000
boundaries per commit x1000 1000, clwb lines 280000
tsc cycles per microsecond 3417
boundary cycles: min 23 median 28 p90 30
boundary cycles: p99 35 max 77
boundary ns: min 6 median 8 p90 8
boundary ns: p99 10 max 22
total boundary cycles 559396
total prepare cycles 11428964
measured wall ns 81875727, boundary share x1000 42
wall ns per commit 4093
minor faults 1643 during the measured commits
OK
