backend pmem (MAP_SYNC + CLWB/SFENCE)
region file /mnt/pmem0/clwb/wizard-pwbench-u1000-p10160-0.region
writeback CLFLUSHOPT, CPUID selects CLWB
region 512 blocks of 2048 bytes, scratch 1 blocks
entry stride 8 bytes
apply batch
commits measured 20000, entries per commit 8
persist boundaries 20000, prepare calls 160000
boundaries per commit x1000 1000, clwb lines 160000
tsc cycles per microsecond 3417
boundary cycles: min 25 median 28 p90 30
boundary cycles: p99 36 max 5704
boundary ns: min 7 median 8 p90 8
boundary ns: p99 10 max 1669
total boundary cycles 572983
total prepare cycles 5509403
measured wall ns 87670547, boundary share x1000 20
wall ns per commit 4383
minor faults 1642 during the measured commits
OK
