backend pmem (MAP_SYNC + CLWB/SFENCE)
region file /mnt/pmem0/clwb/wizard-pwbench-u1000-p18605-0.region
writeback CLFLUSHOPT, CPUID selects CLWB
region 512 blocks of 2048 bytes, scratch 1 blocks
entry stride 8 bytes
apply batch
commits measured 20000, entries per commit 1
persist boundaries 20000, prepare calls 80000
boundaries per commit x1000 1000, clwb lines 80000
tsc cycles per microsecond 3417
boundary cycles: min 22 median 25 p90 28
boundary cycles: p99 49 max 73
boundary ns: min 6 median 7 p90 8
boundary ns: p99 14 max 21
total boundary cycles 524306
total prepare cycles 3114353
measured wall ns 41994565, boundary share x1000 25
wall ns per commit 2099
minor faults 275 during the measured commits
OK
