backend pmem (MAP_SYNC + CLWB/SFENCE)
region file /mnt/pmem0/clwb/wizard-pwbench-u1000-p23309-0.region
writeback CLFLUSHOPT, CPUID selects CLWB
region 512 blocks of 2048 bytes, scratch 1 blocks
entry stride 8 bytes
apply batch
commits measured 120000, entries per commit 8
persist boundaries 120000, prepare calls 960000
boundaries per commit x1000 1000, clwb lines 960000
tsc cycles per microsecond 3417
boundary cycles: min 23 median 28 p90 30
boundary cycles: p99 37 max 5302
boundary ns: min 6 median 8 p90 8
boundary ns: p99 10 max 1551
total boundary cycles 3372946
total prepare cycles 33265744
measured wall ns 462408323, boundary share x1000 23
wall ns per commit 3853
minor faults 9929 during the measured commits
OK
