backend pmem (MAP_SYNC + CLWB/SFENCE)
region file /mnt/pmem0/clwb/wizard-pwbench-u1000-p15058-0.region
writeback auto (production CPUID selection), CPUID selects CLWB
region 512 blocks of 2048 bytes, scratch 1 blocks
entry stride 64 bytes
apply entry
commits measured 120000, entries per commit 24
persist boundaries 120000, prepare calls 4560000
boundaries per commit x1000 1000, clwb lines 4560000
tsc cycles per microsecond 3417
boundary cycles: min 23 median 28 p90 30
boundary cycles: p99 42 max 7082
boundary ns: min 6 median 8 p90 8
boundary ns: p99 12 max 2072
total boundary cycles 3419759
total prepare cycles 184742521
measured wall ns 1352497411, boundary share x1000 40
wall ns per commit 11270
minor faults 28680 during the measured commits
OK
