backend pmem (MAP_SYNC + CLWB/SFENCE)
region file /mnt/pmem0/clwb/wizard-pwbench-u1000-p23378-0.region
writeback none -- no writeback, timing only, the region is NOT durable, CPUID selects CLWB
region 512 blocks of 2048 bytes, scratch 1 blocks
entry stride 8 bytes
apply batch
commits measured 120000, entries per commit 8
persist boundaries 120000, prepare calls 960000
boundaries per commit x1000 1000, clwb lines 960000
tsc cycles per microsecond 3417
boundary cycles: min 25 median 28 p90 30
boundary cycles: p99 43 max 5996
boundary ns: min 7 median 8 p90 8
boundary ns: p99 12 max 1754
total boundary cycles 3440493
total prepare cycles 26114983
measured wall ns 475045168, boundary share x1000 18
wall ns per commit 3958
minor faults 9929 during the measured commits
OK timing-only: writeback=none, the region was never durable
