backend pmem (MAP_SYNC + CLWB/SFENCE)
region file /mnt/pmem0/clwb/wizard-pwbench-u1000-p18306-0.region
writeback CLFLUSHOPT, CPUID selects CLWB
region 512 blocks of 2048 bytes, scratch 1 blocks
entry stride 8 bytes
apply entry
commits measured 120000, entries per commit 24
persist boundaries 120000, prepare calls 4560000
boundaries per commit x1000 1000, clwb lines 4560000
tsc cycles per microsecond 3417
boundary cycles: min 25 median 45 p90 50
boundary cycles: p99 55 max 7207
boundary ns: min 7 median 13 p90 14
boundary ns: p99 16 max 2109
total boundary cycles 4723875
total prepare cycles 160696629
measured wall ns 1398765947, boundary share x1000 34
wall ns per commit 11656
minor faults 28680 during the measured commits
OK
