backend pmem (MAP_SYNC + CLWB/SFENCE)
region file /mnt/pmem0/clwb/wizard-pwbench-u1000-p16284-0.region
writeback none -- no writeback, timing only, the region is NOT durable, CPUID selects CLWB
region 512 blocks of 2048 bytes, scratch 1 blocks
entry stride 8 bytes
apply batch
commits measured 120000, entries per commit 24
persist boundaries 120000, prepare calls 2160000
boundaries per commit x1000 1000, clwb lines 2160000
tsc cycles per microsecond 3417
boundary cycles: min 25 median 28 p90 40
boundary cycles: p99 55 max 5829
boundary ns: min 7 median 8 p90 11
boundary ns: p99 16 max 1705
total boundary cycles 3683339
total prepare cycles 60422990
measured wall ns 1275108432, boundary share x1000 14
wall ns per commit 10625
minor faults 28680 during the measured commits
OK timing-only: writeback=none, the region was never durable
