backend pmem (MAP_SYNC + CLWB/SFENCE)
region file /mnt/pmem0/clwb/wizard-pwbench-u1000-p15635-0.region
writeback none -- no writeback, timing only, the region is NOT durable, CPUID selects CLWB
region 512 blocks of 2048 bytes, scratch 1 blocks
entry stride 64 bytes
apply batch
commits measured 20000, entries per commit 1
persist boundaries 20000, prepare calls 80000
boundaries per commit x1000 1000, clwb lines 80000
tsc cycles per microsecond 3417
boundary cycles: min 22 median 25 p90 29
boundary cycles: p99 54 max 122
boundary ns: min 6 median 7 p90 8
boundary ns: p99 15 max 35
total boundary cycles 531836
total prepare cycles 2628015
measured wall ns 40294551, boundary share x1000 22
wall ns per commit 2014
minor faults 275 during the measured commits
OK timing-only: writeback=none, the region was never durable
