backend pmem (MAP_SYNC + CLWB/SFENCE)
region file /mnt/pmem0/clwb/wizard-pwbench-u1000-p11529-0.region
writeback none -- no writeback, timing only, the region is NOT durable, CPUID selects CLWB
region 512 blocks of 2048 bytes, scratch 1 blocks
entry stride 64 bytes
apply batch
commits measured 120000, entries per commit 8
persist boundaries 120000, prepare calls 1680000
boundaries per commit x1000 1000, clwb lines 1680000
tsc cycles per microsecond 3417
boundary cycles: min 25 median 28 p90 30
boundary cycles: p99 47 max 4692
boundary ns: min 7 median 8 p90 8
boundary ns: p99 13 max 1373
total boundary cycles 3462739
total prepare cycles 44118597
measured wall ns 546404474, boundary share x1000 25
wall ns per commit 4553
minor faults 9931 during the measured commits
OK timing-only: writeback=none, the region was never durable
