backend pmem (MAP_SYNC + CLWB/SFENCE)
region file /mnt/pmem0/clwb/wizard-pwbench-u1000-p22854-0.region
writeback auto (production CPUID selection), CPUID selects CLWB
region 512 blocks of 2048 bytes, scratch 1 blocks
entry stride 8 bytes
apply batch
commits measured 20000, entries per commit 1
persist boundaries 20000, prepare calls 80000
boundaries per commit x1000 1000, clwb lines 80000
tsc cycles per microsecond 3417
boundary cycles: min 22 median 26 p90 30
boundary cycles: p99 61 max 319
boundary ns: min 6 median 7 p90 8
boundary ns: p99 17 max 93
total boundary cycles 541108
total prepare cycles 3498957
measured wall ns 37305127, boundary share x1000 31
wall ns per commit 1865
minor faults 275 during the measured commits
OK
