backend pmem (MAP_SYNC + CLWB/SFENCE)
region file /mnt/pmem0/clwb/wizard-pwbench-u1000-p16662-0.region
writeback CLFLUSHOPT, CPUID selects CLWB
region 512 blocks of 2048 bytes, scratch 1 blocks
entry stride 8 bytes
apply entry
commits measured 20000, entries per commit 1
persist boundaries 20000, prepare calls 80000
boundaries per commit x1000 1000, clwb lines 80000
tsc cycles per microsecond 3417
boundary cycles: min 22 median 25 p90 27
boundary cycles: p99 29 max 107
boundary ns: min 6 median 7 p90 7
boundary ns: p99 8 max 31
total boundary cycles 502921
total prepare cycles 2889091
measured wall ns 34787955, boundary share x1000 28
wall ns per commit 1739
minor faults 275 during the measured commits
OK
