backend pmem (MAP_SYNC + CLWB/SFENCE)
region file /mnt/pmem0/clwb/wizard-pwbench-u1000-p17706-0.region
writeback CLFLUSHOPT, CPUID selects CLWB
region 512 blocks of 2048 bytes, scratch 1 blocks
entry stride 8 bytes
apply entry
commits measured 20000, entries per commit 24
persist boundaries 20000, prepare calls 760000
boundaries per commit x1000 1000, clwb lines 760000
tsc cycles per microsecond 3417
boundary cycles: min 25 median 28 p90 30
boundary cycles: p99 40 max 5858
boundary ns: min 7 median 8 p90 8
boundary ns: p99 11 max 1714
total boundary cycles 576307
total prepare cycles 26290980
measured wall ns 247534569, boundary share x1000 31
wall ns per commit 12376
minor faults 4767 during the measured commits
OK
