backend pmem (MAP_SYNC + CLWB/SFENCE)
region file /mnt/pmem0/clwb/wizard-pwbench-u1000-p17671-0.region
writeback CLFLUSHOPT, CPUID selects CLWB
region 512 blocks of 2048 bytes, scratch 1 blocks
entry stride 8 bytes
apply batch
commits measured 20000, entries per commit 24
persist boundaries 20000, prepare calls 360000
boundaries per commit x1000 1000, clwb lines 360000
tsc cycles per microsecond 3417
boundary cycles: min 25 median 28 p90 30
boundary cycles: p99 41 max 7100
boundary ns: min 7 median 8 p90 8
boundary ns: p99 11 max 2077
total boundary cycles 587358
total prepare cycles 12524116
measured wall ns 213848949, boundary share x1000 17
wall ns per commit 10692
minor faults 4768 during the measured commits
OK
