backend pmem (MAP_SYNC + CLWB/SFENCE)
region file /mnt/pmem0/clwb/wizard-pwbench-u1000-p17513-0.region
writeback CLFLUSHOPT, CPUID selects CLWB
region 512 blocks of 2048 bytes, scratch 1 blocks
entry stride 8 bytes
apply entry
commits measured 120000, entries per commit 8
persist boundaries 120000, prepare calls 1680000
boundaries per commit x1000 1000, clwb lines 1680000
tsc cycles per microsecond 3417
boundary cycles: min 23 median 28 p90 30
boundary cycles: p99 31 max 6194
boundary ns: min 6 median 8 p90 8
boundary ns: p99 9 max 1812
total boundary cycles 3374197
total prepare cycles 61084516
measured wall ns 590845889, boundary share x1000 31
wall ns per commit 4923
minor faults 9929 during the measured commits
OK
