backend file (mmap + msync/fdatasync)
directory /home/sean-tan/research/wizard-engine-PRs/bin/pwsieve-bench-block
region 256 blocks of 4096 bytes, rounds 20
segment span 32512 integers, capacity 167 segments, live segments 2
steps per round: warmup 8, measured 159
primes below 5429504: 376256 (reference sieve agrees)
steps measured 3180
tsc cycles per microsecond 3417
wall ns per step 1086776
step ns: mean 1086904
step ns: min 1038380 median 1068065 p90 1093662
step ns: p99 1395297 max 7939867
phase compute ns per step 154846
phase alloc ns per step 239672
phase bitmap ns per step 228609
phase publish ns per step 228957
phase retire ns per step 234809
boundaries per step x1000 4000
prepare calls per step x1000 11666
clwb lines per step x1000 0
minor faults per step x1000 12807
OK
