backend direct (pwrite + O_DIRECT + fdatasync) on a file
directory /home/sean-tan/research/wizard-engine-PRs/bin/pwsieve-bench-block
region 256 blocks of 4096 bytes, rounds 20
clock probe on: 4096 dependent single-cycle operations per probe; references busy and after a 250000 ns sleep
segment span 32512 integers, capacity 167 segments, live segments 2
steps per round: warmup 8, measured 159
primes below 5429504: 376256 (reference sieve agrees)
steps measured 3180
tsc cycles per microsecond 3417
wall ns per step 1106671
step ns: mean 1106815
step ns: min 1055021 median 1105918 p90 1108569
step ns: p99 1346525 max 7957157
phase compute ns per step 154508
phase alloc ns per step 243490
phase bitmap ns per step 254934
phase publish ns per step 224436
phase retire ns per step 229434
boundaries per step x1000 4000
prepare calls per step x1000 11666
clwb lines per step x1000 0
minor faults per step x1000 2208
clock busy: ticks median 2577 p10 2571 p90 2581, implied MHz 5431, x1000 of busy 1000, first-probe excess ticks 0, samples 1000
clock after sleep: ticks median 2577 p10 2572 p90 2583, implied MHz 5431, x1000 of busy 1000, first-probe excess ticks 1, samples 200
clock after sieve: ticks median 2577 p10 2571 p90 3146, implied MHz 5431, x1000 of busy 1000, first-probe excess ticks 0, samples 3180
clock after alloc: ticks median 2577 p10 2571 p90 2581, implied MHz 5431, x1000 of busy 1000, first-probe excess ticks 0, samples 3180
clock after bitmap: ticks median 2577 p10 2571 p90 2581, implied MHz 5431, x1000 of busy 1000, first-probe excess ticks 0, samples 3180
clock after count: ticks median 2577 p10 2571 p90 2581, implied MHz 5431, x1000 of busy 1000, first-probe excess ticks 0, samples 3180
clock after publish: ticks median 2577 p10 2571 p90 2581, implied MHz 5431, x1000 of busy 1000, first-probe excess ticks 0, samples 3180
clock after retire: ticks median 2577 p10 2571 p90 2581, implied MHz 5431, x1000 of busy 1000, first-probe excess ticks 0, samples 3180
clock probe ns per step 9446 (removed from the figures above)
OK
