backend direct (pwrite + O_DIRECT + fdatasync) on a file
directory /home/sean-tan/research/wizard-engine-PRs/bin/pwsieve-bench-block
region 256 blocks of 4096 bytes, rounds 20
segment span 32512 integers, capacity 167 segments, live segments 2
steps per round: warmup 8, measured 159
primes below 5429504: 376256 (reference sieve agrees)
steps measured 3180
tsc cycles per microsecond 3417
wall ns per step 1111060
step ns: mean 1111199
step ns: min 1050016 median 1092939 p90 1127172
step ns: p99 1370123 max 7872664
phase compute ns per step 156007
phase alloc ns per step 241391
phase bitmap ns per step 255956
phase publish ns per step 224911
phase retire ns per step 232924
boundaries per step x1000 4000
prepare calls per step x1000 11666
clwb lines per step x1000 0
minor faults per step x1000 2138
OK
