backend file (mmap + msync/fdatasync)
directory /home/sean-tan/research/wizard-engine-PRs/bin/pwsieve-bench-block
region 256 blocks of 4096 bytes, rounds 20
segment span 32512 integers, capacity 167 segments, live segments 2
steps per round: warmup 8, measured 159
primes below 5429504: 376256 (reference sieve agrees)
steps measured 3180
tsc cycles per microsecond 3417
wall ns per step 1083738
step ns: mean 1083874
step ns: min 1038389 median 1066769 p90 1092306
step ns: p99 1353347 max 7830155
phase compute ns per step 155159
phase alloc ns per step 236527
phase bitmap ns per step 227643
phase publish ns per step 230729
phase retire ns per step 233804
boundaries per step x1000 4000
prepare calls per step x1000 11666
clwb lines per step x1000 0
minor faults per step x1000 12807
OK
