backend file (mmap + msync/fdatasync)
directory /home/sean-tan/research/wizard-engine-PRs/bin/pwsieve-bench-block
region 256 blocks of 4096 bytes, rounds 20
segment span 32512 integers, capacity 167 segments, live segments 2
steps per round: warmup 8, measured 159
primes below 5429504: 376256 (reference sieve agrees)
steps measured 3180
tsc cycles per microsecond 3417
wall ns per step 1083185
step ns: mean 1083321
step ns: min 1038532 median 1067277 p90 1092758
step ns: p99 1346299 max 7914223
phase compute ns per step 154769
phase alloc ns per step 236328
phase bitmap ns per step 230185
phase publish ns per step 228377
phase retire ns per step 233651
boundaries per step x1000 4000
prepare calls per step x1000 11666
clwb lines per step x1000 0
minor faults per step x1000 12807
OK
