backend direct (pwrite + O_DIRECT + fdatasync) on a file
directory /home/sean-tan/research/wizard-engine-PRs/bin/pwsieve-bench-block
region 256 blocks of 4096 bytes, rounds 20
segment span 32512 integers, capacity 167 segments, live segments 2
steps per round: warmup 8, measured 159
primes below 5429504: 376256 (reference sieve agrees)
steps measured 3180
tsc cycles per microsecond 3417
wall ns per step 1111008
step ns: mean 1111147
step ns: min 1062558 median 1101697 p90 1127364
step ns: p99 1374606 max 8178031
phase compute ns per step 156358
phase alloc ns per step 243643
phase bitmap ns per step 257051
phase publish ns per step 223231
phase retire ns per step 230854
boundaries per step x1000 4000
prepare calls per step x1000 11666
clwb lines per step x1000 0
minor faults per step x1000 2138
OK
