backend file (mmap + msync/fdatasync)
directory /mnt/pmem0/clwb
region 256 blocks of 4096 bytes, rounds 20
segment span 32512 integers, capacity 167 segments, live segments 2
steps per round: warmup 8, measured 159
primes below 5429504: 376256 (reference sieve agrees)
steps measured 3180
tsc cycles per microsecond 3417
wall ns per step 177164
step ns: mean 177173
step ns: min 155020 median 173617 p90 193010
step ns: p99 202959 max 225655
phase compute ns per step 149834
phase alloc ns per step 8068
phase bitmap ns per step 6511
phase publish ns per step 5211
phase retire ns per step 7541
boundaries per step x1000 4000
prepare calls per step x1000 11666
clwb lines per step x1000 0
minor faults per step x1000 12808
OK
