backend pmem (MAP_SYNC + CLWB/SFENCE)
directory /mnt/pmem0/clwb
writeback auto (production CPUID selection), CPUID selects CLWB
region 256 blocks of 4096 bytes, rounds 20
clock probe on: 4096 dependent single-cycle operations per probe; references busy and after a 250000 ns sleep
segment span 32512 integers, capacity 167 segments, live segments 2
steps per round: warmup 8, measured 159
primes below 5429504: 376256 (reference sieve agrees)
steps measured 3180
tsc cycles per microsecond 3417
wall ns per step 166530
step ns: mean 166540
step ns: min 143394 median 164744 p90 181593
step ns: p99 190135 max 221897
phase compute ns per step 152120
phase alloc ns per step 3223
phase bitmap ns per step 5875
phase publish ns per step 2292
phase retire ns per step 3018
boundaries per step x1000 4000
prepare calls per step x1000 0
clwb lines per step x1000 94584
minor faults per step x1000 2204
clock busy: ticks median 2575 p10 2571 p90 2581, implied MHz 5435, x1000 of busy 1000, first-probe excess ticks 0, samples 1000
clock after sleep: ticks median 2577 p10 2573 p90 2583, implied MHz 5431, x1000 of busy 999, first-probe excess ticks 2, samples 200
clock after sieve: ticks median 2577 p10 2571 p90 2581, implied MHz 5431, x1000 of busy 999, first-probe excess ticks 0, samples 3180
clock after alloc: ticks median 2577 p10 2571 p90 2581, implied MHz 5431, x1000 of busy 999, first-probe excess ticks 0, samples 3180
clock after bitmap: ticks median 2577 p10 2571 p90 2581, implied MHz 5431, x1000 of busy 999, first-probe excess ticks 0, samples 3180
clock after count: ticks median 2577 p10 2571 p90 2581, implied MHz 5431, x1000 of busy 999, first-probe excess ticks 0, samples 3180
clock after publish: ticks median 2577 p10 2571 p90 2581, implied MHz 5431, x1000 of busy 999, first-probe excess ticks 0, samples 3180
clock after retire: ticks median 2577 p10 2571 p90 2581, implied MHz 5431, x1000 of busy 999, first-probe excess ticks 0, samples 3180
clock probe ns per step 9358 (removed from the figures above)
OK
