---- probe rep 1, load 0.59
cpu family 6 model 183 stepping 1 clwb yes clflushopt yes
dram  load  none       p10    63 median    65 p90    66
pmem  load  none       p10    63 median    65 p90    66
dram  load  clwb       p10   105 median   113 p90   123
pmem  load  clwb       p10   103 median   111 p90   121
dram  load  clflushopt p10   236 median   242 p90   364
pmem  load  clflushopt p10   237 median   244 p90   696
dram  store none       p10    59 median    61 p90    61
pmem  store none       p10    59 median    61 p90    61
dram  store clwb       p10    91 median    99 p90   108
pmem  store clwb       p10    91 median    99 p90   109
dram  store clflushopt p10   115 median   116 p90   121
pmem  store clflushopt p10   115 median   117 p90   128
---- probe rep 2, load 0.59
cpu family 6 model 183 stepping 1 clwb yes clflushopt yes
dram  load  none       p10    61 median    63 p90    65
pmem  load  none       p10    61 median    63 p90    65
dram  load  clwb       p10   105 median   112 p90   121
pmem  load  clwb       p10   103 median   111 p90   121
dram  load  clflushopt p10   236 median   242 p90   576
pmem  load  clflushopt p10   236 median   243 p90   686
dram  store none       p10    59 median    61 p90    61
pmem  store none       p10    59 median    61 p90    61
dram  store clwb       p10    91 median    99 p90   107
pmem  store clwb       p10    91 median    99 p90   111
dram  store clflushopt p10   115 median   116 p90   124
pmem  store clflushopt p10   115 median   117 p90   124
---- probe rep 3, load 0.59
cpu family 6 model 183 stepping 1 clwb yes clflushopt yes
dram  load  none       p10    61 median    63 p90    65
pmem  load  none       p10    61 median    63 p90    65
dram  load  clwb       p10   103 median   110 p90   121
pmem  load  clwb       p10   104 median   113 p90   123
dram  load  clflushopt p10   237 median   245 p90   524
pmem  load  clflushopt p10   237 median   249 p90   694
dram  store none       p10    59 median    61 p90    61
pmem  store none       p10    59 median    61 p90    61
dram  store clwb       p10    91 median    97 p90   109
pmem  store clwb       p10    91 median    97 p90   107
dram  store clflushopt p10   115 median   117 p90   126
pmem  store clflushopt p10   115 median   117 p90   125
---- probe rep 4, load 0.59
cpu family 6 model 183 stepping 1 clwb yes clflushopt yes
dram  load  none       p10    61 median    63 p90    65
pmem  load  none       p10    61 median    63 p90    65
dram  load  clwb       p10   103 median   111 p90   119
pmem  load  clwb       p10   103 median   112 p90   122
dram  load  clflushopt p10   236 median   243 p90   686
pmem  load  clflushopt p10   237 median   243 p90   623
dram  store none       p10    59 median    61 p90    61
pmem  store none       p10    59 median    61 p90    61
dram  store clwb       p10    91 median    97 p90   105
pmem  store clwb       p10    91 median    99 p90   109
dram  store clflushopt p10   115 median   117 p90   127
pmem  store clflushopt p10   115 median   117 p90   127
---- probe rep 5, load 0.62
cpu family 6 model 183 stepping 1 clwb yes clflushopt yes
dram  load  none       p10    61 median    63 p90    65
pmem  load  none       p10    61 median    63 p90    65
dram  load  clwb       p10   103 median   111 p90   121
pmem  load  clwb       p10   103 median   111 p90   121
dram  load  clflushopt p10   236 median   243 p90   686
pmem  load  clflushopt p10   236 median   243 p90   696
dram  store none       p10    59 median    61 p90    61
pmem  store none       p10    59 median    61 p90    61
dram  store clwb       p10    91 median    99 p90   109
pmem  store clwb       p10    91 median    99 p90   109
dram  store clflushopt p10   115 median   117 p90   124
pmem  store clflushopt p10   115 median   117 p90   124
---- probe rep 6, load 0.62
cpu family 6 model 183 stepping 1 clwb yes clflushopt yes
dram  load  none       p10    61 median    63 p90    65
pmem  load  none       p10    61 median    63 p90    65
dram  load  clwb       p10   103 median   110 p90   121
pmem  load  clwb       p10   103 median   111 p90   121
dram  load  clflushopt p10   237 median   245 p90   540
pmem  load  clflushopt p10   237 median   246 p90   609
dram  store none       p10    59 median    61 p90    61
pmem  store none       p10    59 median    61 p90    61
dram  store clwb       p10    91 median    98 p90   109
pmem  store clwb       p10    91 median    99 p90   110
dram  store clflushopt p10   115 median   117 p90   127
pmem  store clflushopt p10   115 median   117 p90   126
---- probe rep 7, load 0.62
cpu family 6 model 183 stepping 1 clwb yes clflushopt yes
dram  load  none       p10    61 median    63 p90    65
pmem  load  none       p10    61 median    63 p90    65
dram  load  clwb       p10   103 median   112 p90   122
pmem  load  clwb       p10   103 median   111 p90   121
dram  load  clflushopt p10   236 median   243 p90   609
pmem  load  clflushopt p10   237 median   244 p90   696
dram  store none       p10    59 median    61 p90    61
pmem  store none       p10    59 median    61 p90    61
dram  store clwb       p10    91 median    97 p90   109
pmem  store clwb       p10    91 median    97 p90   108
dram  store clflushopt p10   115 median   117 p90   128
pmem  store clflushopt p10   115 median   117 p90   126
---- probe rep 8, load 0.62
cpu family 6 model 183 stepping 1 clwb yes clflushopt yes
dram  load  none       p10    61 median    63 p90    65
pmem  load  none       p10    61 median    63 p90    65
dram  load  clwb       p10   103 median   110 p90   121
pmem  load  clwb       p10   104 median   113 p90   123
dram  load  clflushopt p10   239 median   245 p90   685
pmem  load  clflushopt p10   237 median   245 p90   612
dram  store none       p10    59 median    61 p90    61
pmem  store none       p10    59 median    61 p90    61
dram  store clwb       p10    91 median    99 p90   109
pmem  store clwb       p10    91 median    99 p90   111
dram  store clflushopt p10   115 median   117 p90   127
pmem  store clflushopt p10   115 median   117 p90   127
---- probe rep 9, load 0.62
cpu family 6 model 183 stepping 1 clwb yes clflushopt yes
dram  load  none       p10    61 median    63 p90    65
pmem  load  none       p10    61 median    63 p90    65
dram  load  clwb       p10   105 median   113 p90   123
pmem  load  clwb       p10   103 median   111 p90   121
dram  load  clflushopt p10   236 median   243 p90   686
pmem  load  clflushopt p10   237 median   244 p90   696
dram  store none       p10    59 median    61 p90    61
pmem  store none       p10    59 median    61 p90    61
dram  store clwb       p10    93 median   101 p90   108
pmem  store clwb       p10    91 median    97 p90   107
dram  store clflushopt p10   115 median   117 p90   126
pmem  store clflushopt p10   115 median   117 p90   125
---- probe rep 10, load 0.62
cpu family 6 model 183 stepping 1 clwb yes clflushopt yes
dram  load  none       p10    61 median    63 p90    65
pmem  load  none       p10    61 median    63 p90    65
dram  load  clwb       p10   105 median   111 p90   121
pmem  load  clwb       p10   103 median   111 p90   121
dram  load  clflushopt p10   236 median   243 p90   581
pmem  load  clflushopt p10   236 median   243 p90   627
dram  store none       p10    59 median    61 p90    61
pmem  store none       p10    59 median    61 p90    61
dram  store clwb       p10    93 median    99 p90   108
pmem  store clwb       p10    91 median    99 p90   109
dram  store clflushopt p10   115 median   117 p90   126
pmem  store clflushopt p10   115 median   117 p90   126
---- probe rep 11, load 0.62
cpu family 6 model 183 stepping 1 clwb yes clflushopt yes
dram  load  none       p10    61 median    63 p90    65
pmem  load  none       p10    61 median    63 p90    65
dram  load  clwb       p10   103 median   111 p90   122
pmem  load  clwb       p10   103 median   112 p90   122
dram  load  clflushopt p10   236 median   242 p90   582
pmem  load  clflushopt p10   237 median   248 p90   694
dram  store none       p10    59 median    61 p90    61
pmem  store none       p10    59 median    61 p90    62
dram  store clwb       p10    91 median    97 p90   109
pmem  store clwb       p10    91 median    99 p90   109
dram  store clflushopt p10   115 median   117 p90   127
pmem  store clflushopt p10   115 median   117 p90   128
---- probe rep 12, load 0.62
cpu family 6 model 183 stepping 1 clwb yes clflushopt yes
dram  load  none       p10    61 median    63 p90    65
pmem  load  none       p10    61 median    63 p90    65
dram  load  clwb       p10   104 median   111 p90   121
pmem  load  clwb       p10   103 median   111 p90   121
dram  load  clflushopt p10   237 median   243 p90   627
pmem  load  clflushopt p10   236 median   243 p90   623
dram  store none       p10    59 median    61 p90    61
pmem  store none       p10    59 median    61 p90    61
dram  store clwb       p10    92 median    97 p90   108
pmem  store clwb       p10    91 median    97 p90   107
dram  store clflushopt p10   115 median   117 p90   124
pmem  store clflushopt p10   115 median   117 p90   123
---- probe rep 13, load 0.62
cpu family 6 model 183 stepping 1 clwb yes clflushopt yes
dram  load  none       p10    61 median    63 p90    65
pmem  load  none       p10    61 median    63 p90    65
dram  load  clwb       p10   103 median   111 p90   121
pmem  load  clwb       p10   103 median   112 p90   122
dram  load  clflushopt p10   237 median   243 p90   315
pmem  load  clflushopt p10   237 median   246 p90   696
dram  store none       p10    59 median    61 p90    61
pmem  store none       p10    59 median    61 p90    61
dram  store clwb       p10    91 median    97 p90   109
pmem  store clwb       p10    91 median    99 p90   109
dram  store clflushopt p10   115 median   117 p90   128
pmem  store clflushopt p10   115 median   117 p90   127
---- probe rep 14, load 0.62
cpu family 6 model 183 stepping 1 clwb yes clflushopt yes
dram  load  none       p10    61 median    63 p90    65
pmem  load  none       p10    61 median    63 p90    65
dram  load  clwb       p10   103 median   112 p90   121
pmem  load  clwb       p10   103 median   111 p90   121
dram  load  clflushopt p10   236 median   243 p90   688
pmem  load  clflushopt p10   237 median   245 p90   613
dram  store none       p10    59 median    61 p90    61
pmem  store none       p10    59 median    61 p90    61
dram  store clwb       p10    93 median   101 p90   111
pmem  store clwb       p10    91 median    99 p90   109
dram  store clflushopt p10   115 median   117 p90   127
pmem  store clflushopt p10   115 median   117 p90   127
---- probe rep 15, load 0.65
cpu family 6 model 183 stepping 1 clwb yes clflushopt yes
dram  load  none       p10    61 median    63 p90    65
pmem  load  none       p10    61 median    63 p90    65
dram  load  clwb       p10   103 median   111 p90   121
pmem  load  clwb       p10   103 median   111 p90   121
dram  load  clflushopt p10   237 median   247 p90   685
pmem  load  clflushopt p10   237 median   246 p90   696
dram  store none       p10    59 median    61 p90    61
pmem  store none       p10    59 median    61 p90    61
dram  store clwb       p10    91 median    97 p90   107
pmem  store clwb       p10    91 median    98 p90   108
dram  store clflushopt p10   115 median   117 p90   127
pmem  store clflushopt p10   115 median   117 p90   125
