backend pmem (MAP_SYNC + CLWB/SFENCE)
region file /mnt/pmem0/clwb/wizard-pwbench-u1000-p30239-0.region
writeback auto (production CPUID selection), CPUID selects CLWB
region 512 blocks of 2048 bytes, scratch 1 blocks
entry stride 8 bytes
apply entry
commits measured 20000, entries per commit 8
persist boundaries 20000, prepare calls 280000
boundaries per commit x1000 1000, clwb lines 280000
tsc cycles per microsecond 3417
boundary cycles: min 25 median 28 p90 30
boundary cycles: p99 32 max 6025
boundary ns: min 7 median 8 p90 8
boundary ns: p99 9 max 1763
total boundary cycles 564442
total prepare cycles 12191505
measured wall ns 80553820, boundary share x1000 46
wall ns per commit 4027
minor faults 1642 during the measured commits
OK
