backend pmem (MAP_SYNC + CLWB/SFENCE)
region file /mnt/pmem0/clwb/wizard-pwbench-u1000-p42491-0.region
writeback CLFLUSHOPT, CPUID selects CLWB
region 512 blocks of 2048 bytes, scratch 1 blocks
entry stride 64 bytes
apply entry
commits measured 20000, entries per commit 24
persist boundaries 20000, prepare calls 760000
boundaries per commit x1000 1000, clwb lines 760000
tsc cycles per microsecond 3417
boundary cycles: min 25 median 28 p90 30
boundary cycles: p99 40 max 110
boundary ns: min 7 median 8 p90 8
boundary ns: p99 11 max 32
total boundary cycles 572340
total prepare cycles 27173267
measured wall ns 209652787, boundary share x1000 38
wall ns per commit 10482
minor faults 4767 during the measured commits
OK
