backend pmem (MAP_SYNC + CLWB/SFENCE)
region file /mnt/pmem0/clwb/wizard-pwbench-u1000-p31371-0.region
writeback none -- no writeback, timing only, the region is NOT durable, CPUID selects CLWB
region 512 blocks of 2048 bytes, scratch 1 blocks
entry stride 64 bytes
apply batch
commits measured 20000, entries per commit 1
persist boundaries 20000, prepare calls 80000
boundaries per commit x1000 1000, clwb lines 80000
tsc cycles per microsecond 3417
boundary cycles: min 22 median 27 p90 44
boundary cycles: p99 52 max 144
boundary ns: min 6 median 7 p90 12
boundary ns: p99 15 max 42
total boundary cycles 673689
total prepare cycles 2085886
measured wall ns 33683995, boundary share x1000 23
wall ns per commit 1684
minor faults 275 during the measured commits
OK timing-only: writeback=none, the region was never durable
