backend pmem (MAP_SYNC + CLWB/SFENCE)
region file /mnt/pmem0/clwb/wizard-pwbench-u1000-p38213-0.region
writeback CLFLUSHOPT, CPUID selects CLWB
region 512 blocks of 2048 bytes, scratch 1 blocks
entry stride 8 bytes
apply entry
commits measured 120000, entries per commit 24
persist boundaries 120000, prepare calls 4560000
boundaries per commit x1000 1000, clwb lines 4560000
tsc cycles per microsecond 3417
boundary cycles: min 24 median 28 p90 30
boundary cycles: p99 40 max 7229
boundary ns: min 7 median 8 p90 8
boundary ns: p99 11 max 2115
total boundary cycles 3413803
total prepare cycles 182362887
measured wall ns 1485814143, boundary share x1000 36
wall ns per commit 12381
minor faults 28680 during the measured commits
OK
