backend pmem (MAP_SYNC + CLWB/SFENCE)
region file /mnt/pmem0/clwb/wizard-pwbench-u1000-p40756-0.region
writeback CLFLUSHOPT, CPUID selects CLWB
region 512 blocks of 2048 bytes, scratch 1 blocks
entry stride 64 bytes
apply batch
commits measured 120000, entries per commit 1
persist boundaries 120000, prepare calls 480000
boundaries per commit x1000 1000, clwb lines 480000
tsc cycles per microsecond 3417
boundary cycles: min 22 median 25 p90 27
boundary cycles: p99 29 max 6038
boundary ns: min 6 median 7 p90 7
boundary ns: p99 8 max 1767
total boundary cycles 3027727
total prepare cycles 18289948
measured wall ns 241873193, boundary share x1000 25
wall ns per commit 2015
minor faults 1727 during the measured commits
OK
