backend pmem (MAP_SYNC + CLWB/SFENCE)
region file /mnt/pmem0/clwb/wizard-pwbench-u1000-p41513-0.region
writeback none -- no writeback, timing only, the region is NOT durable, CPUID selects CLWB
region 512 blocks of 2048 bytes, scratch 1 blocks
entry stride 64 bytes
apply batch
commits measured 120000, entries per commit 24
persist boundaries 120000, prepare calls 4560000
boundaries per commit x1000 1000, clwb lines 4560000
tsc cycles per microsecond 3417
boundary cycles: min 25 median 28 p90 40
boundary cycles: p99 51 max 5481
boundary ns: min 7 median 8 p90 11
boundary ns: p99 14 max 1604
total boundary cycles 3660721
total prepare cycles 124300038
measured wall ns 1156117745, boundary share x1000 32
wall ns per commit 9634
minor faults 28680 during the measured commits
OK timing-only: writeback=none, the region was never durable
