backend pmem (MAP_SYNC + CLWB/SFENCE)
region file /mnt/pmem0/clwb/wizard-pwbench-u1000-p40314-0.region
writeback none -- no writeback, timing only, the region is NOT durable, CPUID selects CLWB
region 512 blocks of 2048 bytes, scratch 1 blocks
entry stride 8 bytes
apply batch
commits measured 120000, entries per commit 24
persist boundaries 120000, prepare calls 2160000
boundaries per commit x1000 1000, clwb lines 2160000
tsc cycles per microsecond 3417
boundary cycles: min 23 median 28 p90 40
boundary cycles: p99 59 max 5521
boundary ns: min 6 median 8 p90 11
boundary ns: p99 17 max 1615
total boundary cycles 3676102
total prepare cycles 57792496
measured wall ns 1273479601, boundary share x1000 14
wall ns per commit 10612
minor faults 28680 during the measured commits
OK timing-only: writeback=none, the region was never durable
