backend pmem (MAP_SYNC + CLWB/SFENCE)
region file /mnt/pmem0/clwb/wizard-pwbench-u1000-p36225-0.region
writeback auto (production CPUID selection), CPUID selects CLWB
region 512 blocks of 2048 bytes, scratch 1 blocks
entry stride 64 bytes
apply batch
commits measured 120000, entries per commit 24
persist boundaries 120000, prepare calls 4560000
boundaries per commit x1000 1000, clwb lines 4560000
tsc cycles per microsecond 3417
boundary cycles: min 23 median 28 p90 30
boundary cycles: p99 42 max 6165
boundary ns: min 6 median 8 p90 8
boundary ns: p99 12 max 1804
total boundary cycles 3422592
total prepare cycles 185231193
measured wall ns 1235885596, boundary share x1000 44
wall ns per commit 10299
minor faults 28680 during the measured commits
OK
