backend pmem (MAP_SYNC + CLWB/SFENCE)
region file /mnt/pmem0/clwb/wizard-pwbench-u1000-p39283-0.region
writeback none -- no writeback, timing only, the region is NOT durable, CPUID selects CLWB
region 512 blocks of 2048 bytes, scratch 1 blocks
entry stride 8 bytes
apply batch
commits measured 120000, entries per commit 24
persist boundaries 120000, prepare calls 2160000
boundaries per commit x1000 1000, clwb lines 2160000
tsc cycles per microsecond 3417
boundary cycles: min 25 median 28 p90 41
boundary cycles: p99 54 max 5742
boundary ns: min 7 median 8 p90 11
boundary ns: p99 15 max 1680
total boundary cycles 3681637
total prepare cycles 58917826
measured wall ns 1270151903, boundary share x1000 14
wall ns per commit 10584
minor faults 28680 during the measured commits
OK timing-only: writeback=none, the region was never durable
