backend pmem (MAP_SYNC + CLWB/SFENCE)
region file /mnt/pmem0/clwb/wizard-pwbench-u1000-p44283-0.region
writeback auto (production CPUID selection), CPUID selects CLWB
region 512 blocks of 2048 bytes, scratch 1 blocks
entry stride 8 bytes
apply batch
commits measured 20000, entries per commit 24
persist boundaries 20000, prepare calls 360000
boundaries per commit x1000 1000, clwb lines 360000
tsc cycles per microsecond 3417
boundary cycles: min 25 median 28 p90 30
boundary cycles: p99 42 max 105
boundary ns: min 7 median 8 p90 8
boundary ns: p99 12 max 30
total boundary cycles 569754
total prepare cycles 14638271
measured wall ns 213293381, boundary share x1000 20
wall ns per commit 10664
minor faults 4768 during the measured commits
OK
