backend pmem (MAP_SYNC + CLWB/SFENCE)
region file /mnt/pmem0/clwb/wizard-pwbench-u1000-p42201-0.region
writeback none -- no writeback, timing only, the region is NOT durable, CPUID selects CLWB
region 512 blocks of 2048 bytes, scratch 1 blocks
entry stride 64 bytes
apply batch
commits measured 120000, entries per commit 8
persist boundaries 120000, prepare calls 1680000
boundaries per commit x1000 1000, clwb lines 1680000
tsc cycles per microsecond 3417
boundary cycles: min 24 median 28 p90 30
boundary cycles: p99 37 max 4885
boundary ns: min 7 median 8 p90 8
boundary ns: p99 10 max 1429
total boundary cycles 3386299
total prepare cycles 45695225
measured wall ns 558253030, boundary share x1000 25
wall ns per commit 4652
minor faults 9931 during the measured commits
OK timing-only: writeback=none, the region was never durable
