backend pmem (MAP_SYNC + CLWB/SFENCE)
region file /mnt/pmem0/clwb/wizard-pwbench-u1000-p44079-0.region
writeback none -- no writeback, timing only, the region is NOT durable, CPUID selects CLWB
region 512 blocks of 2048 bytes, scratch 1 blocks
entry stride 8 bytes
apply batch
commits measured 20000, entries per commit 8
persist boundaries 20000, prepare calls 160000
boundaries per commit x1000 1000, clwb lines 160000
tsc cycles per microsecond 3417
boundary cycles: min 25 median 28 p90 30
boundary cycles: p99 42 max 4415
boundary ns: min 7 median 8 p90 8
boundary ns: p99 12 max 1292
total boundary cycles 574856
total prepare cycles 4279555
measured wall ns 85994013, boundary share x1000 16
wall ns per commit 4299
minor faults 1642 during the measured commits
OK timing-only: writeback=none, the region was never durable
