backend pmem (MAP_SYNC + CLWB/SFENCE)
region file /mnt/pmem0/clwb/wizard-pwbench-u1000-p30968-0.region
writeback auto (production CPUID selection), CPUID selects CLWB
region 512 blocks of 2048 bytes, scratch 1 blocks
entry stride 8 bytes
apply batch
commits measured 20000, entries per commit 1
persist boundaries 20000, prepare calls 80000
boundaries per commit x1000 1000, clwb lines 80000
tsc cycles per microsecond 3417
boundary cycles: min 22 median 25 p90 26
boundary cycles: p99 29 max 104
boundary ns: min 6 median 7 p90 7
boundary ns: p99 8 max 30
total boundary cycles 499763
total prepare cycles 3211722
measured wall ns 39253504, boundary share x1000 27
wall ns per commit 1962
minor faults 275 during the measured commits
OK
