backend pmem (MAP_SYNC + CLWB/SFENCE)
region file /mnt/pmem0/clwb/wizard-pwbench-u1000-p35874-0.region
writeback auto (production CPUID selection), CPUID selects CLWB
region 512 blocks of 2048 bytes, scratch 1 blocks
entry stride 64 bytes
apply batch
commits measured 120000, entries per commit 8
persist boundaries 120000, prepare calls 1680000
boundaries per commit x1000 1000, clwb lines 1680000
tsc cycles per microsecond 3417
boundary cycles: min 23 median 28 p90 30
boundary cycles: p99 35 max 9160
boundary ns: min 6 median 8 p90 8
boundary ns: p99 10 max 2680
total boundary cycles 3381509
total prepare cycles 67773955
measured wall ns 548767979, boundary share x1000 37
wall ns per commit 4573
minor faults 9931 during the measured commits
OK
