backend pmem (MAP_SYNC + CLWB/SFENCE)
region file /mnt/pmem0/clwb/wizard-pwbench-u1000-p29635-0.region
writeback auto (production CPUID selection), CPUID selects CLWB
region 512 blocks of 2048 bytes, scratch 1 blocks
entry stride 64 bytes
apply batch
commits measured 20000, entries per commit 24
persist boundaries 20000, prepare calls 760000
boundaries per commit x1000 1000, clwb lines 760000
tsc cycles per microsecond 3417
boundary cycles: min 24 median 28 p90 30
boundary cycles: p99 42 max 91
boundary ns: min 7 median 8 p90 8
boundary ns: p99 12 max 26
total boundary cycles 566845
total prepare cycles 31052093
measured wall ns 227344023, boundary share x1000 40
wall ns per commit 11367
minor faults 4767 during the measured commits
OK
