backend pmem (MAP_SYNC + CLWB/SFENCE)
region file /mnt/pmem0/clwb/wizard-pwbench-u1000-p42167-0.region
writeback CLFLUSHOPT, CPUID selects CLWB
region 512 blocks of 2048 bytes, scratch 1 blocks
entry stride 64 bytes
apply entry
commits measured 120000, entries per commit 8
persist boundaries 120000, prepare calls 1680000
boundaries per commit x1000 1000, clwb lines 1680000
tsc cycles per microsecond 3417
boundary cycles: min 25 median 28 p90 30
boundary cycles: p99 31 max 5012
boundary ns: min 7 median 8 p90 8
boundary ns: p99 9 max 1466
total boundary cycles 3352834
total prepare cycles 61281371
measured wall ns 521691359, boundary share x1000 36
wall ns per commit 4347
minor faults 9931 during the measured commits
OK
