backend pmem (MAP_SYNC + CLWB/SFENCE)
region file /mnt/pmem0/clwb/wizard-pwbench-u1000-p43077-0.region
writeback auto (production CPUID selection), CPUID selects CLWB
region 512 blocks of 2048 bytes, scratch 1 blocks
entry stride 64 bytes
apply batch
commits measured 20000, entries per commit 8
persist boundaries 20000, prepare calls 280000
boundaries per commit x1000 1000, clwb lines 280000
tsc cycles per microsecond 3417
boundary cycles: min 25 median 28 p90 30
boundary cycles: p99 35 max 72
boundary ns: min 7 median 8 p90 8
boundary ns: p99 10 max 21
total boundary cycles 558981
total prepare cycles 11319047
measured wall ns 84411218, boundary share x1000 41
wall ns per commit 4220
minor faults 1643 during the measured commits
OK
