backend pmem (MAP_SYNC + CLWB/SFENCE)
region file /mnt/pmem0/clwb/wizard-pwbench-u1000-p27623-0.region
writeback CLFLUSHOPT, CPUID selects CLWB
region 512 blocks of 2048 bytes, scratch 1 blocks
entry stride 64 bytes
apply batch
commits measured 20000, entries per commit 1
persist boundaries 20000, prepare calls 80000
boundaries per commit x1000 1000, clwb lines 80000
tsc cycles per microsecond 3417
boundary cycles: min 15 median 22 p90 24
boundary cycles: p99 26 max 40
boundary ns: min 4 median 6 p90 7
boundary ns: p99 7 max 11
total boundary cycles 428439
total prepare cycles 1874786
measured wall ns 19449986, boundary share x1000 34
wall ns per commit 972
minor faults 275 during the measured commits
OK
