backend pmem (MAP_SYNC + CLWB/SFENCE)
region file /mnt/pmem0/clwb/wizard-pwbench-u1000-p26748-0.region
writeback auto (production CPUID selection), CPUID selects CLWB
region 512 blocks of 2048 bytes, scratch 1 blocks
entry stride 8 bytes
apply entry
commits measured 120000, entries per commit 8
persist boundaries 120000, prepare calls 1680000
boundaries per commit x1000 1000, clwb lines 1680000
tsc cycles per microsecond 3417
boundary cycles: min 15 median 24 p90 26
boundary cycles: p99 30 max 3197
boundary ns: min 4 median 7 p90 7
boundary ns: p99 8 max 935
total boundary cycles 2838560
total prepare cycles 52625449
measured wall ns 272965199, boundary share x1000 59
wall ns per commit 2274
minor faults 9929 during the measured commits
OK
