backend pmem (MAP_SYNC + CLWB/SFENCE)
region file /mnt/pmem0/clwb/wizard-pwbench-u1000-p28031-0.region
writeback none -- no writeback, timing only, the region is NOT durable, CPUID selects CLWB
region 512 blocks of 2048 bytes, scratch 1 blocks
entry stride 64 bytes
apply batch
commits measured 20000, entries per commit 8
persist boundaries 20000, prepare calls 280000
boundaries per commit x1000 1000, clwb lines 280000
tsc cycles per microsecond 3417
boundary cycles: min 15 median 24 p90 26
boundary cycles: p99 29 max 46
boundary ns: min 4 median 7 p90 7
boundary ns: p99 8 max 13
total boundary cycles 482413
total prepare cycles 5856048
measured wall ns 43165900, boundary share x1000 42
wall ns per commit 2158
minor faults 1643 during the measured commits
OK timing-only: writeback=none, the region was never durable
