backend pmem (MAP_SYNC + CLWB/SFENCE)
region file /mnt/pmem0/clwb/wizard-pwbench-u1000-p25626-0.region
writeback CLFLUSHOPT, CPUID selects CLWB
region 512 blocks of 2048 bytes, scratch 1 blocks
entry stride 64 bytes
apply entry
commits measured 120000, entries per commit 1
persist boundaries 120000, prepare calls 480000
boundaries per commit x1000 1000, clwb lines 480000
tsc cycles per microsecond 3417
boundary cycles: min 14 median 21 p90 23
boundary cycles: p99 26 max 3104
boundary ns: min 4 median 6 p90 6
boundary ns: p99 7 max 908
total boundary cycles 2534267
total prepare cycles 12537453
measured wall ns 117274641, boundary share x1000 37
wall ns per commit 977
minor faults 1727 during the measured commits
OK
