backend pmem (MAP_SYNC + CLWB/SFENCE)
region file /mnt/pmem0/clwb/wizard-pwbench-u1000-p27105-0.region
writeback CLFLUSHOPT, CPUID selects CLWB
region 512 blocks of 2048 bytes, scratch 1 blocks
entry stride 8 bytes
apply batch
commits measured 20000, entries per commit 24
persist boundaries 20000, prepare calls 360000
boundaries per commit x1000 1000, clwb lines 360000
tsc cycles per microsecond 3417
boundary cycles: min 16 median 24 p90 26
boundary cycles: p99 30 max 4918
boundary ns: min 4 median 7 p90 7
boundary ns: p99 8 max 1439
total boundary cycles 491351
total prepare cycles 8376975
measured wall ns 104845490, boundary share x1000 24
wall ns per commit 5242
minor faults 4768 during the measured commits
OK
