backend pmem (MAP_SYNC + CLWB/SFENCE)
region file /mnt/pmem0/clwb/wizard-pwbench-u1000-p27725-0.region
writeback auto (production CPUID selection), CPUID selects CLWB
region 512 blocks of 2048 bytes, scratch 1 blocks
entry stride 8 bytes
apply batch
commits measured 20000, entries per commit 8
persist boundaries 20000, prepare calls 160000
boundaries per commit x1000 1000, clwb lines 160000
tsc cycles per microsecond 3417
boundary cycles: min 15 median 24 p90 26
boundary cycles: p99 29 max 89
boundary ns: min 4 median 7 p90 7
boundary ns: p99 8 max 26
total boundary cycles 490286
total prepare cycles 4015448
measured wall ns 42158649, boundary share x1000 31
wall ns per commit 2107
minor faults 1642 during the measured commits
OK
