backend pmem (MAP_SYNC + CLWB/SFENCE)
region file /mnt/pmem0/clwb/wizard-pwbench-u1000-p25592-0.region
writeback CLFLUSHOPT, CPUID selects CLWB
region 512 blocks of 2048 bytes, scratch 1 blocks
entry stride 64 bytes
apply batch
commits measured 120000, entries per commit 1
persist boundaries 120000, prepare calls 480000
boundaries per commit x1000 1000, clwb lines 480000
tsc cycles per microsecond 3417
boundary cycles: min 15 median 22 p90 24
boundary cycles: p99 27 max 267
boundary ns: min 4 median 6 p90 7
boundary ns: p99 7 max 78
total boundary cycles 2590625
total prepare cycles 11212064
measured wall ns 117622443, boundary share x1000 34
wall ns per commit 980
minor faults 1727 during the measured commits
OK
