backend pmem (MAP_SYNC + CLWB/SFENCE)
region file /mnt/pmem0/clwb/wizard-pwbench-u1000-p26255-0.region
writeback CLFLUSHOPT, CPUID selects CLWB
region 512 blocks of 2048 bytes, scratch 1 blocks
entry stride 64 bytes
apply batch
commits measured 20000, entries per commit 24
persist boundaries 20000, prepare calls 760000
boundaries per commit x1000 1000, clwb lines 760000
tsc cycles per microsecond 3417
boundary cycles: min 17 median 24 p90 26
boundary cycles: p99 30 max 77976
boundary ns: min 4 median 7 p90 7
boundary ns: p99 8 max 22820
total boundary cycles 565003
total prepare cycles 16997387
measured wall ns 109978149, boundary share x1000 46
wall ns per commit 5498
minor faults 4767 during the measured commits
OK
