backend pmem (MAP_SYNC + CLWB/SFENCE)
region file /mnt/pmem0/clwb/wizard-pwbench-u1000-p26051-0.region
writeback auto (production CPUID selection), CPUID selects CLWB
region 512 blocks of 2048 bytes, scratch 1 blocks
entry stride 8 bytes
apply entry
commits measured 20000, entries per commit 24
persist boundaries 20000, prepare calls 760000
boundaries per commit x1000 1000, clwb lines 760000
tsc cycles per microsecond 3417
boundary cycles: min 16 median 24 p90 26
boundary cycles: p99 29 max 251
boundary ns: min 4 median 7 p90 7
boundary ns: p99 8 max 73
total boundary cycles 483387
total prepare cycles 21668769
measured wall ns 114663562, boundary share x1000 56
wall ns per commit 5733
minor faults 4767 during the measured commits
OK
