backend pmem (MAP_SYNC + CLWB/SFENCE)
region file /mnt/pmem0/clwb/wizard-pwbench-u1000-p26799-0.region
writeback CLFLUSHOPT, CPUID selects CLWB
region 512 blocks of 2048 bytes, scratch 1 blocks
entry stride 8 bytes
apply entry
commits measured 20000, entries per commit 8
persist boundaries 20000, prepare calls 280000
boundaries per commit x1000 1000, clwb lines 280000
tsc cycles per microsecond 3417
boundary cycles: min 15 median 24 p90 26
boundary cycles: p99 29 max 84041
boundary ns: min 4 median 7 p90 7
boundary ns: p99 8 max 24594
total boundary cycles 597688
total prepare cycles 7490503
measured wall ns 54107204, boundary share x1000 43
wall ns per commit 2705
minor faults 1642 during the measured commits
OK
