backend pmem (MAP_SYNC + CLWB/SFENCE)
region file /mnt/pmem0/clwb/wizard-pwbench-u1000-p27156-0.region
writeback CLFLUSHOPT, CPUID selects CLWB
region 512 blocks of 2048 bytes, scratch 1 blocks
entry stride 8 bytes
apply entry
commits measured 120000, entries per commit 24
persist boundaries 120000, prepare calls 4560000
boundaries per commit x1000 1000, clwb lines 4560000
tsc cycles per microsecond 3417
boundary cycles: min 17 median 24 p90 26
boundary cycles: p99 30 max 89689
boundary ns: min 4 median 7 p90 7
boundary ns: p99 8 max 26247
total boundary cycles 3535726
total prepare cycles 118155176
measured wall ns 816928897, boundary share x1000 43
wall ns per commit 6807
minor faults 28680 during the measured commits
OK
