backend pmem (MAP_SYNC + CLWB/SFENCE)
region file /mnt/pmem0/clwb/wizard-pwbench-u1000-p28252-0.region
writeback auto (production CPUID selection), CPUID selects CLWB
region 512 blocks of 2048 bytes, scratch 1 blocks
entry stride 64 bytes
apply batch
commits measured 120000, entries per commit 24
persist boundaries 120000, prepare calls 4560000
boundaries per commit x1000 1000, clwb lines 4560000
tsc cycles per microsecond 3417
boundary cycles: min 17 median 24 p90 26
boundary cycles: p99 29 max 3486
boundary ns: min 4 median 7 p90 7
boundary ns: p99 8 max 1020
total boundary cycles 2938963
total prepare cycles 107820320
measured wall ns 661683848, boundary share x1000 48
wall ns per commit 5514
minor faults 28680 during the measured commits
OK
