backend pmem (MAP_SYNC + CLWB/SFENCE)
region file /mnt/pmem0/clwb/wizard-pwbench-u1000-p27020-0.region
writeback none -- no writeback, timing only, the region is NOT durable, CPUID selects CLWB
region 512 blocks of 2048 bytes, scratch 1 blocks
entry stride 64 bytes
apply batch
commits measured 120000, entries per commit 8
persist boundaries 120000, prepare calls 1680000
boundaries per commit x1000 1000, clwb lines 1680000
tsc cycles per microsecond 3417
boundary cycles: min 15 median 24 p90 26
boundary cycles: p99 32 max 623
boundary ns: min 4 median 7 p90 7
boundary ns: p99 9 max 182
total boundary cycles 2908967
total prepare cycles 35351517
measured wall ns 263740399, boundary share x1000 42
wall ns per commit 2197
minor faults 9931 during the measured commits
OK timing-only: writeback=none, the region was never durable
