backend pmem (MAP_SYNC + CLWB/SFENCE)
region file /mnt/pmem0/clwb/wizard-pwbench-u1000-p26238-0.region
writeback auto (production CPUID selection), CPUID selects CLWB
region 512 blocks of 2048 bytes, scratch 1 blocks
entry stride 64 bytes
apply entry
commits measured 120000, entries per commit 24
persist boundaries 120000, prepare calls 4560000
boundaries per commit x1000 1000, clwb lines 4560000
tsc cycles per microsecond 3417
boundary cycles: min 17 median 25 p90 41
boundary cycles: p99 44 max 3198
boundary ns: min 4 median 7 p90 11
boundary ns: p99 12 max 935
total boundary cycles 3426984
total prepare cycles 147605746
measured wall ns 642370683, boundary share x1000 68
wall ns per commit 5353
minor faults 28680 during the measured commits
OK
