backend pmem (MAP_SYNC + CLWB/SFENCE)
region file /mnt/pmem0/clwb/wizard-pwbench-u1000-p27241-0.region
writeback auto (production CPUID selection), CPUID selects CLWB
region 512 blocks of 2048 bytes, scratch 1 blocks
entry stride 64 bytes
apply entry
commits measured 20000, entries per commit 24
persist boundaries 20000, prepare calls 760000
boundaries per commit x1000 1000, clwb lines 760000
tsc cycles per microsecond 3417
boundary cycles: min 17 median 24 p90 26
boundary cycles: p99 29 max 419
boundary ns: min 4 median 7 p90 7
boundary ns: p99 8 max 122
total boundary cycles 482950
total prepare cycles 24531042
measured wall ns 106947704, boundary share x1000 68
wall ns per commit 5347
minor faults 4767 during the measured commits
OK
