backend direct (pwrite + O_DIRECT + fdatasync) on a file
directory /home/sean-tan/research/wizard-engine-PRs/bin/pwsieve-bench-block
region 256 blocks of 4096 bytes, rounds 20
segment span 32512 integers, capacity 167 segments, live segments 2
steps per round: warmup 8, measured 159
primes below 5429504: 376256 (reference sieve agrees)
steps measured 3180
tsc cycles per microsecond 3417
wall ns per step 1514118
step ns: mean 1514278
step ns: min 1063381 median 1546385 p90 1645676
step ns: p99 1899360 max 8332479
phase compute ns per step 458888
phase alloc ns per step 268265
phase bitmap ns per step 285169
phase publish ns per step 245864
phase retire ns per step 256065
boundaries per step x1000 4000
prepare calls per step x1000 11666
clwb lines per step x1000 0
minor faults per step x1000 2138
OK
