backend file (mmap + msync/fdatasync)
directory /mnt/pmem0/clwb
region 256 blocks of 4096 bytes, rounds 20
clock probe on: 4096 dependent single-cycle operations per probe; references busy and after a 250000 ns sleep
segment span 32512 integers, capacity 167 segments, live segments 2
steps per round: warmup 8, measured 159
primes below 5429504: 376256 (reference sieve agrees)
steps measured 3180
tsc cycles per microsecond 3417
wall ns per step 181699
step ns: mean 181712
step ns: min 155252 median 176919 p90 193945
step ns: p99 225058 max 926511
phase compute ns per step 154018
phase alloc ns per step 8152
phase bitmap ns per step 6613
phase publish ns per step 5282
phase retire ns per step 7637
boundaries per step x1000 4000
prepare calls per step x1000 11666
clwb lines per step x1000 0
minor faults per step x1000 12875
clock busy: ticks median 2577 p10 2571 p90 2581, implied MHz 5431, x1000 of busy 1000, first-probe excess ticks 0, samples 1000
clock after sleep: ticks median 7086 p10 2575 p90 12885, implied MHz 1975, x1000 of busy 363, first-probe excess ticks 4, samples 200
clock after sieve: ticks median 2577 p10 2571 p90 2581, implied MHz 5431, x1000 of busy 1000, first-probe excess ticks 0, samples 3180
clock after alloc: ticks median 2577 p10 2571 p90 2581, implied MHz 5431, x1000 of busy 1000, first-probe excess ticks 0, samples 3180
clock after bitmap: ticks median 2577 p10 2571 p90 2581, implied MHz 5431, x1000 of busy 1000, first-probe excess ticks 0, samples 3180
clock after count: ticks median 2577 p10 2571 p90 2581, implied MHz 5431, x1000 of busy 1000, first-probe excess ticks 0, samples 3180
clock after publish: ticks median 2577 p10 2571 p90 2581, implied MHz 5431, x1000 of busy 1000, first-probe excess ticks 0, samples 3180
clock after retire: ticks median 2577 p10 2571 p90 2581, implied MHz 5431, x1000 of busy 1000, first-probe excess ticks 0, samples 3180
clock probe ns per step 9532 (removed from the figures above)
OK
