backend file (mmap + msync/fdatasync)
directory /home/sean-tan/research/wizard-engine-PRs/bin/pwsieve-bench-block
region 256 blocks of 4096 bytes, rounds 20
clock probe on: 4096 dependent single-cycle operations per probe; references busy and after a 250000 ns sleep
segment span 32512 integers, capacity 167 segments, live segments 2
steps per round: warmup 8, measured 159
primes below 5429504: 376256 (reference sieve agrees)
steps measured 3180
tsc cycles per microsecond 3417
wall ns per step 1515772
step ns: mean 1515946
step ns: min 1052886 median 1559581 p90 1641997
step ns: p99 1876976 max 8327668
phase compute ns per step 484380
phase alloc ns per step 264234
phase bitmap ns per step 255108
phase publish ns per step 254911
phase retire ns per step 257272
boundaries per step x1000 4000
prepare calls per step x1000 11666
clwb lines per step x1000 0
minor faults per step x1000 12871
clock busy: ticks median 2577 p10 2571 p90 2581, implied MHz 5431, x1000 of busy 1000, first-probe excess ticks 0, samples 1000
clock after sleep: ticks median 7852 p10 2573 p90 12905, implied MHz 1782, x1000 of busy 328, first-probe excess ticks 1, samples 200
clock after sieve: ticks median 8854 p10 4883 p90 9458, implied MHz 1580, x1000 of busy 291, first-probe excess ticks 0, samples 3180
clock after alloc: ticks median 8855 p10 4882 p90 9456, implied MHz 1580, x1000 of busy 291, first-probe excess ticks 0, samples 3180
clock after bitmap: ticks median 8858 p10 4883 p90 9458, implied MHz 1580, x1000 of busy 290, first-probe excess ticks 0, samples 3180
clock after count: ticks median 8857 p10 4887 p90 9458, implied MHz 1580, x1000 of busy 290, first-probe excess ticks 0, samples 3180
clock after publish: ticks median 8858 p10 4895 p90 9458, implied MHz 1580, x1000 of busy 290, first-probe excess ticks 0, samples 3180
clock after retire: ticks median 8858 p10 5053 p90 9458, implied MHz 1580, x1000 of busy 290, first-probe excess ticks 0, samples 3180
clock probe ns per step 29800 (removed from the figures above)
OK
