backend pmem (MAP_SYNC + CLWB/SFENCE)
directory /mnt/pmem0/clwb
writeback auto (production CPUID selection), CPUID selects CLWB
region 256 blocks of 4096 bytes, rounds 20
clock probe on: 4096 dependent single-cycle operations per probe; references busy and after a 250000 ns sleep
segment span 32512 integers, capacity 167 segments, live segments 2
steps per round: warmup 8, measured 159
primes below 5429504: 376256 (reference sieve agrees)
steps measured 3180
tsc cycles per microsecond 3417
wall ns per step 167061
step ns: mean 167071
step ns: min 142918 median 163963 p90 181671
step ns: p99 196068 max 780072
phase compute ns per step 152500
phase alloc ns per step 3236
phase bitmap ns per step 5970
phase publish ns per step 2305
phase retire ns per step 3042
boundaries per step x1000 4000
prepare calls per step x1000 0
clwb lines per step x1000 94584
minor faults per step x1000 2205
clock busy: ticks median 2575 p10 2571 p90 2581, implied MHz 5435, x1000 of busy 1000, first-probe excess ticks 0, samples 1000
clock after sleep: ticks median 7451 p10 2575 p90 12897, implied MHz 1878, x1000 of busy 345, first-probe excess ticks 0, samples 200
clock after sieve: ticks median 2577 p10 2571 p90 2581, implied MHz 5431, x1000 of busy 999, first-probe excess ticks 0, samples 3180
clock after alloc: ticks median 2577 p10 2571 p90 2581, implied MHz 5431, x1000 of busy 999, first-probe excess ticks 0, samples 3180
clock after bitmap: ticks median 2577 p10 2571 p90 2581, implied MHz 5431, x1000 of busy 999, first-probe excess ticks 0, samples 3180
clock after count: ticks median 2577 p10 2571 p90 2581, implied MHz 5431, x1000 of busy 999, first-probe excess ticks 0, samples 3180
clock after publish: ticks median 2577 p10 2571 p90 2581, implied MHz 5431, x1000 of busy 999, first-probe excess ticks 0, samples 3180
clock after retire: ticks median 2577 p10 2571 p90 2581, implied MHz 5431, x1000 of busy 999, first-probe excess ticks 0, samples 3180
clock probe ns per step 9391 (removed from the figures above)
OK
