backend direct (pwrite + O_DIRECT + fdatasync) on a file
directory /home/sean-tan/research/wizard-engine-PRs/bin/pwsieve-bench-block
region 256 blocks of 4096 bytes, rounds 20
segment span 32512 integers, capacity 167 segments, live segments 2
steps per round: warmup 8, measured 159
primes below 5429504: 376256 (reference sieve agrees)
steps measured 3180
tsc cycles per microsecond 3417
wall ns per step 1511929
step ns: mean 1512084
step ns: min 1064840 median 1547438 p90 1647296
step ns: p99 1887579 max 8003338
phase compute ns per step 457655
phase alloc ns per step 270421
phase bitmap ns per step 283044
phase publish ns per step 247140
phase retire ns per step 253797
boundaries per step x1000 4000
prepare calls per step x1000 11666
clwb lines per step x1000 0
minor faults per step x1000 2138
OK
