backend direct (pwrite + O_DIRECT + fdatasync) on a file
directory /home/sean-tan/research/wizard-engine-PRs/bin/pwsieve-bench-block
region 256 blocks of 4096 bytes, rounds 20
clock probe on: 4096 dependent single-cycle operations per probe; references busy and after a 250000 ns sleep
segment span 32512 integers, capacity 167 segments, live segments 2
steps per round: warmup 8, measured 159
primes below 5429504: 376256 (reference sieve agrees)
steps measured 3180
tsc cycles per microsecond 3417
wall ns per step 1489349
step ns: mean 1489526
step ns: min 1080195 median 1517456 p90 1615516
step ns: p99 1870558 max 8024722
phase compute ns per step 442850
phase alloc ns per step 270960
phase bitmap ns per step 280853
phase publish ns per step 245245
phase retire ns per step 249583
boundaries per step x1000 4000
prepare calls per step x1000 11666
clwb lines per step x1000 0
minor faults per step x1000 2203
clock busy: ticks median 2575 p10 2571 p90 2581, implied MHz 5435, x1000 of busy 1000, first-probe excess ticks 0, samples 1000
clock after sleep: ticks median 7079 p10 2575 p90 12885, implied MHz 1977, x1000 of busy 363, first-probe excess ticks 0, samples 200
clock after sieve: ticks median 7875 p10 4573 p90 8849, implied MHz 1777, x1000 of busy 326, first-probe excess ticks 0, samples 3180
clock after alloc: ticks median 7875 p10 4580 p90 8853, implied MHz 1777, x1000 of busy 326, first-probe excess ticks 0, samples 3180
clock after bitmap: ticks median 7876 p10 4579 p90 8854, implied MHz 1777, x1000 of busy 326, first-probe excess ticks 0, samples 3180
clock after count: ticks median 7876 p10 4711 p90 8854, implied MHz 1777, x1000 of busy 326, first-probe excess ticks 0, samples 3180
clock after publish: ticks median 7881 p10 4715 p90 8857, implied MHz 1775, x1000 of busy 326, first-probe excess ticks 0, samples 3180
clock after retire: ticks median 7879 p10 4719 p90 8858, implied MHz 1776, x1000 of busy 326, first-probe excess ticks 0, samples 3180
clock probe ns per step 27174 (removed from the figures above)
OK
