backend file (mmap + msync/fdatasync)
directory /home/sean-tan/research/wizard-engine-PRs/bin/pwsieve-bench-block
region 256 blocks of 4096 bytes, rounds 20
segment span 32512 integers, capacity 167 segments, live segments 2
steps per round: warmup 8, measured 159
primes below 5429504: 376256 (reference sieve agrees)
steps measured 3180
tsc cycles per microsecond 3417
wall ns per step 1542064
step ns: mean 1542223
step ns: min 1061396 median 1576697 p90 1672985
step ns: p99 1897153 max 8473630
phase compute ns per step 503488
phase alloc ns per step 266117
phase bitmap ns per step 255518
phase publish ns per step 255894
phase retire ns per step 261176
boundaries per step x1000 4000
prepare calls per step x1000 11666
clwb lines per step x1000 0
minor faults per step x1000 12807
OK
