backend direct (pwrite + O_DIRECT + fdatasync) on a file
directory /home/sean-tan/research/wizard-engine-PRs/bin/pwsieve-bench-block
region 256 blocks of 4096 bytes, rounds 20
clock probe on: 4096 dependent single-cycle operations per probe; references busy and after a 250000 ns sleep
segment span 32512 integers, capacity 167 segments, live segments 2
steps per round: warmup 8, measured 159
primes below 5429504: 376256 (reference sieve agrees)
steps measured 3180
tsc cycles per microsecond 3417
wall ns per step 1492163
step ns: mean 1492339
step ns: min 1080891 median 1518492 p90 1613975
step ns: p99 1909350 max 8300291
phase compute ns per step 442154
phase alloc ns per step 270641
phase bitmap ns per step 282107
phase publish ns per step 246556
phase retire ns per step 250847
boundaries per step x1000 4000
prepare calls per step x1000 11666
clwb lines per step x1000 0
minor faults per step x1000 2208
clock busy: ticks median 2577 p10 2571 p90 2581, implied MHz 5431, x1000 of busy 1000, first-probe excess ticks 0, samples 1000
clock after sleep: ticks median 7091 p10 2575 p90 12901, implied MHz 1973, x1000 of busy 363, first-probe excess ticks 4, samples 200
clock after sieve: ticks median 7877 p10 4563 p90 8840, implied MHz 1776, x1000 of busy 327, first-probe excess ticks 0, samples 3180
clock after alloc: ticks median 7876 p10 4566 p90 8845, implied MHz 1777, x1000 of busy 327, first-probe excess ticks 0, samples 3180
clock after bitmap: ticks median 7877 p10 4573 p90 8845, implied MHz 1776, x1000 of busy 327, first-probe excess ticks 0, samples 3180
clock after count: ticks median 7879 p10 4573 p90 8845, implied MHz 1776, x1000 of busy 327, first-probe excess ticks 0, samples 3180
clock after publish: ticks median 7880 p10 4572 p90 8848, implied MHz 1776, x1000 of busy 327, first-probe excess ticks 0, samples 3180
clock after retire: ticks median 7880 p10 4575 p90 8849, implied MHz 1776, x1000 of busy 327, first-probe excess ticks 0, samples 3180
clock probe ns per step 27111 (removed from the figures above)
OK
