backend file (mmap + msync/fdatasync)
directory /home/sean-tan/research/wizard-engine-PRs/bin/pwsieve-bench-block
region 256 blocks of 4096 bytes, rounds 20
clock probe on: 4096 dependent single-cycle operations per probe; references busy and after a 250000 ns sleep
segment span 32512 integers, capacity 167 segments, live segments 2
steps per round: warmup 8, measured 159
primes below 5429504: 376256 (reference sieve agrees)
steps measured 3180
tsc cycles per microsecond 3417
wall ns per step 1519869
step ns: mean 1520044
step ns: min 1054672 median 1562750 p90 1642654
step ns: p99 1871413 max 7935788
phase compute ns per step 486822
phase alloc ns per step 266736
phase bitmap ns per step 255820
phase publish ns per step 254216
phase retire ns per step 256410
boundaries per step x1000 4000
prepare calls per step x1000 11666
clwb lines per step x1000 0
minor faults per step x1000 12870
clock busy: ticks median 2577 p10 2571 p90 2581, implied MHz 5431, x1000 of busy 1000, first-probe excess ticks 0, samples 1000
clock after sleep: ticks median 7447 p10 2575 p90 12877, implied MHz 1879, x1000 of busy 346, first-probe excess ticks 0, samples 200
clock after sieve: ticks median 8858 p10 4895 p90 9458, implied MHz 1580, x1000 of busy 290, first-probe excess ticks 0, samples 3180
clock after alloc: ticks median 8861 p10 4893 p90 9460, implied MHz 1579, x1000 of busy 290, first-probe excess ticks 0, samples 3180
clock after bitmap: ticks median 8862 p10 4899 p90 9460, implied MHz 1579, x1000 of busy 290, first-probe excess ticks 0, samples 3180
clock after count: ticks median 8861 p10 5055 p90 9461, implied MHz 1579, x1000 of busy 290, first-probe excess ticks 0, samples 3180
clock after publish: ticks median 8862 p10 5057 p90 9460, implied MHz 1579, x1000 of busy 290, first-probe excess ticks 0, samples 3180
clock after retire: ticks median 8861 p10 5057 p90 9461, implied MHz 1579, x1000 of busy 290, first-probe excess ticks 0, samples 3180
clock probe ns per step 29984 (removed from the figures above)
OK
