backend direct (pwrite + O_DIRECT + fdatasync) on a file
directory /home/sean-tan/research/wizard-engine-PRs/bin/pwsieve-bench-block
region 256 blocks of 4096 bytes, rounds 20
segment span 32512 integers, capacity 167 segments, live segments 2
steps per round: warmup 8, measured 159
primes below 5429504: 376256 (reference sieve agrees)
steps measured 3180
tsc cycles per microsecond 3417
wall ns per step 1510103
step ns: mean 1510262
step ns: min 1063666 median 1546921 p90 1646320
step ns: p99 1848862 max 8392206
phase compute ns per step 457222
phase alloc ns per step 268162
phase bitmap ns per step 285715
phase publish ns per step 246134
phase retire ns per step 253003
boundaries per step x1000 4000
prepare calls per step x1000 11666
clwb lines per step x1000 0
minor faults per step x1000 2138
OK
