backend file (mmap + msync/fdatasync)
directory /mnt/pmem0/clwb
region 256 blocks of 4096 bytes, rounds 20
clock probe on: 4096 dependent single-cycle operations per probe; references busy and after a 250000 ns sleep
segment span 32512 integers, capacity 167 segments, live segments 2
steps per round: warmup 8, measured 159
primes below 5429504: 376256 (reference sieve agrees)
steps measured 3180
tsc cycles per microsecond 3417
wall ns per step 180997
step ns: mean 181010
step ns: min 155589 median 175290 p90 193860
step ns: p99 223330 max 930182
phase compute ns per step 153169
phase alloc ns per step 8194
phase bitmap ns per step 6764
phase publish ns per step 5241
phase retire ns per step 7631
boundaries per step x1000 4000
prepare calls per step x1000 11666
clwb lines per step x1000 0
minor faults per step x1000 12873
clock busy: ticks median 2577 p10 2571 p90 2581, implied MHz 5431, x1000 of busy 1000, first-probe excess ticks 0, samples 1000
clock after sleep: ticks median 7072 p10 2575 p90 12893, implied MHz 1979, x1000 of busy 364, first-probe excess ticks 0, samples 200
clock after sieve: ticks median 2577 p10 2571 p90 2581, implied MHz 5431, x1000 of busy 1000, first-probe excess ticks 0, samples 3180
clock after alloc: ticks median 2577 p10 2571 p90 2581, implied MHz 5431, x1000 of busy 1000, first-probe excess ticks 0, samples 3180
clock after bitmap: ticks median 2577 p10 2571 p90 2581, implied MHz 5431, x1000 of busy 1000, first-probe excess ticks 0, samples 3180
clock after count: ticks median 2577 p10 2571 p90 2581, implied MHz 5431, x1000 of busy 1000, first-probe excess ticks 0, samples 3180
clock after publish: ticks median 2577 p10 2571 p90 2581, implied MHz 5431, x1000 of busy 1000, first-probe excess ticks 0, samples 3180
clock after retire: ticks median 2577 p10 2571 p90 2581, implied MHz 5431, x1000 of busy 1000, first-probe excess ticks 0, samples 3180
clock probe ns per step 9542 (removed from the figures above)
OK
