backend file (mmap + msync/fdatasync)
directory /mnt/pmem0/clwb
region 256 blocks of 4096 bytes, rounds 20
segment span 32512 integers, capacity 167 segments, live segments 2
steps per round: warmup 8, measured 159
primes below 5429504: 376256 (reference sieve agrees)
steps measured 3180
tsc cycles per microsecond 3417
wall ns per step 180493
step ns: mean 180501
step ns: min 154899 median 173428 p90 193971
step ns: p99 229385 max 952318
phase compute ns per step 152743
phase alloc ns per step 8182
phase bitmap ns per step 6605
phase publish ns per step 5284
phase retire ns per step 7680
boundaries per step x1000 4000
prepare calls per step x1000 11666
clwb lines per step x1000 0
minor faults per step x1000 12808
OK
