backend direct (pwrite + O_DIRECT + fdatasync) on a file
directory /home/sean-tan/research/wizard-engine-PRs/bin/pwsieve-bench-block
region 256 blocks of 4096 bytes, rounds 20
clock probe on: 4096 dependent single-cycle operations per probe; references busy and after a 250000 ns sleep
segment span 32512 integers, capacity 167 segments, live segments 2
steps per round: warmup 8, measured 159
primes below 5429504: 376256 (reference sieve agrees)
steps measured 3180
tsc cycles per microsecond 3417
wall ns per step 1490511
step ns: mean 1490690
step ns: min 1076258 median 1517075 p90 1614236
step ns: p99 1884726 max 8417571
phase compute ns per step 443483
phase alloc ns per step 266435
phase bitmap ns per step 282505
phase publish ns per step 246922
phase retire ns per step 251309
boundaries per step x1000 4000
prepare calls per step x1000 11666
clwb lines per step x1000 0
minor faults per step x1000 2207
clock busy: ticks median 2577 p10 2571 p90 2581, implied MHz 5431, x1000 of busy 1000, first-probe excess ticks 0, samples 1000
clock after sleep: ticks median 7099 p10 2575 p90 12897, implied MHz 1971, x1000 of busy 363, first-probe excess ticks 1, samples 200
clock after sieve: ticks median 7878 p10 4563 p90 8845, implied MHz 1776, x1000 of busy 327, first-probe excess ticks 0, samples 3180
clock after alloc: ticks median 7878 p10 4569 p90 8845, implied MHz 1776, x1000 of busy 327, first-probe excess ticks 0, samples 3180
clock after bitmap: ticks median 7878 p10 4568 p90 8845, implied MHz 1776, x1000 of busy 327, first-probe excess ticks 0, samples 3180
clock after count: ticks median 7880 p10 4570 p90 8845, implied MHz 1776, x1000 of busy 327, first-probe excess ticks 0, samples 3180
clock after publish: ticks median 7882 p10 4577 p90 8850, implied MHz 1775, x1000 of busy 326, first-probe excess ticks 0, samples 3180
clock after retire: ticks median 7883 p10 4717 p90 8850, implied MHz 1775, x1000 of busy 326, first-probe excess ticks 0, samples 3180
clock probe ns per step 27195 (removed from the figures above)
OK
