backend file (mmap + msync/fdatasync)
directory /mnt/pmem0/clwb
region 256 blocks of 4096 bytes, rounds 20
segment span 32512 integers, capacity 167 segments, live segments 2
steps per round: warmup 8, measured 159
primes below 5429504: 376256 (reference sieve agrees)
steps measured 3180
tsc cycles per microsecond 3417
wall ns per step 180476
step ns: mean 180486
step ns: min 154683 median 173488 p90 193399
step ns: p99 229251 max 942620
phase compute ns per step 152672
phase alloc ns per step 8195
phase bitmap ns per step 6668
phase publish ns per step 5271
phase retire ns per step 7671
boundaries per step x1000 4000
prepare calls per step x1000 11666
clwb lines per step x1000 0
minor faults per step x1000 12808
OK
