backend pmem (MAP_SYNC + CLWB/SFENCE)
directory /mnt/pmem0/clwb
writeback auto (production CPUID selection), CPUID selects CLWB
region 256 blocks of 4096 bytes, rounds 20
clock probe on: 4096 dependent single-cycle operations per probe; references busy and after a 250000 ns sleep
segment span 32512 integers, capacity 167 segments, live segments 2
steps per round: warmup 8, measured 159
primes below 5429504: 376256 (reference sieve agrees)
steps measured 3180
tsc cycles per microsecond 3417
wall ns per step 168938
step ns: mean 168948
step ns: min 143167 median 164352 p90 182100
step ns: p99 208772 max 790181
phase compute ns per step 154200
phase alloc ns per step 3310
phase bitmap ns per step 6021
phase publish ns per step 2328
phase retire ns per step 3075
boundaries per step x1000 4000
prepare calls per step x1000 0
clwb lines per step x1000 94584
minor faults per step x1000 2206
clock busy: ticks median 2576 p10 2571 p90 2581, implied MHz 5433, x1000 of busy 1000, first-probe excess ticks 0, samples 1000
clock after sleep: ticks median 7458 p10 2575 p90 12872, implied MHz 1876, x1000 of busy 345, first-probe excess ticks 4, samples 200
clock after sieve: ticks median 2577 p10 2571 p90 2581, implied MHz 5431, x1000 of busy 999, first-probe excess ticks 0, samples 3180
clock after alloc: ticks median 2577 p10 2571 p90 2581, implied MHz 5431, x1000 of busy 999, first-probe excess ticks 0, samples 3180
clock after bitmap: ticks median 2577 p10 2571 p90 2581, implied MHz 5431, x1000 of busy 999, first-probe excess ticks 0, samples 3180
clock after count: ticks median 2577 p10 2571 p90 2581, implied MHz 5431, x1000 of busy 999, first-probe excess ticks 0, samples 3180
clock after publish: ticks median 2577 p10 2571 p90 2581, implied MHz 5431, x1000 of busy 999, first-probe excess ticks 0, samples 3180
clock after retire: ticks median 2577 p10 2571 p90 2581, implied MHz 5431, x1000 of busy 999, first-probe excess ticks 0, samples 3180
clock probe ns per step 9510 (removed from the figures above)
OK
