backend file (mmap + msync/fdatasync)
directory /mnt/pmem0/clwb
region 256 blocks of 4096 bytes, rounds 20
segment span 32512 integers, capacity 167 segments, live segments 2
steps per round: warmup 8, measured 159
primes below 5429504: 376256 (reference sieve agrees)
steps measured 3180
tsc cycles per microsecond 3417
wall ns per step 180133
step ns: mean 180142
step ns: min 155255 median 173280 p90 193197
step ns: p99 226273 max 940518
phase compute ns per step 152296
phase alloc ns per step 8214
phase bitmap ns per step 6666
phase publish ns per step 5296
phase retire ns per step 7662
boundaries per step x1000 4000
prepare calls per step x1000 11666
clwb lines per step x1000 0
minor faults per step x1000 12808
OK
