backend pmem (MAP_SYNC + CLWB/SFENCE)
region file /mnt/pmem0.0/sean/wizard-pwbench-u7599095-p137124-0.region
writeback none -- no writeback, timing only, the region is NOT durable, CPUID selects CLWB
region 512 blocks of 2048 bytes, scratch 1 blocks
entry stride 64 bytes
apply batch
commits measured 20000, entries per commit 8
persist boundaries 20000, prepare calls 280000
boundaries per commit x1000 1000, clwb lines 280000
tsc cycles per microsecond 2294
boundary cycles: min 24 median 26 p90 28
boundary cycles: p99 28 max 46
boundary ns: min 10 median 11 p90 12
boundary ns: p99 12 max 20
total boundary cycles 526124
total prepare cycles 5737994
measured wall ns 180017504, boundary share x1000 15
wall ns per commit 9000
minor faults 1643 during the measured commits
OK timing-only: writeback=none, the region was never durable
