backend pmem (MAP_SYNC + CLWB/SFENCE)
region file /mnt/pmem0.0/sean/wizard-pwbench-u7599095-p135984-0.region
writeback auto (production CPUID selection), CPUID selects CLWB
region 512 blocks of 2048 bytes, scratch 1 blocks
entry stride 64 bytes
apply batch
commits measured 20000, entries per commit 1
persist boundaries 20000, prepare calls 80000
boundaries per commit x1000 1000, clwb lines 80000
tsc cycles per microsecond 2294
boundary cycles: min 22 median 26 p90 28
boundary cycles: p99 30 max 56
boundary ns: min 9 median 11 p90 12
boundary ns: p99 13 max 24
total boundary cycles 532534
total prepare cycles 5822676
measured wall ns 90294910, boundary share x1000 30
wall ns per commit 4514
minor faults 275 during the measured commits
OK
