backend pmem (MAP_SYNC + CLWB/SFENCE)
region file /mnt/pmem0.0/sean/wizard-pwbench-u7599095-p135550-0.region
writeback auto (production CPUID selection), CPUID selects CLWB
region 512 blocks of 2048 bytes, scratch 1 blocks
entry stride 8 bytes
apply batch
commits measured 20000, entries per commit 24
persist boundaries 20000, prepare calls 360000
boundaries per commit x1000 1000, clwb lines 360000
tsc cycles per microsecond 2294
boundary cycles: min 24 median 26 p90 28
boundary cycles: p99 32 max 3836
boundary ns: min 10 median 11 p90 12
boundary ns: p99 13 max 1672
total boundary cycles 530490
total prepare cycles 26852058
measured wall ns 440945900, boundary share x1000 27
wall ns per commit 22047
minor faults 4768 during the measured commits
OK
