backend pmem (MAP_SYNC + CLWB/SFENCE)
region file /mnt/pmem0.0/sean/wizard-pwbench-u7599095-p136605-0.region
writeback none -- no writeback, timing only, the region is NOT durable, CPUID selects CLWB
region 512 blocks of 2048 bytes, scratch 1 blocks
entry stride 64 bytes
apply batch
commits measured 120000, entries per commit 24
persist boundaries 120000, prepare calls 4560000
boundaries per commit x1000 1000, clwb lines 4560000
tsc cycles per microsecond 2294
boundary cycles: min 22 median 26 p90 34
boundary cycles: p99 52 max 3436
boundary ns: min 9 median 11 p90 14
boundary ns: p99 22 max 1497
total boundary cycles 3415712
total prepare cycles 92829596
measured wall ns 2591189119, boundary share x1000 16
wall ns per commit 21593
minor faults 28680 during the measured commits
OK timing-only: writeback=none, the region was never durable
