backend pmem (MAP_SYNC + CLWB/SFENCE)
region file /mnt/pmem0.0/sean/wizard-pwbench-u7599095-p136371-0.region
writeback auto (production CPUID selection), CPUID selects CLWB
region 512 blocks of 2048 bytes, scratch 1 blocks
entry stride 8 bytes
apply batch
commits measured 120000, entries per commit 24
persist boundaries 120000, prepare calls 2160000
boundaries per commit x1000 1000, clwb lines 2160000
tsc cycles per microsecond 2294
boundary cycles: min 22 median 28 p90 46
boundary cycles: p99 54 max 224
boundary ns: min 9 median 12 p90 20
boundary ns: p99 23 max 97
total boundary cycles 4234624
total prepare cycles 161377050
measured wall ns 2650062533, boundary share x1000 27
wall ns per commit 22083
minor faults 28680 during the measured commits
OK
