backend pmem (MAP_SYNC + CLWB/SFENCE)
region file /mnt/pmem0.0/sean/wizard-pwbench-u7599095-p135733-0.region
writeback auto (production CPUID selection), CPUID selects CLWB
region 512 blocks of 2048 bytes, scratch 1 blocks
entry stride 64 bytes
apply batch
commits measured 120000, entries per commit 24
persist boundaries 120000, prepare calls 4560000
boundaries per commit x1000 1000, clwb lines 4560000
tsc cycles per microsecond 2294
boundary cycles: min 22 median 26 p90 46
boundary cycles: p99 48 max 3448
boundary ns: min 9 median 11 p90 20
boundary ns: p99 20 max 1503
total boundary cycles 3496286
total prepare cycles 337446732
measured wall ns 2812985670, boundary share x1000 52
wall ns per commit 23441
minor faults 28680 during the measured commits
OK
