backend pmem (MAP_SYNC + CLWB/SFENCE)
region file /mnt/pmem0.0/sean/wizard-pwbench-u7599095-p135852-0.region
writeback auto (production CPUID selection), CPUID selects CLWB
region 512 blocks of 2048 bytes, scratch 1 blocks
entry stride 8 bytes
apply entry
commits measured 20000, entries per commit 1
persist boundaries 20000, prepare calls 80000
boundaries per commit x1000 1000, clwb lines 80000
tsc cycles per microsecond 2294
boundary cycles: min 20 median 26 p90 28
boundary cycles: p99 30 max 60
boundary ns: min 8 median 11 p90 12
boundary ns: p99 13 max 26
total boundary cycles 531858
total prepare cycles 5900440
measured wall ns 89981197, boundary share x1000 31
wall ns per commit 4499
minor faults 275 during the measured commits
OK
