backend pmem (MAP_SYNC + CLWB/SFENCE)
region file /mnt/pmem0.0/sean/wizard-pwbench-u7599095-p135014-0.region
writeback auto (production CPUID selection), CPUID selects CLWB
region 512 blocks of 2048 bytes, scratch 1 blocks
entry stride 8 bytes
apply batch
commits measured 20000, entries per commit 1
persist boundaries 20000, prepare calls 80000
boundaries per commit x1000 1000, clwb lines 80000
tsc cycles per microsecond 2294
boundary cycles: min 22 median 26 p90 30
boundary cycles: p99 32 max 3628
boundary ns: min 9 median 11 p90 13
boundary ns: p99 13 max 1581
total boundary cycles 541434
total prepare cycles 5971682
measured wall ns 92093363, boundary share x1000 30
wall ns per commit 4604
minor faults 275 during the measured commits
OK
