backend pmem (MAP_SYNC + CLWB/SFENCE)
region file /mnt/pmem0.0/sean/wizard-pwbench-u7599095-p136873-0.region
writeback none -- no writeback, timing only, the region is NOT durable, CPUID selects CLWB
region 512 blocks of 2048 bytes, scratch 1 blocks
entry stride 64 bytes
apply batch
commits measured 120000, entries per commit 1
persist boundaries 120000, prepare calls 480000
boundaries per commit x1000 1000, clwb lines 480000
tsc cycles per microsecond 2294
boundary cycles: min 20 median 26 p90 28
boundary cycles: p99 32 max 35236
boundary ns: min 8 median 11 p90 12
boundary ns: p99 13 max 15360
total boundary cycles 3282202
total prepare cycles 10429408
measured wall ns 457090521, boundary share x1000 13
wall ns per commit 3809
minor faults 1727 during the measured commits
OK timing-only: writeback=none, the region was never durable
