backend pmem (MAP_SYNC + CLWB/SFENCE)
region file /mnt/pmem0.0/sean/wizard-pwbench-u7599095-p137409-0.region
writeback none -- no writeback, timing only, the region is NOT durable, CPUID selects CLWB
region 512 blocks of 2048 bytes, scratch 1 blocks
entry stride 64 bytes
apply batch
commits measured 120000, entries per commit 24
persist boundaries 120000, prepare calls 4560000
boundaries per commit x1000 1000, clwb lines 4560000
tsc cycles per microsecond 2294
boundary cycles: min 22 median 26 p90 28
boundary cycles: p99 40 max 3382
boundary ns: min 9 median 11 p90 12
boundary ns: p99 17 max 1474
total boundary cycles 3261810
total prepare cycles 93097660
measured wall ns 2593672754, boundary share x1000 16
wall ns per commit 21613
minor faults 28680 during the measured commits
OK timing-only: writeback=none, the region was never durable
