backend pmem (MAP_SYNC + CLWB/SFENCE)
region file /mnt/pmem0.0/sean/wizard-pwbench-u7599095-p136439-0.region
writeback none -- no writeback, timing only, the region is NOT durable, CPUID selects CLWB
region 512 blocks of 2048 bytes, scratch 1 blocks
entry stride 8 bytes
apply batch
commits measured 120000, entries per commit 24
persist boundaries 120000, prepare calls 2160000
boundaries per commit x1000 1000, clwb lines 2160000
tsc cycles per microsecond 2294
boundary cycles: min 22 median 28 p90 46
boundary cycles: p99 54 max 178
boundary ns: min 9 median 12 p90 20
boundary ns: p99 23 max 77
total boundary cycles 4105084
total prepare cycles 44100126
measured wall ns 2567097085, boundary share x1000 8
wall ns per commit 21392
minor faults 28680 during the measured commits
OK timing-only: writeback=none, the region was never durable
