backend pmem (MAP_SYNC + CLWB/SFENCE)
region file /mnt/pmem0.0/sean/wizard-pwbench-u7599095-p137243-0.region
writeback none -- no writeback, timing only, the region is NOT durable, CPUID selects CLWB
region 512 blocks of 2048 bytes, scratch 1 blocks
entry stride 8 bytes
apply batch
commits measured 120000, entries per commit 24
persist boundaries 120000, prepare calls 2160000
boundaries per commit x1000 1000, clwb lines 2160000
tsc cycles per microsecond 2294
boundary cycles: min 22 median 26 p90 32
boundary cycles: p99 40 max 3736
boundary ns: min 9 median 11 p90 13
boundary ns: p99 17 max 1628
total boundary cycles 3312114
total prepare cycles 44016990
measured wall ns 2568024122, boundary share x1000 8
wall ns per commit 21400
minor faults 28680 during the measured commits
OK timing-only: writeback=none, the region was never durable
