backend pmem (MAP_SYNC + CLWB/SFENCE)
region file /mnt/pmem0.0/sean/wizard-pwbench-u7599095-p135767-0.region
writeback auto (production CPUID selection), CPUID selects CLWB
region 512 blocks of 2048 bytes, scratch 1 blocks
entry stride 64 bytes
apply entry
commits measured 120000, entries per commit 24
persist boundaries 120000, prepare calls 4560000
boundaries per commit x1000 1000, clwb lines 4560000
tsc cycles per microsecond 2294
boundary cycles: min 22 median 28 p90 46
boundary cycles: p99 52 max 226
boundary ns: min 9 median 12 p90 20
boundary ns: p99 22 max 98
total boundary cycles 3884800
total prepare cycles 337368772
measured wall ns 2719871720, boundary share x1000 54
wall ns per commit 22665
minor faults 28680 during the measured commits
OK
