backend pmem (MAP_SYNC + CLWB/SFENCE)
region file /mnt/pmem0.0/sean/wizard-pwbench-u7599095-p136354-0.region
writeback auto (production CPUID selection), CPUID selects CLWB
region 512 blocks of 2048 bytes, scratch 1 blocks
entry stride 8 bytes
apply batch
commits measured 20000, entries per commit 24
persist boundaries 20000, prepare calls 360000
boundaries per commit x1000 1000, clwb lines 360000
tsc cycles per microsecond 2294
boundary cycles: min 22 median 28 p90 46
boundary cycles: p99 52 max 82
boundary ns: min 9 median 12 p90 20
boundary ns: p99 22 max 35
total boundary cycles 678222
total prepare cycles 26728398
measured wall ns 441638230, boundary share x1000 27
wall ns per commit 22081
minor faults 4768 during the measured commits
OK
