backend pmem (MAP_SYNC + CLWB/SFENCE)
region file /mnt/pmem0.0/sean/wizard-pwbench-u7599095-p136839-0.region
writeback auto (production CPUID selection), CPUID selects CLWB
region 512 blocks of 2048 bytes, scratch 1 blocks
entry stride 64 bytes
apply entry
commits measured 120000, entries per commit 1
persist boundaries 120000, prepare calls 480000
boundaries per commit x1000 1000, clwb lines 480000
tsc cycles per microsecond 2294
boundary cycles: min 20 median 26 p90 28
boundary cycles: p99 30 max 3404
boundary ns: min 8 median 11 p90 12
boundary ns: p99 13 max 1483
total boundary cycles 3193160
total prepare cycles 35401178
measured wall ns 532446519, boundary share x1000 31
wall ns per commit 4437
minor faults 1727 during the measured commits
OK
