backend pmem (MAP_SYNC + CLWB/SFENCE)
region file /mnt/pmem0.0/sean/wizard-pwbench-u7599095-p136388-0.region
writeback auto (production CPUID selection), CPUID selects CLWB
region 512 blocks of 2048 bytes, scratch 1 blocks
entry stride 8 bytes
apply entry
commits measured 20000, entries per commit 24
persist boundaries 20000, prepare calls 760000
boundaries per commit x1000 1000, clwb lines 760000
tsc cycles per microsecond 2294
boundary cycles: min 22 median 26 p90 28
boundary cycles: p99 32 max 3502
boundary ns: min 9 median 11 p90 12
boundary ns: p99 13 max 1526
total boundary cycles 530622
total prepare cycles 56324102
measured wall ns 753565482, boundary share x1000 32
wall ns per commit 37678
minor faults 4767 during the measured commits
OK
