---- probe rep 1, load 0.17
cpu family 6 model 183 stepping 1 clwb yes clflushopt yes
dram  load  none       p10    33 median    34 p90    36
pmem  load  none       p10    33 median    34 p90    36
dram  load  clwb       p10    65 median    77 p90    91
pmem  load  clwb       p10    65 median    75 p90    89
dram  load  clflushopt p10   212 median   220 p90   408
pmem  load  clflushopt p10   185 median   216 p90   696
dram  store none       p10    49 median    50 p90    52
pmem  store none       p10    49 median    50 p90    52
dram  store clwb       p10    67 median    77 p90    89
pmem  store clwb       p10    67 median    77 p90    89
dram  store clflushopt p10    75 median    87 p90   101
pmem  store clflushopt p10    75 median    83 p90    97
---- probe rep 2, load 0.17
cpu family 6 model 183 stepping 1 clwb yes clflushopt yes
dram  load  none       p10    32 median    33 p90    34
pmem  load  none       p10    32 median    33 p90    34
dram  load  clwb       p10    63 median    73 p90    87
pmem  load  clwb       p10    63 median    73 p90    85
dram  load  clflushopt p10   212 median   219 p90   411
pmem  load  clflushopt p10   184 median   214 p90   465
dram  store none       p10    49 median    50 p90    52
pmem  store none       p10    49 median    50 p90    52
dram  store clwb       p10    67 median    75 p90    87
pmem  store clwb       p10    67 median    77 p90    89
dram  store clflushopt p10    75 median    83 p90    95
pmem  store clflushopt p10    75 median    83 p90    97
---- probe rep 3, load 0.17
cpu family 6 model 183 stepping 1 clwb yes clflushopt yes
dram  load  none       p10    32 median    33 p90    34
pmem  load  none       p10    32 median    33 p90    34
dram  load  clwb       p10    63 median    71 p90    87
pmem  load  clwb       p10    63 median    73 p90    85
dram  load  clflushopt p10   204 median   218 p90   480
pmem  load  clflushopt p10   185 median   216 p90   696
dram  store none       p10    49 median    50 p90    52
pmem  store none       p10    49 median    50 p90    52
dram  store clwb       p10    65 median    73 p90    87
pmem  store clwb       p10    67 median    77 p90    89
dram  store clflushopt p10    74 median    83 p90    97
pmem  store clflushopt p10    75 median    83 p90    97
