backend pmem (MAP_SYNC + CLWB/SFENCE)
region file /mnt/pmem0/clwb/wizard-pwbench-u1000-p15205-0.region
writeback auto (production CPUID selection), CPUID selects CLWB
region 512 blocks of 2048 bytes, scratch 1 blocks
entry stride 8 bytes
apply batch
commits measured 20000, entries per commit 8
persist boundaries 20000, prepare calls 160000
boundaries per commit x1000 1000, clwb lines 160000
tsc cycles per microsecond 3417
boundary cycles: min 15 median 24 p90 26
boundary cycles: p99 32 max 2266
boundary ns: min 4 median 7 p90 7
boundary ns: p99 9 max 663
total boundary cycles 495461
total prepare cycles 4050737
measured wall ns 42482584, boundary share x1000 31
wall ns per commit 2124
minor faults 1642 during the measured commits
OK
