backend pmem (MAP_SYNC + CLWB/SFENCE)
region file /mnt/pmem0/clwb/wizard-pwbench-u1000-p14779-0.region
writeback auto (production CPUID selection), CPUID selects CLWB
region 512 blocks of 2048 bytes, scratch 1 blocks
entry stride 8 bytes
apply batch
commits measured 20000, entries per commit 24
persist boundaries 20000, prepare calls 360000
boundaries per commit x1000 1000, clwb lines 360000
tsc cycles per microsecond 3417
boundary cycles: min 17 median 24 p90 26
boundary cycles: p99 29 max 662
boundary ns: min 4 median 7 p90 7
boundary ns: p99 8 max 193
total boundary cycles 489212
total prepare cycles 8842171
measured wall ns 105091080, boundary share x1000 25
wall ns per commit 5254
minor faults 4768 during the measured commits
OK
