backend pmem (MAP_SYNC + CLWB/SFENCE)
region file /mnt/pmem0/clwb/wizard-pwbench-u1000-p14369-0.region
writeback auto (production CPUID selection), CPUID selects CLWB
region 512 blocks of 2048 bytes, scratch 1 blocks
entry stride 8 bytes
apply batch
commits measured 120000, entries per commit 1
persist boundaries 120000, prepare calls 480000
boundaries per commit x1000 1000, clwb lines 480000
tsc cycles per microsecond 3417
boundary cycles: min 14 median 22 p90 24
boundary cycles: p99 26 max 3497
boundary ns: min 4 median 6 p90 7
boundary ns: p99 7 max 1023
total boundary cycles 2607748
total prepare cycles 11992623
measured wall ns 113562175, boundary share x1000 37
wall ns per commit 946
minor faults 1727 during the measured commits
OK
