backend pmem (MAP_SYNC + CLWB/SFENCE)
region file /mnt/pmem0/clwb/wizard-pwbench-u1000-p15867-0.region
writeback auto (production CPUID selection), CPUID selects CLWB
region 512 blocks of 2048 bytes, scratch 1 blocks
entry stride 8 bytes
apply entry
commits measured 20000, entries per commit 8
persist boundaries 20000, prepare calls 280000
boundaries per commit x1000 1000, clwb lines 280000
tsc cycles per microsecond 3417
boundary cycles: min 16 median 24 p90 26
boundary cycles: p99 35 max 71
boundary ns: min 4 median 7 p90 7
boundary ns: p99 10 max 20
total boundary cycles 474486
total prepare cycles 9106879
measured wall ns 45713784, boundary share x1000 61
wall ns per commit 2285
minor faults 1642 during the measured commits
OK
