backend pmem (MAP_SYNC + CLWB/SFENCE)
region file /mnt/pmem0/clwb/wizard-pwbench-u1000-p15475-0.region
writeback CLFLUSHOPT, CPUID selects CLWB
region 512 blocks of 2048 bytes, scratch 1 blocks
entry stride 8 bytes
apply batch
commits measured 20000, entries per commit 24
persist boundaries 20000, prepare calls 360000
boundaries per commit x1000 1000, clwb lines 360000
tsc cycles per microsecond 3417
boundary cycles: min 18 median 24 p90 26
boundary cycles: p99 30 max 80567
boundary ns: min 5 median 7 p90 7
boundary ns: p99 8 max 23578
total boundary cycles 612504
total prepare cycles 8746470
measured wall ns 105723846, boundary share x1000 25
wall ns per commit 5286
minor faults 4768 during the measured commits
OK
