backend pmem (MAP_SYNC + CLWB/SFENCE)
region file /mnt/pmem0/clwb/wizard-pwbench-u1000-p15441-0.region
writeback auto (production CPUID selection), CPUID selects CLWB
region 512 blocks of 2048 bytes, scratch 1 blocks
entry stride 8 bytes
apply entry
commits measured 20000, entries per commit 24
persist boundaries 20000, prepare calls 760000
boundaries per commit x1000 1000, clwb lines 760000
tsc cycles per microsecond 3417
boundary cycles: min 16 median 24 p90 26
boundary cycles: p99 29 max 69
boundary ns: min 4 median 7 p90 7
boundary ns: p99 8 max 20
total boundary cycles 483694
total prepare cycles 21945455
measured wall ns 113970224, boundary share x1000 57
wall ns per commit 5698
minor faults 4767 during the measured commits
OK
