backend pmem (MAP_SYNC + CLWB/SFENCE)
region file /mnt/pmem0/clwb/wizard-pwbench-u1000-p16125-0.region
writeback CLFLUSHOPT, CPUID selects CLWB
region 512 blocks of 2048 bytes, scratch 1 blocks
entry stride 8 bytes
apply batch
commits measured 20000, entries per commit 24
persist boundaries 20000, prepare calls 360000
boundaries per commit x1000 1000, clwb lines 360000
tsc cycles per microsecond 3417
boundary cycles: min 15 median 24 p90 26
boundary cycles: p99 28 max 4549
boundary ns: min 4 median 7 p90 7
boundary ns: p99 8 max 1331
total boundary cycles 495732
total prepare cycles 8563406
measured wall ns 108028059, boundary share x1000 24
wall ns per commit 5401
minor faults 4768 during the measured commits
OK
