backend direct (pwrite + O_DIRECT + fdatasync) on a file
directory /home/sean-tan/research/wizard-engine-PRs/bin/pwsieve-bench-block
region 256 blocks of 4096 bytes, rounds 20
segment span 32512 integers, capacity 167 segments, live segments 2
steps per round: warmup 8, measured 159
primes below 5429504: 376256 (reference sieve agrees)
steps measured 3180
tsc cycles per microsecond 3417
wall ns per step 1273350
step ns: mean 1273487
step ns: min 1198214 median 1273968 p90 1301093
step ns: p99 1352170 max 8024649
phase compute ns per step 269097
phase alloc ns per step 256905
phase bitmap ns per step 264481
phase publish ns per step 243776
phase retire ns per step 239206
boundaries per step x1000 4000
prepare calls per step x1000 11666
clwb lines per step x1000 0
minor faults per step x1000 2142
OK
