backend pmem (MAP_SYNC + CLWB/SFENCE)
directory /mnt/pmem0/clwb
writeback auto (production CPUID selection), CPUID selects CLWB
region 256 blocks of 4096 bytes, rounds 20
segment span 32512 integers, capacity 167 segments, live segments 2
steps per round: warmup 8, measured 159
primes below 5429504: 376256 (reference sieve agrees)
steps measured 3180
tsc cycles per microsecond 3417
wall ns per step 315684
step ns: mean 315706
step ns: min 264776 median 305930 p90 388205
step ns: p99 406822 max 439800
phase compute ns per step 289695
phase alloc ns per step 5757
phase bitmap ns per step 10393
phase publish ns per step 4331
phase retire ns per step 5519
boundaries per step x1000 4000
prepare calls per step x1000 0
clwb lines per step x1000 94584
minor faults per step x1000 2141
OK
