backend pmem (MAP_SYNC + CLWB/SFENCE)
directory /mnt/pmem0/clwb
writeback none -- no writeback, timing only, the region is NOT durable, CPUID selects CLWB
region 256 blocks of 4096 bytes, rounds 20
segment span 32512 integers, capacity 167 segments, live segments 2
steps per round: warmup 8, measured 159
primes below 5429504: 376256 (reference sieve agrees)
steps measured 3180
tsc cycles per microsecond 3417
wall ns per step 304764
step ns: mean 304785
step ns: min 260877 median 300370 p90 314719
step ns: p99 393770 max 402678
phase compute ns per step 279361
phase alloc ns per step 5729
phase bitmap ns per step 9929
phase publish ns per step 4291
phase retire ns per step 5463
boundaries per step x1000 4000
prepare calls per step x1000 0
clwb lines per step x1000 94584
minor faults per step x1000 2141
OK timing-only: writeback=none, the region was never durable
