backend pmem (MAP_SYNC + CLWB/SFENCE)
directory /mnt/pmem0/clwb
writeback auto (production CPUID selection), CPUID selects CLWB
region 256 blocks of 4096 bytes, rounds 20
segment span 32512 integers, capacity 167 segments, live segments 2
steps per round: warmup 8, measured 159
primes below 5429504: 376256 (reference sieve agrees)
steps measured 3180
tsc cycles per microsecond 3417
wall ns per step 304813
step ns: mean 304834
step ns: min 260944 median 301970 p90 317748
step ns: p99 392402 max 401730
phase compute ns per step 278500
phase alloc ns per step 5783
phase bitmap ns per step 10663
phase publish ns per step 4350
phase retire ns per step 5527
boundaries per step x1000 4000
prepare calls per step x1000 0
clwb lines per step x1000 94584
minor faults per step x1000 2141
OK
