backend pmem (MAP_SYNC + CLWB/SFENCE)
directory /mnt/pmem0/clwb
writeback CLFLUSHOPT, CPUID selects CLWB
region 256 blocks of 4096 bytes, rounds 20
segment span 32512 integers, capacity 167 segments, live segments 2
steps per round: warmup 8, measured 159
primes below 5429504: 376256 (reference sieve agrees)
steps measured 3180
tsc cycles per microsecond 3417
wall ns per step 306549
step ns: mean 306571
step ns: min 265014 median 302642 p90 320695
step ns: p99 396086 max 429151
phase compute ns per step 280038
phase alloc ns per step 5971
phase bitmap ns per step 10424
phase publish ns per step 4358
phase retire ns per step 5759
boundaries per step x1000 4000
prepare calls per step x1000 0
clwb lines per step x1000 94584
minor faults per step x1000 2143
OK
