backend direct (pwrite + O_DIRECT + fdatasync) on a file
directory /home/sean-tan/research/wizard-engine-PRs/bin/pwsieve-bench-block
region 256 blocks of 4096 bytes, rounds 20
segment span 32512 integers, capacity 167 segments, live segments 2
steps per round: warmup 8, measured 159
primes below 5429504: 376256 (reference sieve agrees)
steps measured 3180
tsc cycles per microsecond 3417
wall ns per step 1276637
step ns: mean 1276774
step ns: min 1194873 median 1271364 p90 1299062
step ns: p99 1374256 max 8060856
phase compute ns per step 270197
phase alloc ns per step 256936
phase bitmap ns per step 267661
phase publish ns per step 244294
phase retire ns per step 237664
boundaries per step x1000 4000
prepare calls per step x1000 11666
clwb lines per step x1000 0
minor faults per step x1000 2142
OK
