backend file (mmap + msync/fdatasync)
directory /mnt/pmem0/clwb
region 256 blocks of 4096 bytes, rounds 20
segment span 32512 integers, capacity 167 segments, live segments 2
steps per round: warmup 8, measured 159
primes below 5429504: 376256 (reference sieve agrees)
steps measured 3180
tsc cycles per microsecond 3417
wall ns per step 339730
step ns: mean 339740
step ns: min 280660 median 324425 p90 411404
step ns: p99 433803 max 462033
phase compute ns per step 292363
phase alloc ns per step 13917
phase bitmap ns per step 11861
phase publish ns per step 9210
phase retire ns per step 12376
boundaries per step x1000 4000
prepare calls per step x1000 11666
clwb lines per step x1000 0
minor faults per step x1000 12807
OK
