backend pmem (MAP_SYNC + CLWB/SFENCE)
directory /mnt/pmem0/clwb
writeback CLFLUSHOPT, CPUID selects CLWB
region 256 blocks of 4096 bytes, rounds 20
segment span 32512 integers, capacity 167 segments, live segments 2
steps per round: warmup 8, measured 159
primes below 5429504: 376256 (reference sieve agrees)
steps measured 3180
tsc cycles per microsecond 3417
wall ns per step 322698
step ns: mean 322721
step ns: min 261237 median 305310 p90 394733
step ns: p99 411005 max 481868
phase compute ns per step 296148
phase alloc ns per step 5970
phase bitmap ns per step 10466
phase publish ns per step 4361
phase retire ns per step 5755
boundaries per step x1000 4000
prepare calls per step x1000 0
clwb lines per step x1000 94584
minor faults per step x1000 2143
OK
