backend pmem (MAP_SYNC + CLWB/SFENCE)
directory /mnt/pmem0/clwb
writeback CLFLUSHOPT, CPUID selects CLWB
region 256 blocks of 4096 bytes, rounds 20
segment span 32512 integers, capacity 167 segments, live segments 2
steps per round: warmup 8, measured 159
primes below 5429504: 376256 (reference sieve agrees)
steps measured 3180
tsc cycles per microsecond 3417
wall ns per step 303546
step ns: mean 303566
step ns: min 265356 median 302352 p90 316422
step ns: p99 393211 max 416918
phase compute ns per step 276866
phase alloc ns per step 6042
phase bitmap ns per step 10435
phase publish ns per step 4406
phase retire ns per step 5795
boundaries per step x1000 4000
prepare calls per step x1000 0
clwb lines per step x1000 94584
minor faults per step x1000 2143
OK
