backend file (mmap + msync/fdatasync)
directory /home/sean-tan/research/wizard-engine-PRs/bin/pwsieve-bench-block
region 256 blocks of 4096 bytes, rounds 20
segment span 32512 integers, capacity 167 segments, live segments 2
steps per round: warmup 8, measured 159
primes below 5429504: 376256 (reference sieve agrees)
steps measured 3180
tsc cycles per microsecond 3417
wall ns per step 1264638
step ns: mean 1264771
step ns: min 1190526 median 1250477 p90 1276570
step ns: p99 1395188 max 8032087
phase compute ns per step 263815
phase alloc ns per step 250218
phase bitmap ns per step 251927
phase publish ns per step 248828
phase retire ns per step 249964
boundaries per step x1000 4000
prepare calls per step x1000 11666
clwb lines per step x1000 0
minor faults per step x1000 12808
OK
