backend pmem (MAP_SYNC + CLWB/SFENCE)
directory /mnt/pmem0/clwb
writeback none -- no writeback, timing only, the region is NOT durable, CPUID selects CLWB
region 256 blocks of 4096 bytes, rounds 20
segment span 32512 integers, capacity 167 segments, live segments 2
steps per round: warmup 8, measured 159
primes below 5429504: 376256 (reference sieve agrees)
steps measured 3180
tsc cycles per microsecond 3417
wall ns per step 319692
step ns: mean 319713
step ns: min 265214 median 306566 p90 392400
step ns: p99 409796 max 423530
phase compute ns per step 294063
phase alloc ns per step 5722
phase bitmap ns per step 10218
phase publish ns per step 4268
phase retire ns per step 5430
boundaries per step x1000 4000
prepare calls per step x1000 0
clwb lines per step x1000 94584
minor faults per step x1000 2141
OK timing-only: writeback=none, the region was never durable
