backend direct (pwrite + O_DIRECT + fdatasync) on a file
directory /home/sean-tan/research/wizard-engine-PRs/bin/pwsieve-bench-block
region 256 blocks of 4096 bytes, rounds 20
segment span 32512 integers, capacity 167 segments, live segments 2
steps per round: warmup 8, measured 159
primes below 5429504: 376256 (reference sieve agrees)
steps measured 3180
tsc cycles per microsecond 3417
wall ns per step 1284193
step ns: mean 1284330
step ns: min 1197301 median 1274807 p90 1325020
step ns: p99 1403368 max 7921229
phase compute ns per step 271991
phase alloc ns per step 259791
phase bitmap ns per step 266901
phase publish ns per step 245718
phase retire ns per step 239907
boundaries per step x1000 4000
prepare calls per step x1000 11666
clwb lines per step x1000 0
minor faults per step x1000 2142
OK
