backend file (mmap + msync/fdatasync)
directory /home/sean-tan/research/wizard-engine-PRs/bin/pwsieve-bench-block
region 256 blocks of 4096 bytes, rounds 20
segment span 32512 integers, capacity 167 segments, live segments 2
steps per round: warmup 8, measured 159
primes below 5429504: 376256 (reference sieve agrees)
steps measured 3180
tsc cycles per microsecond 3417
wall ns per step 1261945
step ns: mean 1262077
step ns: min 1195283 median 1247723 p90 1274155
step ns: p99 1411659 max 7878104
phase compute ns per step 264445
phase alloc ns per step 253277
phase bitmap ns per step 252049
phase publish ns per step 247293
phase retire ns per step 244996
boundaries per step x1000 4000
prepare calls per step x1000 11666
clwb lines per step x1000 0
minor faults per step x1000 12808
OK
