backend file (mmap + msync/fdatasync)
directory /mnt/pmem0/clwb
region 256 blocks of 4096 bytes, rounds 20
segment span 32512 integers, capacity 167 segments, live segments 2
steps per round: warmup 8, measured 159
primes below 5429504: 376256 (reference sieve agrees)
steps measured 3180
tsc cycles per microsecond 3417
wall ns per step 327383
step ns: mean 327395
step ns: min 279690 median 320836 p90 345235
step ns: p99 420556 max 440016
phase compute ns per step 281907
phase alloc ns per step 13162
phase bitmap ns per step 11880
phase publish ns per step 8715
phase retire ns per step 11717
boundaries per step x1000 4000
prepare calls per step x1000 11666
clwb lines per step x1000 0
minor faults per step x1000 12807
OK
