backend pmem (MAP_SYNC + CLWB/SFENCE)
directory /mnt/pmem0/clwb
writeback none -- no writeback, timing only, the region is NOT durable, CPUID selects CLWB
region 256 blocks of 4096 bytes, rounds 20
segment span 32512 integers, capacity 167 segments, live segments 2
steps per round: warmup 8, measured 159
primes below 5429504: 376256 (reference sieve agrees)
steps measured 3180
tsc cycles per microsecond 3417
wall ns per step 313276
step ns: mean 313298
step ns: min 260553 median 304018 p90 385664
step ns: p99 403076 max 428088
phase compute ns per step 287359
phase alloc ns per step 5777
phase bitmap ns per step 10344
phase publish ns per step 4319
phase retire ns per step 5487
boundaries per step x1000 4000
prepare calls per step x1000 0
clwb lines per step x1000 94584
minor faults per step x1000 2141
OK timing-only: writeback=none, the region was never durable
