backend file (mmap + msync/fdatasync)
directory /home/sean-tan/research/wizard-engine-PRs/bin/pwsieve-bench-block
region 256 blocks of 4096 bytes, rounds 20
segment span 32512 integers, capacity 167 segments, live segments 2
steps per round: warmup 8, measured 159
primes below 5429504: 376256 (reference sieve agrees)
steps measured 3180
tsc cycles per microsecond 3417
wall ns per step 1263073
step ns: mean 1263204
step ns: min 1196290 median 1250269 p90 1276419
step ns: p99 1302868 max 8029806
phase compute ns per step 264201
phase alloc ns per step 249727
phase bitmap ns per step 251982
phase publish ns per step 250355
phase retire ns per step 246920
boundaries per step x1000 4000
prepare calls per step x1000 11666
clwb lines per step x1000 0
minor faults per step x1000 12808
OK
