backend file (mmap + msync/fdatasync)
directory /home/users/u7599095
region 256 blocks of 4096 bytes, rounds 20
segment span 32512 integers, capacity 167 segments, live segments 2
steps per round: warmup 8, measured 159
primes below 5429504: 376256 (reference sieve agrees)
steps measured 3180
tsc cycles per microsecond 2294
wall ns per step 2355348
step ns: mean 2355803
step ns: min 1226031 median 2329371 p90 2805826
step ns: p99 3189356 max 51219874
phase compute ns per step 1094162
phase alloc ns per step 407786
phase bitmap ns per step 226172
phase publish ns per step 373058
phase retire ns per step 254499
boundaries per step x1000 4000
prepare calls per step x1000 11666
clwb lines per step x1000 0
minor faults per step x1000 12809
OK
