backend file (mmap + msync/fdatasync)
directory /mnt/pmem0.0/sean
region 256 blocks of 4096 bytes, rounds 20
segment span 32512 integers, capacity 167 segments, live segments 2
steps per round: warmup 8, measured 159
primes below 5429504: 376256 (reference sieve agrees)
steps measured 3180
tsc cycles per microsecond 2294
wall ns per step 524219
step ns: mean 524330
step ns: min 477438 median 523978 p90 542586
step ns: p99 559538 max 1626065
phase compute ns per step 430816
phase alloc ns per step 29153
phase bitmap ns per step 19776
phase publish ns per step 20853
phase retire ns per step 23708
boundaries per step x1000 4000
prepare calls per step x1000 11666
clwb lines per step x1000 0
minor faults per step x1000 12807
OK
