backend file (mmap + msync/fdatasync)
directory /mnt/pmem0.0/sean
region 256 blocks of 4096 bytes, rounds 20
clock probe on: 4096 dependent single-cycle operations per probe; references busy and after a 250000 ns sleep
segment span 32512 integers, capacity 167 segments, live segments 2
steps per round: warmup 8, measured 159
primes below 5429504: 376256 (reference sieve agrees)
steps measured 3180
tsc cycles per microsecond 2294
wall ns per step 523116
step ns: mean 523231
step ns: min 478462 median 522903 p90 540481
step ns: p99 557736 max 1251075
phase compute ns per step 429861
phase alloc ns per step 29041
phase bitmap ns per step 19817
phase publish ns per step 20789
phase retire ns per step 23692
boundaries per step x1000 4000
prepare calls per step x1000 11666
clwb lines per step x1000 0
minor faults per step x1000 12872
clock busy: ticks median 2646 p10 2644 p90 2646, implied MHz 3551, x1000 of busy 1000, first-probe excess ticks 0, samples 1000
clock after sleep: ticks median 9524 p10 9518 p90 9528, implied MHz 986, x1000 of busy 277, first-probe excess ticks 2, samples 200
clock after sieve: ticks median 2646 p10 2644 p90 2648, implied MHz 3551, x1000 of busy 1000, first-probe excess ticks 0, samples 3180
clock after alloc: ticks median 2646 p10 2644 p90 2646, implied MHz 3551, x1000 of busy 1000, first-probe excess ticks 0, samples 3180
clock after bitmap: ticks median 2646 p10 2644 p90 2648, implied MHz 3551, x1000 of busy 1000, first-probe excess ticks 0, samples 3180
clock after count: ticks median 2646 p10 2644 p90 2646, implied MHz 3551, x1000 of busy 1000, first-probe excess ticks 0, samples 3180
clock after publish: ticks median 2646 p10 2644 p90 2648, implied MHz 3551, x1000 of busy 1000, first-probe excess ticks 0, samples 3180
clock after retire: ticks median 2646 p10 2644 p90 2646, implied MHz 3551, x1000 of busy 1000, first-probe excess ticks 0, samples 3180
clock probe ns per step 14459 (removed from the figures above)
OK
