backend pmem (MAP_SYNC + CLWB/SFENCE)
directory /mnt/pmem0.0/sean
writeback auto (production CPUID selection), CPUID selects CLWB
region 256 blocks of 4096 bytes, rounds 20
segment span 32512 integers, capacity 167 segments, live segments 2
steps per round: warmup 8, measured 159
primes below 5429504: 376256 (reference sieve agrees)
steps measured 3180
tsc cycles per microsecond 2294
wall ns per step 482546
step ns: mean 482646
step ns: min 441408 median 482923 p90 500395
step ns: p99 524124 max 1204211
phase compute ns per step 429259
phase alloc ns per step 12387
phase bitmap ns per step 20151
phase publish ns per step 9005
phase retire ns per step 11825
boundaries per step x1000 4000
prepare calls per step x1000 0
clwb lines per step x1000 94584
minor faults per step x1000 2142
OK
