backend pmem (MAP_SYNC + CLWB/SFENCE)
directory /mnt/pmem0.0/sean
writeback auto (production CPUID selection), CPUID selects CLWB
region 256 blocks of 4096 bytes, rounds 20
clock probe on: 4096 dependent single-cycle operations per probe; references busy and after a 250000 ns sleep
segment span 32512 integers, capacity 167 segments, live segments 2
steps per round: warmup 8, measured 159
primes below 5429504: 376256 (reference sieve agrees)
steps measured 3180
tsc cycles per microsecond 2294
wall ns per step 480923
step ns: mean 481027
step ns: min 441111 median 481507 p90 497548
step ns: p99 512775 max 1577110
phase compute ns per step 427605
phase alloc ns per step 12364
phase bitmap ns per step 20172
phase publish ns per step 9015
phase retire ns per step 11850
boundaries per step x1000 4000
prepare calls per step x1000 0
clwb lines per step x1000 94584
minor faults per step x1000 2203
clock busy: ticks median 2646 p10 2644 p90 2646, implied MHz 3551, x1000 of busy 1000, first-probe excess ticks 0, samples 1000
clock after sleep: ticks median 9526 p10 9522 p90 9530, implied MHz 986, x1000 of busy 277, first-probe excess ticks 2, samples 200
clock after sieve: ticks median 2646 p10 2644 p90 2648, implied MHz 3551, x1000 of busy 1000, first-probe excess ticks 0, samples 3180
clock after alloc: ticks median 2646 p10 2644 p90 2648, implied MHz 3551, x1000 of busy 1000, first-probe excess ticks 0, samples 3180
clock after bitmap: ticks median 2646 p10 2644 p90 2646, implied MHz 3551, x1000 of busy 1000, first-probe excess ticks 0, samples 3180
clock after count: ticks median 2646 p10 2644 p90 2646, implied MHz 3551, x1000 of busy 1000, first-probe excess ticks 0, samples 3180
clock after publish: ticks median 2646 p10 2644 p90 2646, implied MHz 3551, x1000 of busy 1000, first-probe excess ticks 0, samples 3180
clock after retire: ticks median 2646 p10 2644 p90 2646, implied MHz 3551, x1000 of busy 1000, first-probe excess ticks 0, samples 3180
clock probe ns per step 14463 (removed from the figures above)
OK
