backend pmem (MAP_SYNC + CLWB/SFENCE)
directory /mnt/pmem0.0/sean
writeback auto (production CPUID selection), CPUID selects CLWB
region 256 blocks of 4096 bytes, rounds 20
clock probe on: 4096 dependent single-cycle operations per probe; references busy and after a 250000 ns sleep
segment span 32512 integers, capacity 167 segments, live segments 2
steps per round: warmup 8, measured 159
primes below 5429504: 376256 (reference sieve agrees)
steps measured 3180
tsc cycles per microsecond 2294
wall ns per step 481532
step ns: mean 481636
step ns: min 441283 median 481884 p90 497605
step ns: p99 522837 max 1555241
phase compute ns per step 428245
phase alloc ns per step 12389
phase bitmap ns per step 20153
phase publish ns per step 8986
phase retire ns per step 11842
boundaries per step x1000 4000
prepare calls per step x1000 0
clwb lines per step x1000 94584
minor faults per step x1000 2205
clock busy: ticks median 2646 p10 2644 p90 2646, implied MHz 3551, x1000 of busy 1000, first-probe excess ticks 0, samples 1000
clock after sleep: ticks median 9524 p10 9520 p90 9530, implied MHz 986, x1000 of busy 277, first-probe excess ticks 2, samples 200
clock after sieve: ticks median 2646 p10 2644 p90 2648, implied MHz 3551, x1000 of busy 1000, first-probe excess ticks 0, samples 3180
clock after alloc: ticks median 2646 p10 2644 p90 2648, implied MHz 3551, x1000 of busy 1000, first-probe excess ticks 0, samples 3180
clock after bitmap: ticks median 2646 p10 2644 p90 2648, implied MHz 3551, x1000 of busy 1000, first-probe excess ticks 0, samples 3180
clock after count: ticks median 2646 p10 2644 p90 2646, implied MHz 3551, x1000 of busy 1000, first-probe excess ticks 0, samples 3180
clock after publish: ticks median 2646 p10 2644 p90 2648, implied MHz 3551, x1000 of busy 1000, first-probe excess ticks 0, samples 3180
clock after retire: ticks median 2646 p10 2644 p90 2648, implied MHz 3551, x1000 of busy 1000, first-probe excess ticks 0, samples 3180
clock probe ns per step 14483 (removed from the figures above)
OK
