backend direct (pwrite + O_DIRECT + fdatasync) on a file
directory /home/users/u7599095
region 256 blocks of 4096 bytes, rounds 20
segment span 32512 integers, capacity 167 segments, live segments 2
steps per round: warmup 8, measured 159
primes below 5429504: 376256 (reference sieve agrees)
steps measured 3180
tsc cycles per microsecond 2294
wall ns per step 2640814
step ns: mean 2641335
step ns: min 1482727 median 2574016 p90 3171011
step ns: p99 3876078 max 68147508
phase compute ns per step 1158302
phase alloc ns per step 471901
phase bitmap ns per step 613210
phase publish ns per step 173360
phase retire ns per step 224436
boundaries per step x1000 4000
prepare calls per step x1000 11666
clwb lines per step x1000 0
minor faults per step x1000 2144
OK
