backend file (mmap + msync/fdatasync)
directory /home/users/u7599095
region 256 blocks of 4096 bytes, rounds 20
segment span 32512 integers, capacity 167 segments, live segments 2
steps per round: warmup 8, measured 159
primes below 5429504: 376256 (reference sieve agrees)
steps measured 3180
tsc cycles per microsecond 2294
wall ns per step 2375317
step ns: mean 2375780
step ns: min 1270775 median 2344071 p90 2828045
step ns: p99 3226573 max 76984646
phase compute ns per step 1105429
phase alloc ns per step 396151
phase bitmap ns per step 231834
phase publish ns per step 393979
phase retire ns per step 248262
boundaries per step x1000 4000
prepare calls per step x1000 11666
clwb lines per step x1000 0
minor faults per step x1000 12809
OK
