backend file (mmap + msync/fdatasync)
directory /home/users/u7599095
region 256 blocks of 4096 bytes, rounds 20
segment span 32512 integers, capacity 167 segments, live segments 2
steps per round: warmup 8, measured 159
primes below 5429504: 376256 (reference sieve agrees)
steps measured 3180
tsc cycles per microsecond 2294
wall ns per step 2359210
step ns: mean 2359675
step ns: min 1242206 median 2340114 p90 2818074
step ns: p99 3213569 max 49486320
phase compute ns per step 1101565
phase alloc ns per step 395990
phase bitmap ns per step 233790
phase publish ns per step 374975
phase retire ns per step 253231
boundaries per step x1000 4000
prepare calls per step x1000 11666
clwb lines per step x1000 0
minor faults per step x1000 12809
OK
