backend direct (pwrite + O_DIRECT + fdatasync) on a file
directory /home/users/u7599095
region 256 blocks of 4096 bytes, rounds 20
segment span 32512 integers, capacity 167 segments, live segments 2
steps per round: warmup 8, measured 159
primes below 5429504: 376256 (reference sieve agrees)
steps measured 3180
tsc cycles per microsecond 2294
wall ns per step 2656346
step ns: mean 2656867
step ns: min 1359666 median 2570012 p90 3148275
step ns: p99 3974946 max 71399379
phase compute ns per step 1155401
phase alloc ns per step 487812
phase bitmap ns per step 621215
phase publish ns per step 174196
phase retire ns per step 218118
boundaries per step x1000 4000
prepare calls per step x1000 11666
clwb lines per step x1000 0
minor faults per step x1000 2144
OK
