backend direct (pwrite + O_DIRECT + fdatasync) on a file
directory /home/users/u7599095
region 256 blocks of 4096 bytes, rounds 20
clock probe on: 4096 dependent single-cycle operations per probe; references busy and after a 250000 ns sleep
segment span 32512 integers, capacity 167 segments, live segments 2
steps per round: warmup 8, measured 159
primes below 5429504: 376256 (reference sieve agrees)
steps measured 3180
tsc cycles per microsecond 2294
wall ns per step 2582866
step ns: mean 2583431
step ns: min 1393703 median 2525056 p90 3126255
step ns: p99 3550898 max 66707994
phase compute ns per step 1127737
phase alloc ns per step 465060
phase bitmap ns per step 604759
phase publish ns per step 170006
phase retire ns per step 215766
boundaries per step x1000 4000
prepare calls per step x1000 11666
clwb lines per step x1000 0
minor faults per step x1000 2203
clock busy: ticks median 2646 p10 2644 p90 2646, implied MHz 3551, x1000 of busy 1000, first-probe excess ticks 0, samples 1000
clock after sleep: ticks median 9524 p10 9520 p90 9528, implied MHz 986, x1000 of busy 277, first-probe excess ticks 2, samples 200
clock after sieve: ticks median 5602 p10 2646 p90 6354, implied MHz 1677, x1000 of busy 472, first-probe excess ticks 0, samples 3180
clock after alloc: ticks median 9522 p10 3176 p90 9528, implied MHz 986, x1000 of busy 277, first-probe excess ticks 0, samples 3180
clock after bitmap: ticks median 9524 p10 9518 p90 9530, implied MHz 986, x1000 of busy 277, first-probe excess ticks 0, samples 3180
clock after count: ticks median 9522 p10 3284 p90 9528, implied MHz 986, x1000 of busy 277, first-probe excess ticks 2, samples 3180
clock after publish: ticks median 9520 p10 2802 p90 9528, implied MHz 986, x1000 of busy 277, first-probe excess ticks 0, samples 3180
clock after retire: ticks median 9522 p10 3810 p90 9528, implied MHz 986, x1000 of busy 277, first-probe excess ticks 0, samples 3180
clock probe ns per step 41473 (removed from the figures above)
OK
