backend file (mmap + msync/fdatasync)
directory /home/users/u7599095
region 256 blocks of 4096 bytes, rounds 20
clock probe on: 4096 dependent single-cycle operations per probe; references busy and after a 250000 ns sleep
segment span 32512 integers, capacity 167 segments, live segments 2
steps per round: warmup 8, measured 159
primes below 5429504: 376256 (reference sieve agrees)
steps measured 3180
tsc cycles per microsecond 2294
wall ns per step 2356561
step ns: mean 2357061
step ns: min 1250362 median 2333603 p90 2826325
step ns: p99 3272271 max 65095598
phase compute ns per step 1088966
phase alloc ns per step 404120
phase bitmap ns per step 239830
phase publish ns per step 377250
phase retire ns per step 246787
boundaries per step x1000 4000
prepare calls per step x1000 11666
clwb lines per step x1000 0
minor faults per step x1000 12875
clock busy: ticks median 2646 p10 2644 p90 2646, implied MHz 3551, x1000 of busy 1000, first-probe excess ticks 0, samples 1000
clock after sleep: ticks median 9524 p10 9520 p90 9528, implied MHz 986, x1000 of busy 277, first-probe excess ticks 0, samples 200
clock after sieve: ticks median 5290 p10 2646 p90 6350, implied MHz 1776, x1000 of busy 500, first-probe excess ticks 0, samples 3180
clock after alloc: ticks median 9522 p10 2646 p90 9528, implied MHz 986, x1000 of busy 277, first-probe excess ticks 0, samples 3180
clock after bitmap: ticks median 9522 p10 3286 p90 9528, implied MHz 986, x1000 of busy 277, first-probe excess ticks 0, samples 3180
clock after count: ticks median 6348 p10 2646 p90 9528, implied MHz 1480, x1000 of busy 416, first-probe excess ticks 2, samples 3180
clock after publish: ticks median 9522 p10 3402 p90 9528, implied MHz 986, x1000 of busy 277, first-probe excess ticks 0, samples 3180
clock after retire: ticks median 9522 p10 5290 p90 9528, implied MHz 986, x1000 of busy 277, first-probe excess ticks 0, samples 3180
clock probe ns per step 40307 (removed from the figures above)
OK
