backend file (mmap + msync/fdatasync)
directory /home/users/u7599095
region 256 blocks of 4096 bytes, rounds 20
segment span 32512 integers, capacity 167 segments, live segments 2
steps per round: warmup 8, measured 159
primes below 5429504: 376256 (reference sieve agrees)
steps measured 3180
tsc cycles per microsecond 2294
wall ns per step 2332435
step ns: mean 2332882
step ns: min 1240520 median 2313504 p90 2775914
step ns: p99 3157972 max 64887914
phase compute ns per step 1084099
phase alloc ns per step 389253
phase bitmap ns per step 222299
phase publish ns per step 375433
phase retire ns per step 261675
boundaries per step x1000 4000
prepare calls per step x1000 11666
clwb lines per step x1000 0
minor faults per step x1000 12809
OK
