backend direct (pwrite + O_DIRECT + fdatasync) on a file
directory /home/users/u7599095
region 256 blocks of 4096 bytes, rounds 20
segment span 32512 integers, capacity 167 segments, live segments 2
steps per round: warmup 8, measured 159
primes below 5429504: 376256 (reference sieve agrees)
steps measured 3180
tsc cycles per microsecond 2294
wall ns per step 2648005
step ns: mean 2648531
step ns: min 1550569 median 2570016 p90 3186354
step ns: p99 3896992 max 69569524
phase compute ns per step 1155576
phase alloc ns per step 458955
phase bitmap ns per step 623526
phase publish ns per step 177056
phase retire ns per step 233286
boundaries per step x1000 4000
prepare calls per step x1000 11666
clwb lines per step x1000 0
minor faults per step x1000 2144
OK
