backend pmem (MAP_SYNC + CLWB/SFENCE)
directory /mnt/pmem0.0/sean
writeback auto (production CPUID selection), CPUID selects CLWB
region 256 blocks of 4096 bytes, rounds 20
segment span 32512 integers, capacity 167 segments, live segments 2
steps per round: warmup 8, measured 159
primes below 5429504: 376256 (reference sieve agrees)
steps measured 3180
tsc cycles per microsecond 2294
wall ns per step 481075
step ns: mean 481174
step ns: min 439834 median 482025 p90 497625
step ns: p99 520180 max 1222892
phase compute ns per step 427833
phase alloc ns per step 12410
phase bitmap ns per step 20096
phase publish ns per step 8999
phase retire ns per step 11817
boundaries per step x1000 4000
prepare calls per step x1000 0
clwb lines per step x1000 94584
minor faults per step x1000 2142
OK
