backend pmem (MAP_SYNC + CLWB/SFENCE)
directory /mnt/pmem0.0/sean
writeback auto (production CPUID selection), CPUID selects CLWB
region 256 blocks of 4096 bytes, rounds 20
segment span 32512 integers, capacity 167 segments, live segments 2
steps per round: warmup 8, measured 159
primes below 5429504: 376256 (reference sieve agrees)
steps measured 3180
tsc cycles per microsecond 2294
wall ns per step 483379
step ns: mean 483479
step ns: min 442700 median 483856 p90 499878
step ns: p99 535386 max 1165020
phase compute ns per step 430066
phase alloc ns per step 12397
phase bitmap ns per step 20150
phase publish ns per step 8998
phase retire ns per step 11849
boundaries per step x1000 4000
prepare calls per step x1000 0
clwb lines per step x1000 94584
minor faults per step x1000 2142
OK
