backend direct (pwrite + O_DIRECT + fdatasync) on a file
directory /home/users/u7599095
region 256 blocks of 4096 bytes, rounds 20
segment span 32512 integers, capacity 167 segments, live segments 2
steps per round: warmup 8, measured 159
primes below 5429504: 376256 (reference sieve agrees)
steps measured 3180
tsc cycles per microsecond 2294
wall ns per step 2635594
step ns: mean 2636114
step ns: min 1558468 median 2555845 p90 3180955
step ns: p99 3878355 max 54007438
phase compute ns per step 1152115
phase alloc ns per step 469457
phase bitmap ns per step 624920
phase publish ns per step 168569
phase retire ns per step 220927
boundaries per step x1000 4000
prepare calls per step x1000 11666
clwb lines per step x1000 0
minor faults per step x1000 2144
OK
