backend direct (pwrite + O_DIRECT + fdatasync) on a file
directory /home/users/u7599095
region 256 blocks of 4096 bytes, rounds 20
clock probe on: 4096 dependent single-cycle operations per probe; references busy and after a 250000 ns sleep
segment span 32512 integers, capacity 167 segments, live segments 2
steps per round: warmup 8, measured 159
primes below 5429504: 376256 (reference sieve agrees)
steps measured 3180
tsc cycles per microsecond 2294
wall ns per step 2620228
step ns: mean 2620800
step ns: min 1474637 median 2548452 p90 3114415
step ns: p99 3651487 max 76991517
phase compute ns per step 1138860
phase alloc ns per step 488904
phase bitmap ns per step 609896
phase publish ns per step 166818
phase retire ns per step 216219
boundaries per step x1000 4000
prepare calls per step x1000 11666
clwb lines per step x1000 0
minor faults per step x1000 2209
clock busy: ticks median 2646 p10 2644 p90 2802, implied MHz 3551, x1000 of busy 1000, first-probe excess ticks 0, samples 1000
clock after sleep: ticks median 9526 p10 9522 p90 9530, implied MHz 986, x1000 of busy 277, first-probe excess ticks 0, samples 200
clock after sieve: ticks median 5602 p10 2646 p90 6798, implied MHz 1677, x1000 of busy 472, first-probe excess ticks 0, samples 3180
clock after alloc: ticks median 9522 p10 3528 p90 9528, implied MHz 986, x1000 of busy 277, first-probe excess ticks 0, samples 3180
clock after bitmap: ticks median 9524 p10 9518 p90 9530, implied MHz 986, x1000 of busy 277, first-probe excess ticks 0, samples 3180
clock after count: ticks median 9522 p10 3528 p90 9528, implied MHz 986, x1000 of busy 277, first-probe excess ticks 2, samples 3180
clock after publish: ticks median 9522 p10 3526 p90 9528, implied MHz 986, x1000 of busy 277, first-probe excess ticks 0, samples 3180
clock after retire: ticks median 9522 p10 3968 p90 9528, implied MHz 986, x1000 of busy 277, first-probe excess ticks 0, samples 3180
clock probe ns per step 41837 (removed from the figures above)
OK
