backend pmem (MAP_SYNC + CLWB/SFENCE)
region file /mnt/pmem0/clwb/wizard-pwbench-u1000-p5436-0.region
writeback CLFLUSHOPT, CPUID selects CLWB
region 512 blocks of 2048 bytes, scratch 1 blocks
entry stride 8 bytes
apply entry
commits measured 20000, entries per commit 8
persist boundaries 20000, prepare calls 280000
boundaries per commit x1000 1000, clwb lines 280000
tsc cycles per microsecond 3417
boundary cycles: min 15 median 24 p90 26
boundary cycles: p99 40 max 8231
boundary ns: min 4 median 7 p90 7
boundary ns: p99 11 max 2408
total boundary cycles 487043
total prepare cycles 6725783
measured wall ns 55577601, boundary share x1000 37
wall ns per commit 2778
minor faults 1642 during the measured commits
OK
