backend pmem (MAP_SYNC + CLWB/SFENCE)
region file /mnt/pmem0/clwb/wizard-pwbench-u1000-p6065-0.region
writeback auto (production CPUID selection), CPUID selects CLWB
region 512 blocks of 2048 bytes, scratch 1 blocks
entry stride 8 bytes
apply entry
commits measured 120000, entries per commit 1
persist boundaries 120000, prepare calls 480000
boundaries per commit x1000 1000, clwb lines 480000
tsc cycles per microsecond 3417
boundary cycles: min 15 median 22 p90 24
boundary cycles: p99 75 max 267
boundary ns: min 4 median 6 p90 7
boundary ns: p99 21 max 78
total boundary cycles 2757868
total prepare cycles 22283048
measured wall ns 120861041, boundary share x1000 60
wall ns per commit 1007
minor faults 1727 during the measured commits
OK
