backend pmem (MAP_SYNC + CLWB/SFENCE)
region file /mnt/pmem0/clwb/wizard-pwbench-u1000-p7455-0.region
writeback CLFLUSHOPT, CPUID selects CLWB
region 512 blocks of 2048 bytes, scratch 1 blocks
entry stride 64 bytes
apply batch
commits measured 120000, entries per commit 1
persist boundaries 120000, prepare calls 480000
boundaries per commit x1000 1000, clwb lines 480000
tsc cycles per microsecond 3417
boundary cycles: min 14 median 22 p90 24
boundary cycles: p99 26 max 4715
boundary ns: min 4 median 6 p90 7
boundary ns: p99 7 max 1379
total boundary cycles 2593880
total prepare cycles 11191059
measured wall ns 117604077, boundary share x1000 34
wall ns per commit 980
minor faults 1727 during the measured commits
OK
