backend pmem (MAP_SYNC + CLWB/SFENCE)
region file /mnt/pmem0/clwb/wizard-pwbench-u1000-p6897-0.region
writeback CLFLUSHOPT, CPUID selects CLWB
region 512 blocks of 2048 bytes, scratch 1 blocks
entry stride 8 bytes
apply entry
commits measured 20000, entries per commit 24
persist boundaries 20000, prepare calls 760000
boundaries per commit x1000 1000, clwb lines 760000
tsc cycles per microsecond 3417
boundary cycles: min 17 median 24 p90 26
boundary cycles: p99 29 max 80535
boundary ns: min 4 median 7 p90 7
boundary ns: p99 8 max 23568
total boundary cycles 575147
total prepare cycles 19196358
measured wall ns 137902307, boundary share x1000 41
wall ns per commit 6895
minor faults 4767 during the measured commits
OK
