backend pmem (MAP_SYNC + CLWB/SFENCE)
region file /mnt/pmem0/clwb/wizard-pwbench-u1000-p7676-0.region
writeback none -- no writeback, timing only, the region is NOT durable, CPUID selects CLWB
region 512 blocks of 2048 bytes, scratch 1 blocks
entry stride 8 bytes
apply batch
commits measured 20000, entries per commit 8
persist boundaries 20000, prepare calls 160000
boundaries per commit x1000 1000, clwb lines 160000
tsc cycles per microsecond 3417
boundary cycles: min 15 median 24 p90 26
boundary cycles: p99 32 max 97
boundary ns: min 4 median 7 p90 7
boundary ns: p99 9 max 28
total boundary cycles 481318
total prepare cycles 3592518
measured wall ns 42267266, boundary share x1000 28
wall ns per commit 2113
minor faults 1642 during the measured commits
OK timing-only: writeback=none, the region was never durable
