backend pmem (MAP_SYNC + CLWB/SFENCE)
region file /mnt/pmem0/clwb/wizard-pwbench-u1000-p5980-0.region
writeback none -- no writeback, timing only, the region is NOT durable, CPUID selects CLWB
region 512 blocks of 2048 bytes, scratch 1 blocks
entry stride 64 bytes
apply batch
commits measured 20000, entries per commit 24
persist boundaries 20000, prepare calls 760000
boundaries per commit x1000 1000, clwb lines 760000
tsc cycles per microsecond 3417
boundary cycles: min 16 median 24 p90 26
boundary cycles: p99 30 max 67
boundary ns: min 4 median 7 p90 7
boundary ns: p99 8 max 19
total boundary cycles 486065
total prepare cycles 15293576
measured wall ns 106643928, boundary share x1000 43
wall ns per commit 5332
minor faults 4767 during the measured commits
OK timing-only: writeback=none, the region was never durable
