backend pmem (MAP_SYNC + CLWB/SFENCE)
region file /mnt/pmem0/clwb/wizard-pwbench-u1000-p5157-0.region
writeback none -- no writeback, timing only, the region is NOT durable, CPUID selects CLWB
region 512 blocks of 2048 bytes, scratch 1 blocks
entry stride 64 bytes
apply batch
commits measured 120000, entries per commit 1
persist boundaries 120000, prepare calls 480000
boundaries per commit x1000 1000, clwb lines 480000
tsc cycles per microsecond 3417
boundary cycles: min 15 median 20 p90 24
boundary cycles: p99 36 max 7364
boundary ns: min 4 median 5 p90 7
boundary ns: p99 10 max 2155
total boundary cycles 2532191
total prepare cycles 11792257
measured wall ns 113434644, boundary share x1000 36
wall ns per commit 945
minor faults 1727 during the measured commits
OK timing-only: writeback=none, the region was never durable
