backend pmem (MAP_SYNC + CLWB/SFENCE)
region file /mnt/pmem0/clwb/wizard-pwbench-u1000-p6774-0.region
writeback none -- no writeback, timing only, the region is NOT durable, CPUID selects CLWB
region 512 blocks of 2048 bytes, scratch 1 blocks
entry stride 64 bytes
apply batch
commits measured 120000, entries per commit 8
persist boundaries 120000, prepare calls 1680000
boundaries per commit x1000 1000, clwb lines 1680000
tsc cycles per microsecond 3417
boundary cycles: min 15 median 24 p90 26
boundary cycles: p99 30 max 3378
boundary ns: min 4 median 7 p90 7
boundary ns: p99 8 max 988
total boundary cycles 2910568
total prepare cycles 35290732
measured wall ns 259872047, boundary share x1000 43
wall ns per commit 2165
minor faults 9931 during the measured commits
OK timing-only: writeback=none, the region was never durable
