backend pmem (MAP_SYNC + CLWB/SFENCE)
region file /mnt/pmem0/clwb/wizard-pwbench-u1000-p6082-0.region
writeback CLFLUSHOPT, CPUID selects CLWB
region 512 blocks of 2048 bytes, scratch 1 blocks
entry stride 8 bytes
apply batch
commits measured 20000, entries per commit 1
persist boundaries 20000, prepare calls 80000
boundaries per commit x1000 1000, clwb lines 80000
tsc cycles per microsecond 3417
boundary cycles: min 14 median 22 p90 57
boundary cycles: p99 105 max 263
boundary ns: min 4 median 6 p90 16
boundary ns: p99 30 max 76
total boundary cycles 601989
total prepare cycles 2677648
measured wall ns 27347930, boundary share x1000 35
wall ns per commit 1367
minor faults 275 during the measured commits
OK
