backend pmem (MAP_SYNC + CLWB/SFENCE)
region file /mnt/pmem0/clwb/wizard-pwbench-u1000-p6133-0.region
writeback CLFLUSHOPT, CPUID selects CLWB
region 512 blocks of 2048 bytes, scratch 1 blocks
entry stride 8 bytes
apply entry
commits measured 120000, entries per commit 1
persist boundaries 120000, prepare calls 480000
boundaries per commit x1000 1000, clwb lines 480000
tsc cycles per microsecond 3417
boundary cycles: min 15 median 22 p90 24
boundary cycles: p99 69 max 9015
boundary ns: min 4 median 6 p90 7
boundary ns: p99 20 max 2638
total boundary cycles 2710944
total prepare cycles 13526607
measured wall ns 125188565, boundary share x1000 37
wall ns per commit 1043
minor faults 1727 during the measured commits
OK
