backend pmem (MAP_SYNC + CLWB/SFENCE)
region file /mnt/pmem0/clwb/wizard-pwbench-u1000-p6948-0.region
writeback none -- no writeback, timing only, the region is NOT durable, CPUID selects CLWB
region 512 blocks of 2048 bytes, scratch 1 blocks
entry stride 8 bytes
apply batch
commits measured 120000, entries per commit 24
persist boundaries 120000, prepare calls 2160000
boundaries per commit x1000 1000, clwb lines 2160000
tsc cycles per microsecond 3417
boundary cycles: min 17 median 24 p90 26
boundary cycles: p99 30 max 3005
boundary ns: min 4 median 7 p90 7
boundary ns: p99 8 max 879
total boundary cycles 2920580
total prepare cycles 46043510
measured wall ns 625205663, boundary share x1000 22
wall ns per commit 5210
minor faults 28680 during the measured commits
OK timing-only: writeback=none, the region was never durable
