backend pmem (MAP_SYNC + CLWB/SFENCE)
region file /mnt/pmem0/clwb/wizard-pwbench-u1000-p7438-0.region
writeback CLFLUSHOPT, CPUID selects CLWB
region 512 blocks of 2048 bytes, scratch 1 blocks
entry stride 64 bytes
apply batch
commits measured 20000, entries per commit 1
persist boundaries 20000, prepare calls 80000
boundaries per commit x1000 1000, clwb lines 80000
tsc cycles per microsecond 3417
boundary cycles: min 15 median 22 p90 24
boundary cycles: p99 33 max 356
boundary ns: min 4 median 6 p90 7
boundary ns: p99 9 max 104
total boundary cycles 437453
total prepare cycles 1918678
measured wall ns 19834912, boundary share x1000 34
wall ns per commit 991
minor faults 275 during the measured commits
OK
