backend pmem (MAP_SYNC + CLWB/SFENCE)
region file /mnt/pmem0/clwb/wizard-pwbench-u1000-p4969-0.region
writeback none -- no writeback, timing only, the region is NOT durable, CPUID selects CLWB
region 512 blocks of 2048 bytes, scratch 1 blocks
entry stride 8 bytes
apply batch
commits measured 20000, entries per commit 1
persist boundaries 20000, prepare calls 80000
boundaries per commit x1000 1000, clwb lines 80000
tsc cycles per microsecond 3417
boundary cycles: min 15 median 22 p90 59
boundary cycles: p99 109 max 154
boundary ns: min 4 median 6 p90 17
boundary ns: p99 31 max 45
total boundary cycles 601160
total prepare cycles 2829870
measured wall ns 27079662, boundary share x1000 37
wall ns per commit 1353
minor faults 275 during the measured commits
OK timing-only: writeback=none, the region was never durable
