backend pmem (MAP_SYNC + CLWB/SFENCE)
region file /mnt/pmem0/clwb/wizard-pwbench-u1000-p8198-0.region
writeback CLFLUSHOPT, CPUID selects CLWB
region 512 blocks of 2048 bytes, scratch 1 blocks
entry stride 64 bytes
apply entry
commits measured 20000, entries per commit 24
persist boundaries 20000, prepare calls 760000
boundaries per commit x1000 1000, clwb lines 760000
tsc cycles per microsecond 3417
boundary cycles: min 14 median 24 p90 28
boundary cycles: p99 30 max 564
boundary ns: min 4 median 7 p90 8
boundary ns: p99 8 max 165
total boundary cycles 495740
total prepare cycles 21319860
measured wall ns 126856733, boundary share x1000 50
wall ns per commit 6342
minor faults 4767 during the measured commits
OK
