backend pmem (MAP_SYNC + CLWB/SFENCE)
region file /mnt/pmem0/clwb/wizard-pwbench-u1000-p7766-0.region
writeback auto (production CPUID selection), CPUID selects CLWB
region 512 blocks of 2048 bytes, scratch 1 blocks
entry stride 64 bytes
apply entry
commits measured 20000, entries per commit 8
persist boundaries 20000, prepare calls 280000
boundaries per commit x1000 1000, clwb lines 280000
tsc cycles per microsecond 3417
boundary cycles: min 16 median 24 p90 27
boundary cycles: p99 46 max 267
boundary ns: min 4 median 7 p90 7
boundary ns: p99 13 max 78
total boundary cycles 492790
total prepare cycles 8702959
measured wall ns 46103129, boundary share x1000 58
wall ns per commit 2305
minor faults 1643 during the measured commits
OK
