backend pmem (MAP_SYNC + CLWB/SFENCE)
region file /mnt/pmem0/clwb/wizard-pwbench-u1000-p6286-0.region
writeback CLFLUSHOPT, CPUID selects CLWB
region 512 blocks of 2048 bytes, scratch 1 blocks
entry stride 64 bytes
apply entry
commits measured 20000, entries per commit 1
persist boundaries 20000, prepare calls 80000
boundaries per commit x1000 1000, clwb lines 80000
tsc cycles per microsecond 3417
boundary cycles: min 15 median 21 p90 51
boundary cycles: p99 106 max 138
boundary ns: min 4 median 6 p90 14
boundary ns: p99 31 max 40
total boundary cycles 572486
total prepare cycles 2958536
measured wall ns 27375163, boundary share x1000 37
wall ns per commit 1368
minor faults 275 during the measured commits
OK
