backend pmem (MAP_SYNC + CLWB/SFENCE)
region file /mnt/pmem0/clwb/wizard-pwbench-u1000-p6048-0.region
writeback auto (production CPUID selection), CPUID selects CLWB
region 512 blocks of 2048 bytes, scratch 1 blocks
entry stride 8 bytes
apply entry
commits measured 20000, entries per commit 1
persist boundaries 20000, prepare calls 80000
boundaries per commit x1000 1000, clwb lines 80000
tsc cycles per microsecond 3417
boundary cycles: min 15 median 22 p90 56
boundary cycles: p99 109 max 356
boundary ns: min 4 median 6 p90 16
boundary ns: p99 31 max 104
total boundary cycles 613851
total prepare cycles 4632838
measured wall ns 26789159, boundary share x1000 57
wall ns per commit 1339
minor faults 275 during the measured commits
OK
