backend pmem (MAP_SYNC + CLWB/SFENCE)
region file /mnt/pmem0/clwb/wizard-pwbench-u1000-p7353-0.region
writeback none -- no writeback, timing only, the region is NOT durable, CPUID selects CLWB
region 512 blocks of 2048 bytes, scratch 1 blocks
entry stride 8 bytes
apply batch
commits measured 120000, entries per commit 1
persist boundaries 120000, prepare calls 480000
boundaries per commit x1000 1000, clwb lines 480000
tsc cycles per microsecond 3417
boundary cycles: min 14 median 20 p90 24
boundary cycles: p99 79 max 4235
boundary ns: min 4 median 5 p90 7
boundary ns: p99 23 max 1239
total boundary cycles 2643369
total prepare cycles 12190233
measured wall ns 119010758, boundary share x1000 36
wall ns per commit 991
minor faults 1727 during the measured commits
OK timing-only: writeback=none, the region was never durable
