backend pmem (MAP_SYNC + CLWB/SFENCE)
region file /mnt/pmem0/clwb/wizard-pwbench-u1000-p7557-0.region
writeback auto (production CPUID selection), CPUID selects CLWB
region 512 blocks of 2048 bytes, scratch 1 blocks
entry stride 8 bytes
apply batch
commits measured 120000, entries per commit 8
persist boundaries 120000, prepare calls 960000
boundaries per commit x1000 1000, clwb lines 960000
tsc cycles per microsecond 3417
boundary cycles: min 16 median 24 p90 27
boundary cycles: p99 36 max 3452
boundary ns: min 4 median 7 p90 7
boundary ns: p99 10 max 1010
total boundary cycles 2974194
total prepare cycles 24321251
measured wall ns 256210289, boundary share x1000 31
wall ns per commit 2135
minor faults 9929 during the measured commits
OK
