backend pmem (MAP_SYNC + CLWB/SFENCE)
region file /mnt/pmem0/clwb/wizard-pwbench-u1000-p8004-0.region
writeback CLFLUSHOPT, CPUID selects CLWB
region 512 blocks of 2048 bytes, scratch 1 blocks
entry stride 8 bytes
apply entry
commits measured 20000, entries per commit 24
persist boundaries 20000, prepare calls 760000
boundaries per commit x1000 1000, clwb lines 760000
tsc cycles per microsecond 3417
boundary cycles: min 15 median 25 p90 41
boundary cycles: p99 44 max 81069
boundary ns: min 4 median 7 p90 11
boundary ns: p99 12 max 23725
total boundary cycles 735426
total prepare cycles 19769756
measured wall ns 139370227, boundary share x1000 43
wall ns per commit 6968
minor faults 4767 during the measured commits
OK
