backend pmem (MAP_SYNC + CLWB/SFENCE)
region file /mnt/pmem0/clwb/wizard-pwbench-u1000-p5196-0.region
writeback auto (production CPUID selection), CPUID selects CLWB
region 512 blocks of 2048 bytes, scratch 1 blocks
entry stride 8 bytes
apply batch
commits measured 20000, entries per commit 8
persist boundaries 20000, prepare calls 160000
boundaries per commit x1000 1000, clwb lines 160000
tsc cycles per microsecond 3417
boundary cycles: min 18 median 26 p90 28
boundary cycles: p99 44 max 226
boundary ns: min 5 median 7 p90 8
boundary ns: p99 12 max 66
total boundary cycles 523985
total prepare cycles 4287918
measured wall ns 44752798, boundary share x1000 31
wall ns per commit 2237
minor faults 1642 during the measured commits
OK
