backend pmem (MAP_SYNC + CLWB/SFENCE)
region file /mnt/pmem0/clwb/wizard-pwbench-u1000-p7834-0.region
writeback CLFLUSHOPT, CPUID selects CLWB
region 512 blocks of 2048 bytes, scratch 1 blocks
entry stride 64 bytes
apply entry
commits measured 20000, entries per commit 8
persist boundaries 20000, prepare calls 280000
boundaries per commit x1000 1000, clwb lines 280000
tsc cycles per microsecond 3417
boundary cycles: min 14 median 24 p90 27
boundary cycles: p99 45 max 17246
boundary ns: min 4 median 7 p90 7
boundary ns: p99 13 max 5047
total boundary cycles 504382
total prepare cycles 7915298
measured wall ns 50263887, boundary share x1000 49
wall ns per commit 2513
minor faults 1643 during the measured commits
OK
