backend pmem (MAP_SYNC + CLWB/SFENCE)
region file /mnt/pmem0/clwb/wizard-pwbench-u1000-p6439-0.region
writeback CLFLUSHOPT, CPUID selects CLWB
region 512 blocks of 2048 bytes, scratch 1 blocks
entry stride 8 bytes
apply batch
commits measured 120000, entries per commit 8
persist boundaries 120000, prepare calls 960000
boundaries per commit x1000 1000, clwb lines 960000
tsc cycles per microsecond 3417
boundary cycles: min 14 median 24 p90 26
boundary cycles: p99 30 max 84129
boundary ns: min 4 median 7 p90 7
boundary ns: p99 8 max 24620
total boundary cycles 3073995
total prepare cycles 22929170
measured wall ns 253200801, boundary share x1000 30
wall ns per commit 2110
minor faults 9929 during the measured commits
OK
