backend pmem (MAP_SYNC + CLWB/SFENCE)
region file /mnt/pmem0/clwb/wizard-pwbench-u1000-p7710-0.region
writeback auto (production CPUID selection), CPUID selects CLWB
region 512 blocks of 2048 bytes, scratch 1 blocks
entry stride 64 bytes
apply batch
commits measured 20000, entries per commit 8
persist boundaries 20000, prepare calls 280000
boundaries per commit x1000 1000, clwb lines 280000
tsc cycles per microsecond 3417
boundary cycles: min 18 median 24 p90 26
boundary cycles: p99 29 max 267
boundary ns: min 5 median 7 p90 7
boundary ns: p99 8 max 78
total boundary cycles 493036
total prepare cycles 6764418
measured wall ns 45265776, boundary share x1000 46
wall ns per commit 2263
minor faults 1643 during the measured commits
OK
