backend pmem (MAP_SYNC + CLWB/SFENCE)
region file /mnt/pmem0/clwb/wizard-pwbench-u1000-p7693-0.region
writeback none -- no writeback, timing only, the region is NOT durable, CPUID selects CLWB
region 512 blocks of 2048 bytes, scratch 1 blocks
entry stride 8 bytes
apply batch
commits measured 120000, entries per commit 8
persist boundaries 120000, prepare calls 960000
boundaries per commit x1000 1000, clwb lines 960000
tsc cycles per microsecond 3417
boundary cycles: min 15 median 24 p90 26
boundary cycles: p99 30 max 338
boundary ns: min 4 median 7 p90 7
boundary ns: p99 8 max 98
total boundary cycles 2876201
total prepare cycles 21336142
measured wall ns 248972654, boundary share x1000 28
wall ns per commit 2074
minor faults 9929 during the measured commits
OK timing-only: writeback=none, the region was never durable
