backend pmem (MAP_SYNC + CLWB/SFENCE)
region file /mnt/pmem0/clwb/wizard-pwbench-u1000-p7302-0.region
writeback CLFLUSHOPT, CPUID selects CLWB
region 512 blocks of 2048 bytes, scratch 1 blocks
entry stride 8 bytes
apply entry
commits measured 20000, entries per commit 1
persist boundaries 20000, prepare calls 80000
boundaries per commit x1000 1000, clwb lines 80000
tsc cycles per microsecond 3417
boundary cycles: min 15 median 21 p90 23
boundary cycles: p99 26 max 43
boundary ns: min 4 median 6 p90 6
boundary ns: p99 7 max 12
total boundary cycles 417473
total prepare cycles 2094023
measured wall ns 19472355, boundary share x1000 37
wall ns per commit 973
minor faults 275 during the measured commits
OK
