backend direct (pwrite + O_DIRECT + fdatasync) on a file [MUTANT in the children: cache-line writeback elided]
region file /home/sean-tan/wizard-pwsieve-u1000-p10721-0.region
region 512 blocks of 4096 bytes
segment span 32512, capacity 167 segments
kill delay up to 20000 us
iteration 0: LOST acknowledged cursor 877824, durable cursor 0
iteration 1: LOST acknowledged cursor 97536, durable cursor 0
iteration 2: LOST acknowledged cursor 32512, durable cursor 0
iteration 3: LOST acknowledged cursor 585216, durable cursor 0
iteration 4: LOST acknowledged cursor 325120, durable cursor 0
iteration 6: LOST acknowledged cursor 910336, durable cursor 0
iteration 7: LOST acknowledged cursor 97536, durable cursor 0
iteration 8: LOST acknowledged cursor 1040384, durable cursor 0
iteration 9: LOST acknowledged cursor 1235456, durable cursor 0
iteration 10: LOST acknowledged cursor 1723136, durable cursor 0
iteration 11: LOST acknowledged cursor 32512, durable cursor 0
iteration 12: LOST acknowledged cursor 585216, durable cursor 0
iteration 13: LOST acknowledged cursor 292608, durable cursor 0
iteration 14: LOST acknowledged cursor 292608, durable cursor 0
iteration 15: LOST acknowledged cursor 130048, durable cursor 0
iteration 16: LOST acknowledged cursor 65024, durable cursor 0
iteration 17: LOST acknowledged cursor 1690624, durable cursor 0
iteration 18: LOST acknowledged cursor 487680, durable cursor 0
iteration 19: LOST acknowledged cursor 1560576, durable cursor 0
iterations 20 of 20 requested, seed 1
advanced 0, replayed a record 0, child finished early 0
acknowledged-step checks 19, lost 19, children confirmed wiring 20
steps acknowledged by children 371 over 20 iterations
leaked extents reclaimed at mount: 0
final cursor 0, primes 0
reference check passed: 0 primes
LOST
retained region image: /home/sean-tan/wizard-pwsieve-u1000-p10721-0.region
