backend pmem (MAP_SYNC + CLWB/SFENCE)
region file /mnt/pmem0/clwb/wizard-pwbench-u1000-p88409-0.region
writeback auto (production CPUID selection), CPUID selects CLWB
region 512 blocks of 2048 bytes, scratch 1 blocks
entry stride 8 bytes
apply batch
commits measured 120000, entries per commit 8
persist boundaries 120000, prepare calls 960000
boundaries per commit x1000 1000, clwb lines 960000
tsc cycles per microsecond 3417
boundary cycles: min 16 median 22 p90 25
boundary cycles: p99 29 max 534
boundary ns: min 4 median 6 p90 7
boundary ns: p99 8 max 156
total boundary cycles 2763249
total prepare cycles 23845829
measured wall ns 251865747, boundary share x1000 30
wall ns per commit 2098
minor faults 9929 during the measured commits
OK
