backend pmem (MAP_SYNC + CLWB/SFENCE)
region file /mnt/pmem0/clwb/wizard-pwbench-u1000-p87647-0.region
writeback auto (production CPUID selection), CPUID selects CLWB
region 512 blocks of 2048 bytes, scratch 1 blocks
entry stride 8 bytes
apply batch
commits measured 120000, entries per commit 24
persist boundaries 120000, prepare calls 2160000
boundaries per commit x1000 1000, clwb lines 2160000
tsc cycles per microsecond 3417
boundary cycles: min 23 median 29 p90 30
boundary cycles: p99 32 max 136
boundary ns: min 6 median 8 p90 8
boundary ns: p99 9 max 39
total boundary cycles 3496048
total prepare cycles 88218347
measured wall ns 1278442742, boundary share x1000 20
wall ns per commit 10653
minor faults 28680 during the measured commits
OK
