backend pmem (MAP_SYNC + CLWB/SFENCE)
region file /mnt/pmem0/clwb/wizard-pwbench-u1000-p89628-0.region
writeback auto (production CPUID selection), CPUID selects CLWB
region 512 blocks of 2048 bytes, scratch 1 blocks
entry stride 8 bytes
apply batch
commits measured 120000, entries per commit 24
persist boundaries 120000, prepare calls 2160000
boundaries per commit x1000 1000, clwb lines 2160000
tsc cycles per microsecond 3417
boundary cycles: min 19 median 26 p90 28
boundary cycles: p99 30 max 752
boundary ns: min 5 median 7 p90 8
boundary ns: p99 8 max 220
total boundary cycles 3082993
total prepare cycles 54997319
measured wall ns 659751072, boundary share x1000 25
wall ns per commit 5497
minor faults 28680 during the measured commits
OK
