backend pmem (MAP_SYNC + CLWB/SFENCE)
region file /mnt/pmem0/clwb/wizard-pwbench-u1000-p89736-0.region
writeback auto (production CPUID selection), CPUID selects CLWB
region 512 blocks of 2048 bytes, scratch 1 blocks
entry stride 8 bytes
apply batch
commits measured 120000, entries per commit 8
persist boundaries 120000, prepare calls 960000
boundaries per commit x1000 1000, clwb lines 960000
tsc cycles per microsecond 3417
boundary cycles: min 15 median 22 p90 25
boundary cycles: p99 29 max 3123
boundary ns: min 4 median 6 p90 7
boundary ns: p99 8 max 913
total boundary cycles 2766594
total prepare cycles 23958035
measured wall ns 252066120, boundary share x1000 31
wall ns per commit 2100
minor faults 9929 during the measured commits
OK
