backend pmem (MAP_SYNC + CLWB/SFENCE)
region file /mnt/pmem0/clwb/wizard-pwbench-u1000-p21624-0.region
writeback none -- no writeback, timing only, the region is NOT durable, CPUID selects CLWB
region 512 blocks of 2048 bytes, scratch 1 blocks
entry stride 8 bytes
apply batch
commits measured 20000, entries per commit 24
persist boundaries 20000, prepare calls 360000
boundaries per commit x1000 1000, clwb lines 360000
tsc cycles per microsecond 3417
boundary cycles: min 25 median 28 p90 40
boundary cycles: p99 53 max 4821
boundary ns: min 7 median 8 p90 11
boundary ns: p99 15 max 1410
total boundary cycles 615096
total prepare cycles 9668995
measured wall ns 212075508, boundary share x1000 14
wall ns per commit 10603
minor faults 4768 during the measured commits
OK timing-only: writeback=none, the region was never durable
