backend pmem (MAP_SYNC + CLWB/SFENCE)
region file /mnt/pmem0/clwb/wizard-pwbench-u1000-p23553-0.region
writeback none -- no writeback, timing only, the region is NOT durable, CPUID selects CLWB
region 512 blocks of 2048 bytes, scratch 1 blocks
entry stride 8 bytes
apply batch
commits measured 20000, entries per commit 24
persist boundaries 20000, prepare calls 360000
boundaries per commit x1000 1000, clwb lines 360000
tsc cycles per microsecond 3417
boundary cycles: min 25 median 28 p90 36
boundary cycles: p99 49 max 214
boundary ns: min 7 median 8 p90 10
boundary ns: p99 14 max 62
total boundary cycles 598605
total prepare cycles 9548877
measured wall ns 188133287, boundary share x1000 15
wall ns per commit 9406
minor faults 4768 during the measured commits
OK timing-only: writeback=none, the region was never durable
