backend pmem (MAP_SYNC + CLWB/SFENCE)
region file /mnt/pmem0/clwb/wizard-pwbench-u1000-p22102-0.region
writeback CLFLUSHOPT, CPUID selects CLWB
region 512 blocks of 2048 bytes, scratch 1 blocks
entry stride 8 bytes
apply entry
commits measured 120000, entries per commit 8
persist boundaries 120000, prepare calls 1680000
boundaries per commit x1000 1000, clwb lines 1680000
tsc cycles per microsecond 3417
boundary cycles: min 25 median 28 p90 30
boundary cycles: p99 31 max 5909
boundary ns: min 7 median 8 p90 8
boundary ns: p99 9 max 1729
total boundary cycles 3356444
total prepare cycles 60906285
measured wall ns 538675968, boundary share x1000 34
wall ns per commit 4488
minor faults 9929 during the measured commits
OK
