backend pmem (MAP_SYNC + CLWB/SFENCE)
region file /mnt/pmem0/clwb/wizard-pwbench-u1000-p22682-0.region
writeback CLFLUSHOPT, CPUID selects CLWB
region 512 blocks of 2048 bytes, scratch 1 blocks
entry stride 8 bytes
apply batch
commits measured 120000, entries per commit 8
persist boundaries 120000, prepare calls 960000
boundaries per commit x1000 1000, clwb lines 960000
tsc cycles per microsecond 3417
boundary cycles: min 24 median 28 p90 30
boundary cycles: p99 35 max 6135
boundary ns: min 7 median 8 p90 8
boundary ns: p99 10 max 1795
total boundary cycles 3371989
total prepare cycles 33092759
measured wall ns 539039767, boundary share x1000 19
wall ns per commit 4491
minor faults 9929 during the measured commits
OK
