backend pmem (MAP_SYNC + CLWB/SFENCE)
region file /mnt/pmem0/clwb/wizard-pwbench-u1000-p21345-0.region
writeback CLFLUSHOPT, CPUID selects CLWB
region 512 blocks of 2048 bytes, scratch 1 blocks
entry stride 8 bytes
apply batch
commits measured 120000, entries per commit 8
persist boundaries 120000, prepare calls 960000
boundaries per commit x1000 1000, clwb lines 960000
tsc cycles per microsecond 3417
boundary cycles: min 23 median 28 p90 30
boundary cycles: p99 35 max 6650
boundary ns: min 6 median 8 p90 8
boundary ns: p99 10 max 1946
total boundary cycles 3409515
total prepare cycles 33218001
measured wall ns 484670161, boundary share x1000 22
wall ns per commit 4038
minor faults 9929 during the measured commits
OK
