backend pmem (MAP_SYNC + CLWB/SFENCE)
region file /mnt/pmem0/clwb/wizard-pwbench-u1000-p20691-0.region
writeback CLFLUSHOPT, CPUID selects CLWB
region 512 blocks of 2048 bytes, scratch 1 blocks
entry stride 8 bytes
apply batch
commits measured 120000, entries per commit 8
persist boundaries 120000, prepare calls 960000
boundaries per commit x1000 1000, clwb lines 960000
tsc cycles per microsecond 3417
boundary cycles: min 23 median 28 p90 30
boundary cycles: p99 35 max 7023
boundary ns: min 6 median 8 p90 8
boundary ns: p99 10 max 2055
total boundary cycles 3368604
total prepare cycles 32755375
measured wall ns 526132581, boundary share x1000 20
wall ns per commit 4384
minor faults 9929 during the measured commits
OK
