backend pmem (MAP_SYNC + CLWB/SFENCE)
region file /mnt/pmem0/clwb/wizard-pwbench-u1000-p23872-0.region
writeback auto (production CPUID selection), CPUID selects CLWB
region 512 blocks of 2048 bytes, scratch 1 blocks
entry stride 8 bytes
apply entry
commits measured 120000, entries per commit 8
persist boundaries 120000, prepare calls 1680000
boundaries per commit x1000 1000, clwb lines 1680000
tsc cycles per microsecond 3417
boundary cycles: min 23 median 28 p90 30
boundary cycles: p99 32 max 4707
boundary ns: min 6 median 8 p90 8
boundary ns: p99 9 max 1377
total boundary cycles 3354186
total prepare cycles 71492875
measured wall ns 600153379, boundary share x1000 36
wall ns per commit 5001
minor faults 9929 during the measured commits
OK
