backend pmem (MAP_SYNC + CLWB/SFENCE)
region file /mnt/pmem0/clwb/wizard-pwbench-u1000-p21573-0.region
writeback CLFLUSHOPT, CPUID selects CLWB
region 512 blocks of 2048 bytes, scratch 1 blocks
entry stride 8 bytes
apply batch
commits measured 120000, entries per commit 24
persist boundaries 120000, prepare calls 2160000
boundaries per commit x1000 1000, clwb lines 2160000
tsc cycles per microsecond 3417
boundary cycles: min 23 median 28 p90 30
boundary cycles: p99 40 max 49417
boundary ns: min 6 median 8 p90 8
boundary ns: p99 11 max 14462
total boundary cycles 3547603
total prepare cycles 75627252
measured wall ns 1197465867, boundary share x1000 19
wall ns per commit 9978
minor faults 28680 during the measured commits
OK
