backend pmem (MAP_SYNC + CLWB/SFENCE)
region file /mnt/pmem0/clwb/wizard-pwbench-u1000-p28463-0.region
writeback none -- no writeback, timing only, the region is NOT durable, CPUID selects CLWB
region 512 blocks of 2048 bytes, scratch 1 blocks
entry stride 8 bytes
apply batch
commits measured 120000, entries per commit 24
persist boundaries 120000, prepare calls 2160000
boundaries per commit x1000 1000, clwb lines 2160000
tsc cycles per microsecond 3417
boundary cycles: min 25 median 28 p90 41
boundary cycles: p99 57 max 5437
boundary ns: min 7 median 8 p90 11
boundary ns: p99 16 max 1591
total boundary cycles 3688377
total prepare cycles 58577652
measured wall ns 1251000400, boundary share x1000 14
wall ns per commit 10425
minor faults 28680 during the measured commits
OK timing-only: writeback=none, the region was never durable
