backend pmem (MAP_SYNC + CLWB/SFENCE)
region file /mnt/pmem0/clwb/wizard-pwbench-u1000-p21254-0.region
writeback auto (production CPUID selection), CPUID selects CLWB
region 512 blocks of 2048 bytes, scratch 1 blocks
entry stride 8 bytes
apply batch
commits measured 20000, entries per commit 8
persist boundaries 20000, prepare calls 160000
boundaries per commit x1000 1000, clwb lines 160000
tsc cycles per microsecond 3417
boundary cycles: min 23 median 28 p90 30
boundary cycles: p99 35 max 111
boundary ns: min 6 median 8 p90 8
boundary ns: p99 10 max 32
total boundary cycles 559328
total prepare cycles 6518287
measured wall ns 77083642, boundary share x1000 26
wall ns per commit 3854
minor faults 1642 during the measured commits
OK
