backend pmem (MAP_SYNC + CLWB/SFENCE)
region file /mnt/pmem0/clwb/wizard-pwbench-u1000-p23223-0.region
writeback auto (production CPUID selection), CPUID selects CLWB
region 512 blocks of 2048 bytes, scratch 1 blocks
entry stride 8 bytes
apply batch
commits measured 120000, entries per commit 8
persist boundaries 120000, prepare calls 960000
boundaries per commit x1000 1000, clwb lines 960000
tsc cycles per microsecond 3417
boundary cycles: min 23 median 28 p90 30
boundary cycles: p99 34 max 5528
boundary ns: min 6 median 8 p90 8
boundary ns: p99 9 max 1617
total boundary cycles 3359757
total prepare cycles 38874478
measured wall ns 523578844, boundary share x1000 23
wall ns per commit 4363
minor faults 9929 during the measured commits
OK
