backend pmem (MAP_SYNC + CLWB/SFENCE)
region file /mnt/pmem0/clwb/wizard-pwbench-u1000-p24149-0.region
writeback CLFLUSHOPT, CPUID selects CLWB
region 512 blocks of 2048 bytes, scratch 1 blocks
entry stride 8 bytes
apply entry
commits measured 120000, entries per commit 24
persist boundaries 120000, prepare calls 4560000
boundaries per commit x1000 1000, clwb lines 4560000
tsc cycles per microsecond 3417
boundary cycles: min 25 median 28 p90 30
boundary cycles: p99 39 max 7476
boundary ns: min 7 median 8 p90 8
boundary ns: p99 11 max 2187
total boundary cycles 3412633
total prepare cycles 194775343
measured wall ns 1410663941, boundary share x1000 41
wall ns per commit 11755
minor faults 28680 during the measured commits
OK
