backend file (mmap + msync/fdatasync)
directory /mnt/pmem0.0/sean/
region 256 blocks of 4096 bytes, rounds 20
segment span 32512 integers, capacity 167 segments, live segments 2
steps per round: warmup 8, measured 159
primes below 5429504: 376256 (reference sieve agrees)
steps measured 3180
tsc cycles per microsecond 2294
wall ns per step 518700
step ns: mean 518816
step ns: min 475292 median 519057 p90 535417
step ns: p99 560137 max 1580005
phase compute ns per step 424664
phase alloc ns per step 29431
phase bitmap ns per step 19936
phase publish ns per step 20916
phase retire ns per step 23847
boundaries per step x1000 4000
prepare calls per step x1000 11666
clwb lines per step x1000 0
minor faults per step x1000 12809
OK
