backend direct (pwrite + O_DIRECT + fdatasync) on a file
directory /home/users/u7599095
region 256 blocks of 4096 bytes, rounds 20
segment span 32512 integers, capacity 167 segments, live segments 2
steps per round: warmup 8, measured 159
primes below 5429504: 376256 (reference sieve agrees)
steps measured 3180
tsc cycles per microsecond 2294
wall ns per step 2692988
step ns: mean 2693650
step ns: min 1439288 median 2640213 p90 3139121
step ns: p99 3964020 max 53872918
phase compute ns per step 1152293
phase alloc ns per step 462708
phase bitmap ns per step 680908
phase publish ns per step 187243
phase retire ns per step 210400
boundaries per step x1000 4000
prepare calls per step x1000 11666
clwb lines per step x1000 0
minor faults per step x1000 2140
OK
