backend file (mmap + msync/fdatasync)
directory /mnt/pmem0.0/sean/
region 256 blocks of 4096 bytes, rounds 20
segment span 32512 integers, capacity 167 segments, live segments 2
steps per round: warmup 8, measured 159
primes below 5429504: 376256 (reference sieve agrees)
steps measured 3180
tsc cycles per microsecond 2294
wall ns per step 520862
step ns: mean 520979
step ns: min 478565 median 520911 p90 537898
step ns: p99 564533 max 1193368
phase compute ns per step 426702
phase alloc ns per step 29472
phase bitmap ns per step 19932
phase publish ns per step 20978
phase retire ns per step 23872
boundaries per step x1000 4000
prepare calls per step x1000 11666
clwb lines per step x1000 0
minor faults per step x1000 12809
OK
