backend file (mmap + msync/fdatasync)
directory /mnt/pmem0.0/sean/
region 256 blocks of 4096 bytes, rounds 20
segment span 32512 integers, capacity 167 segments, live segments 2
steps per round: warmup 8, measured 159
primes below 5429504: 376256 (reference sieve agrees)
steps measured 3180
tsc cycles per microsecond 2294
wall ns per step 521301
step ns: mean 521416
step ns: min 478511 median 521489 p90 538132
step ns: p99 565836 max 1268980
phase compute ns per step 427067
phase alloc ns per step 29432
phase bitmap ns per step 19926
phase publish ns per step 21184
phase retire ns per step 23785
boundaries per step x1000 4000
prepare calls per step x1000 11666
clwb lines per step x1000 0
minor faults per step x1000 12809
OK
